Java HotSpot(TM) 64-Bit Server VM (25.91-b14) for linux-amd64 JRE (1.8.0_91-b14), built on Apr  1 2016 00:57:21 by "java_re" with gcc 4.3.0 20080428 (Red Hat 4.3.0-8)
Memory: 4k page, physical 8101600k(5776824k free), swap 3905532k(2542788k free)
CommandLine flags: -XX:CMSParPromoteBlocksToClaim=16 -XX:InitialHeapSize=5368709120 -XX:InitialTenuringThreshold=6 -XX:MaxHeapSize=5368709120 -XX:MaxNewSize=1789571072 -XX:MaxTenuringThreshold=6 -XX:NewSize=1789571072 -XX:OldPLABSize=16 -XX:OldSize=3579138048 -XX:+PrintGC -XX:+PrintGCDetails -XX:+PrintGCTimeStamps -XX:+UseCompressedClassPointers -XX:+UseCompressedOops -XX:+UseConcMarkSweepGC -XX:+UseParNewGC 
0.580: [GC (Allocation Failure) 0.580: [ParNew: 1398144K->174719K(1572864K), 0.5815007 secs] 1398144K->1337631K(5068160K), 0.5815772 secs] [Times: user=0.92 sys=0.38, real=0.58 secs] 
1.337: [GC (Allocation Failure) 1.337: [ParNew: 1572863K->174720K(1572864K), 0.4360878 secs] 2735775K->2735800K(5068160K), 0.4361896 secs] [Times: user=1.77 sys=0.56, real=0.43 secs] 
1.773: [GC (CMS Initial Mark) [1 CMS-initial-mark: 2561080K(3495296K)] 2763401K(5068160K), 0.0022141 secs] [Times: user=0.02 sys=0.00, real=0.01 secs] 
1.775: [CMS-concurrent-mark-start]
1.969: [CMS-concurrent-mark: 0.194/0.194 secs] [Times: user=0.50 sys=0.03, real=0.19 secs] 
1.969: [CMS-concurrent-preclean-start]
1.973: [CMS-concurrent-preclean: 0.005/0.005 secs] [Times: user=0.01 sys=0.00, real=0.01 secs] 
1.974: [CMS-concurrent-abortable-preclean-start]
1.974: [CMS-concurrent-abortable-preclean: 0.000/0.000 secs] [Times: user=0.00 sys=0.00, real=0.00 secs] 
1.974: [GC (CMS Final Remark) [YG occupancy: 1209665 K (1572864 K)]1.974: [Rescan (parallel) , 0.0342881 secs]2.008: [weak refs processing, 0.0000241 secs]2.008: [class unloading, 0.0005445 secs]2.009: [scrub symbol table, 0.0004233 secs]2.009: [scrub string table, 0.0001552 secs][1 CMS-remark: 2561080K(3495296K)] 3770746K(5068160K), 0.0355762 secs] [Times: user=0.27 sys=0.00, real=0.03 secs] 
2.009: [CMS-concurrent-sweep-start]
2.126: [CMS-concurrent-sweep: 0.116/0.116 secs] [Times: user=0.12 sys=0.01, real=0.12 secs] 
2.126: [CMS-concurrent-reset-start]
2.133: [CMS-concurrent-reset: 0.007/0.007 secs] [Times: user=0.01 sys=0.00, real=0.00 secs] 
4.133: [GC (CMS Initial Mark) [1 CMS-initial-mark: 2560716K(3495296K)] 3895851K(5068160K), 0.0288507 secs] [Times: user=0.12 sys=0.00, real=0.03 secs] 
4.162: [CMS-concurrent-mark-start]
4.298: [CMS-concurrent-mark: 0.136/0.136 secs] [Times: user=0.41 sys=0.01, real=0.14 secs] 
4.298: [CMS-concurrent-preclean-start]
4.302: [CMS-concurrent-preclean: 0.004/0.004 secs] [Times: user=0.01 sys=0.00, real=0.00 secs] 
4.302: [CMS-concurrent-abortable-preclean-start]
4.302: [CMS-concurrent-abortable-preclean: 0.000/0.000 secs] [Times: user=0.00 sys=0.00, real=0.00 secs] 
4.302: [GC (CMS Final Remark) [YG occupancy: 1362734 K (1572864 K)]4.302: [Rescan (parallel) , 0.0339389 secs]4.336: [weak refs processing, 0.0000112 secs]4.336: [class unloading, 0.0005069 secs]4.336: [scrub symbol table, 0.0004015 secs]4.337: [scrub string table, 0.0001478 secs][1 CMS-remark: 2560716K(3495296K)] 3923450K(5068160K), 0.0350829 secs] [Times: user=0.24 sys=0.01, real=0.04 secs] 
4.337: [CMS-concurrent-sweep-start]
4.453: [CMS-concurrent-sweep: 0.117/0.117 secs] [Times: user=0.24 sys=0.00, real=0.12 secs] 
4.454: [CMS-concurrent-reset-start]
4.460: [CMS-concurrent-reset: 0.006/0.006 secs] [Times: user=0.01 sys=0.00, real=0.00 secs] 
6.459: [GC (CMS Initial Mark) [1 CMS-initial-mark: 2560716K(3495296K)] 4062173K(5068160K), 0.0357017 secs] [Times: user=0.21 sys=0.00, real=0.04 secs] 
6.495: [CMS-concurrent-mark-start]
6.633: [CMS-concurrent-mark: 0.136/0.138 secs] [Times: user=0.29 sys=0.00, real=0.13 secs] 
6.633: [CMS-concurrent-preclean-start]
6.637: [CMS-concurrent-preclean: 0.004/0.004 secs] [Times: user=0.00 sys=0.00, real=0.01 secs] 
6.637: [CMS-concurrent-abortable-preclean-start]
6.637: [CMS-concurrent-abortable-preclean: 0.000/0.000 secs] [Times: user=0.00 sys=0.00, real=0.00 secs] 
6.637: [GC (CMS Final Remark) [YG occupancy: 1501457 K (1572864 K)]6.637: [Rescan (parallel) , 0.0348159 secs]6.672: [weak refs processing, 0.0000224 secs]6.672: [class unloading, 0.0008972 secs]6.673: [scrub symbol table, 0.0005735 secs]6.673: [scrub string table, 0.0002336 secs][1 CMS-remark: 2560716K(3495296K)] 4062173K(5068160K), 0.0366714 secs] [Times: user=0.26 sys=0.01, real=0.04 secs] 
6.674: [CMS-concurrent-sweep-start]
6.787: [CMS-concurrent-sweep: 0.113/0.113 secs] [Times: user=0.12 sys=0.01, real=0.11 secs] 
6.787: [CMS-concurrent-reset-start]
6.794: [CMS-concurrent-reset: 0.007/0.007 secs] [Times: user=0.00 sys=0.00, real=0.01 secs] 
8.546: [GC (Allocation Failure) 8.546: [ParNew: 1572864K->1572864K(1572864K), 0.0000143 secs]8.546: [CMS: 2560715K->3314979K(3495296K), 17.9108601 secs] 4133579K->3785589K(5068160K), [Metaspace: 9624K->9624K(1058816K)], 17.9109628 secs] [Times: user=1.25 sys=0.19, real=17.91 secs] 
26.489: [GC (CMS Initial Mark) [1 CMS-initial-mark: 3314979K(3495296K)] 3826122K(5068160K), 0.0309382 secs] [Times: user=0.04 sys=0.00, real=0.03 secs] 
26.520: [CMS-concurrent-mark-start]
26.734: [CMS-concurrent-mark: 0.208/0.214 secs] [Times: user=0.64 sys=0.01, real=0.22 secs] 
26.734: [CMS-concurrent-preclean-start]
26.941: [CMS-concurrent-preclean: 0.207/0.207 secs] [Times: user=0.42 sys=0.00, real=0.20 secs] 
26.941: [CMS-concurrent-abortable-preclean-start]
26.941: [CMS-concurrent-abortable-preclean: 0.000/0.000 secs] [Times: user=0.00 sys=0.00, real=0.00 secs] 
26.941: [GC (CMS Final Remark) [YG occupancy: 518134 K (1572864 K)]26.941: [Rescan (parallel) , 0.0430237 secs]26.984: [weak refs processing, 0.0000335 secs]26.984: [class unloading, 0.0009287 secs]26.985: [scrub symbol table, 0.0005540 secs]26.986: [scrub string table, 0.0002363 secs][1 CMS-remark: 3314979K(3495296K)] 3833113K(5068160K), 0.0448875 secs] [Times: user=0.29 sys=0.00, real=0.05 secs] 
26.986: [CMS-concurrent-sweep-start]
27.140: [CMS-concurrent-sweep: 0.154/0.154 secs] [Times: user=0.31 sys=0.01, real=0.15 secs] 
27.140: [CMS-concurrent-reset-start]
27.147: [CMS-concurrent-reset: 0.007/0.007 secs] [Times: user=0.01 sys=0.00, real=0.01 secs] 
29.147: [GC (CMS Initial Mark) [1 CMS-initial-mark: 3314976K(3495296K)] 3921854K(5068160K), 0.0348909 secs] [Times: user=0.07 sys=0.00, real=0.03 secs] 
29.182: [CMS-concurrent-mark-start]
29.350: [CMS-concurrent-mark: 0.168/0.168 secs] [Times: user=0.34 sys=0.00, real=0.17 secs] 
29.350: [CMS-concurrent-preclean-start]
29.361: [CMS-concurrent-preclean: 0.011/0.011 secs] [Times: user=0.02 sys=0.00, real=0.01 secs] 
29.361: [CMS-concurrent-abortable-preclean-start]
29.362: [CMS-concurrent-abortable-preclean: 0.000/0.000 secs] [Times: user=0.00 sys=0.00, real=0.00 secs] 
29.362: [GC (CMS Final Remark) [YG occupancy: 606877 K (1572864 K)]29.362: [Rescan (parallel) , 0.0421475 secs]29.404: [weak refs processing, 0.0000327 secs]29.404: [class unloading, 0.0008760 secs]29.405: [scrub symbol table, 0.0005527 secs]29.405: [scrub string table, 0.0002388 secs][1 CMS-remark: 3314976K(3495296K)] 3921854K(5068160K), 0.0439454 secs] [Times: user=0.32 sys=0.00, real=0.05 secs] 
29.406: [CMS-concurrent-sweep-start]
29.546: [CMS-concurrent-sweep: 0.141/0.141 secs] [Times: user=0.16 sys=0.01, real=0.14 secs] 
29.546: [CMS-concurrent-reset-start]
29.553: [CMS-concurrent-reset: 0.006/0.006 secs] [Times: user=0.00 sys=0.00, real=0.00 secs] 
36.653: [GC (CMS Initial Mark) [1 CMS-initial-mark: 3314976K(3495296K)] 3921854K(5068160K), 0.0452003 secs] [Times: user=0.08 sys=0.01, real=0.04 secs] 
36.699: [CMS-concurrent-mark-start]
36.865: [CMS-concurrent-mark: 0.165/0.166 secs] [Times: user=0.34 sys=0.00, real=0.16 secs] 
36.865: [CMS-concurrent-preclean-start]
36.869: [CMS-concurrent-preclean: 0.004/0.004 secs] [Times: user=0.00 sys=0.00, real=0.01 secs] 
36.869: [CMS-concurrent-abortable-preclean-start]
36.869: [CMS-concurrent-abortable-preclean: 0.000/0.000 secs] [Times: user=0.00 sys=0.00, real=0.00 secs] 
36.869: [GC (CMS Final Remark) [YG occupancy: 606877 K (1572864 K)]36.869: [Rescan (parallel) , 0.0390407 secs]36.908: [weak refs processing, 0.0000130 secs]37.905: [class unloading, 0.0013192 secs]37.907: [scrub symbol table, 0.0007052 secs]37.907: [scrub string table, 0.0003023 secs][1 CMS-remark: 3314976K(3495296K)] 3921854K(5068160K), 1.0389036 secs] [Times: user=0.30 sys=0.00, real=1.04 secs] 
37.908: [CMS-concurrent-sweep-start]
38.128: [CMS-concurrent-sweep: 0.181/0.220 secs] [Times: user=0.40 sys=0.03, real=0.22 secs] 
38.128: [CMS-concurrent-reset-start]
38.135: [CMS-concurrent-reset: 0.007/0.007 secs] [Times: user=0.02 sys=0.00, real=0.01 secs] 
40.134: [GC (CMS Initial Mark) [1 CMS-initial-mark: 3314976K(3495296K)] 4001510K(5068160K), 0.0375328 secs] [Times: user=0.12 sys=0.00, real=0.03 secs] 
40.172: [CMS-concurrent-mark-start]
40.337: [CMS-concurrent-mark: 0.165/0.165 secs] [Times: user=0.34 sys=0.00, real=0.17 secs] 
40.337: [CMS-concurrent-preclean-start]
40.347: [CMS-concurrent-preclean: 0.010/0.010 secs] [Times: user=0.01 sys=0.00, real=0.01 secs] 
40.347: [CMS-concurrent-abortable-preclean-start]
40.347: [CMS-concurrent-abortable-preclean: 0.000/0.000 secs] [Times: user=0.00 sys=0.00, real=0.00 secs] 
40.348: [GC (CMS Final Remark) [YG occupancy: 686533 K (1572864 K)]40.348: [Rescan (parallel) , 0.0441103 secs]40.392: [weak refs processing, 0.0000328 secs]40.392: [class unloading, 0.0009540 secs]40.393: [scrub symbol table, 0.0005442 secs]40.393: [scrub string table, 0.0002654 secs][1 CMS-remark: 3314976K(3495296K)] 4001510K(5068160K), 0.0460396 secs] [Times: user=0.35 sys=0.00, real=0.05 secs] 
40.394: [CMS-concurrent-sweep-start]
40.541: [CMS-concurrent-sweep: 0.147/0.148 secs] [Times: user=0.18 sys=0.02, real=0.14 secs] 
40.541: [CMS-concurrent-reset-start]
40.548: [CMS-concurrent-reset: 0.007/0.007 secs] [Times: user=0.00 sys=0.00, real=0.01 secs] 
42.548: [GC (CMS Initial Mark) [1 CMS-initial-mark: 3314976K(3495296K)] 4081166K(5068160K), 0.0379637 secs] [Times: user=0.14 sys=0.00, real=0.04 secs] 
42.586: [CMS-concurrent-mark-start]
42.752: [CMS-concurrent-mark: 0.166/0.166 secs] [Times: user=0.33 sys=0.02, real=0.16 secs] 
42.752: [CMS-concurrent-preclean-start]
42.762: [CMS-concurrent-preclean: 0.010/0.010 secs] [Times: user=0.01 sys=0.00, real=0.01 secs] 
42.762: [CMS-concurrent-abortable-preclean-start]
42.762: [CMS-concurrent-abortable-preclean: 0.000/0.000 secs] [Times: user=0.00 sys=0.00, real=0.00 secs] 
43.301: [GC (CMS Final Remark) [YG occupancy: 766189 K (1572864 K)]43.301: [Rescan (parallel) , 0.0464953 secs]43.348: [weak refs processing, 0.0000335 secs]43.348: [class unloading, 0.0010469 secs]43.349: [scrub symbol table, 0.0007844 secs]43.350: [scrub string table, 0.0002619 secs][1 CMS-remark: 3314976K(3495296K)] 4081166K(5068160K), 0.0487895 secs] [Times: user=0.36 sys=0.00, real=0.05 secs] 
43.350: [CMS-concurrent-sweep-start]
43.576: [CMS-concurrent-sweep: 0.201/0.226 secs] [Times: user=0.37 sys=0.02, real=0.23 secs] 
43.576: [CMS-concurrent-reset-start]
43.584: [CMS-concurrent-reset: 0.008/0.008 secs] [Times: user=0.02 sys=0.00, real=0.00 secs] 
45.756: [GC (CMS Initial Mark) [1 CMS-initial-mark: 3314976K(3495296K)] 4160822K(5068160K), 0.2347460 secs] [Times: user=0.17 sys=0.01, real=0.23 secs] 
45.991: [CMS-concurrent-mark-start]
46.156: [CMS-concurrent-mark: 0.164/0.165 secs] [Times: user=0.33 sys=0.00, real=0.17 secs] 
46.156: [CMS-concurrent-preclean-start]
46.165: [CMS-concurrent-preclean: 0.009/0.009 secs] [Times: user=0.01 sys=0.00, real=0.00 secs] 
46.165: [CMS-concurrent-abortable-preclean-start]
46.165: [CMS-concurrent-abortable-preclean: 0.000/0.000 secs] [Times: user=0.00 sys=0.00, real=0.00 secs] 
46.165: [GC (CMS Final Remark) [YG occupancy: 845845 K (1572864 K)]46.165: [Rescan (parallel) , 0.0459180 secs]46.211: [weak refs processing, 0.0000127 secs]46.211: [class unloading, 0.0009812 secs]46.212: [scrub symbol table, 0.0005863 secs]46.213: [scrub string table, 0.0002444 secs][1 CMS-remark: 3314976K(3495296K)] 4160822K(5068160K), 0.0478602 secs] [Times: user=0.36 sys=0.00, real=0.05 secs] 
46.213: [CMS-concurrent-sweep-start]
46.361: [CMS-concurrent-sweep: 0.148/0.148 secs] [Times: user=0.15 sys=0.00, real=0.15 secs] 
46.361: [CMS-concurrent-reset-start]
46.369: [CMS-concurrent-reset: 0.008/0.008 secs] [Times: user=0.01 sys=0.00, real=0.01 secs] 
48.369: [GC (CMS Initial Mark) [1 CMS-initial-mark: 3314976K(3495296K)] 4213926K(5068160K), 0.0412902 secs] [Times: user=0.21 sys=0.00, real=0.04 secs] 
48.410: [CMS-concurrent-mark-start]
48.579: [CMS-concurrent-mark: 0.168/0.169 secs] [Times: user=0.52 sys=0.00, real=0.17 secs] 
48.579: [CMS-concurrent-preclean-start]
48.589: [CMS-concurrent-preclean: 0.009/0.009 secs] [Times: user=0.01 sys=0.00, real=0.01 secs] 
48.589: [CMS-concurrent-abortable-preclean-start]
48.589: [CMS-concurrent-abortable-preclean: 0.000/0.000 secs] [Times: user=0.00 sys=0.00, real=0.00 secs] 
48.589: [GC (CMS Final Remark) [YG occupancy: 925501 K (1572864 K)]48.589: [Rescan (parallel) , 0.0447260 secs]48.634: [weak refs processing, 0.0000116 secs]48.634: [class unloading, 0.0010007 secs]48.635: [scrub symbol table, 0.0005482 secs]48.635: [scrub string table, 0.0002764 secs][1 CMS-remark: 3314976K(3495296K)] 4240478K(5068160K), 0.0466977 secs] [Times: user=0.36 sys=0.00, real=0.05 secs] 
48.636: [CMS-concurrent-sweep-start]
48.781: [CMS-concurrent-sweep: 0.145/0.145 secs] [Times: user=0.28 sys=0.01, real=0.14 secs] 
48.781: [CMS-concurrent-reset-start]
48.787: [CMS-concurrent-reset: 0.006/0.006 secs] [Times: user=0.01 sys=0.00, real=0.01 secs] 
50.787: [GC (CMS Initial Mark) [1 CMS-initial-mark: 3314976K(3495296K)] 4267030K(5068160K), 0.1519571 secs] [Times: user=0.22 sys=0.00, real=0.15 secs] 
50.939: [CMS-concurrent-mark-start]
51.108: [CMS-concurrent-mark: 0.169/0.169 secs] [Times: user=0.51 sys=0.00, real=0.17 secs] 
51.305: [CMS-concurrent-preclean-start]
51.314: [CMS-concurrent-preclean: 0.008/0.008 secs] [Times: user=0.02 sys=0.00, real=0.01 secs] 
51.513: [CMS-concurrent-abortable-preclean-start]
51.513: [CMS-concurrent-abortable-preclean: 0.000/0.000 secs] [Times: user=0.00 sys=0.00, real=0.00 secs] 
51.713: [GC (CMS Final Remark) [YG occupancy: 1005157 K (1572864 K)]51.713: [Rescan (parallel) , 0.0493718 secs]51.763: [weak refs processing, 0.0000238 secs]51.763: [class unloading, 0.0012314 secs]51.764: [scrub symbol table, 0.0005653 secs]51.765: [scrub string table, 0.0002415 secs][1 CMS-remark: 3314976K(3495296K)] 4320134K(5068160K), 0.0516125 secs] [Times: user=0.38 sys=0.01, real=0.04 secs] 
51.765: [CMS-concurrent-sweep-start]
51.912: [CMS-concurrent-sweep: 0.147/0.147 secs] [Times: user=0.30 sys=0.00, real=0.15 secs] 
51.912: [CMS-concurrent-reset-start]
51.919: [CMS-concurrent-reset: 0.007/0.007 secs] [Times: user=0.02 sys=0.00, real=0.01 secs] 
54.117: [GC (CMS Initial Mark) [1 CMS-initial-mark: 3314976K(3495296K)] 4320134K(5068160K), 0.0449582 secs] [Times: user=0.24 sys=0.00, real=0.04 secs] 
54.162: [CMS-concurrent-mark-start]
54.326: [CMS-concurrent-mark: 0.164/0.164 secs] [Times: user=0.33 sys=0.00, real=0.17 secs] 
54.326: [CMS-concurrent-preclean-start]
54.333: [CMS-concurrent-preclean: 0.006/0.007 secs] [Times: user=0.00 sys=0.00, real=0.00 secs] 
54.333: [CMS-concurrent-abortable-preclean-start]
54.333: [CMS-concurrent-abortable-preclean: 0.000/0.000 secs] [Times: user=0.00 sys=0.00, real=0.00 secs] 
54.333: [GC (CMS Final Remark) [YG occupancy: 1005157 K (1572864 K)]54.333: [Rescan (parallel) , 0.0466537 secs]54.380: [weak refs processing, 0.0000111 secs]54.380: [class unloading, 0.0010057 secs]54.381: [scrub symbol table, 0.0005567 secs]54.381: [scrub string table, 0.0002365 secs][1 CMS-remark: 3314976K(3495296K)] 4320134K(5068160K), 0.0486279 secs] [Times: user=0.37 sys=0.01, real=0.05 secs] 
54.382: [CMS-concurrent-sweep-start]
54.523: [CMS-concurrent-sweep: 0.141/0.142 secs] [Times: user=0.15 sys=0.00, real=0.14 secs] 
54.523: [CMS-concurrent-reset-start]
54.530: [CMS-concurrent-reset: 0.006/0.006 secs] [Times: user=0.00 sys=0.00, real=0.01 secs] 
56.529: [GC (CMS Initial Mark) [1 CMS-initial-mark: 3314976K(3495296K)] 4373238K(5068160K), 0.0450039 secs] [Times: user=0.26 sys=0.01, real=0.05 secs] 
56.773: [CMS-concurrent-mark-start]
56.944: [CMS-concurrent-mark: 0.171/0.171 secs] [Times: user=0.51 sys=0.00, real=0.16 secs] 
56.944: [CMS-concurrent-preclean-start]
56.951: [CMS-concurrent-preclean: 0.006/0.007 secs] [Times: user=0.01 sys=0.00, real=0.01 secs] 
56.951: [CMS-concurrent-abortable-preclean-start]
56.951: [CMS-concurrent-abortable-preclean: 0.000/0.000 secs] [Times: user=0.00 sys=0.00, real=0.00 secs] 
56.951: [GC (CMS Final Remark) [YG occupancy: 1058261 K (1572864 K)]56.951: [Rescan (parallel) , 0.2485954 secs]57.397: [weak refs processing, 0.0000357 secs]57.597: [class unloading, 0.0012825 secs]57.598: [scrub symbol table, 0.1993104 secs]57.798: [scrub string table, 0.1997061 secs][1 CMS-remark: 3314976K(3495296K)] 4373238K(5068160K), 1.0463236 secs] [Times: user=0.35 sys=0.06, real=1.25 secs] 
58.197: [CMS-concurrent-sweep-start]
58.385: [CMS-concurrent-sweep: 0.146/0.187 secs] [Times: user=0.33 sys=0.02, real=0.18 secs] 
58.385: [CMS-concurrent-reset-start]
58.391: [CMS-concurrent-reset: 0.007/0.007 secs] [Times: user=0.02 sys=0.00, real=0.01 secs] 
60.391: [GC (CMS Initial Mark) [1 CMS-initial-mark: 3314976K(3495296K)] 4479446K(5068160K), 0.0430919 secs] [Times: user=0.30 sys=0.01, real=0.05 secs] 
60.434: [CMS-concurrent-mark-start]
60.634: [CMS-concurrent-mark: 0.199/0.200 secs] [Times: user=0.60 sys=0.01, real=0.20 secs] 
60.634: [CMS-concurrent-preclean-start]
60.641: [CMS-concurrent-preclean: 0.007/0.007 secs] [Times: user=0.02 sys=0.00, real=0.00 secs] 
60.641: [CMS-concurrent-abortable-preclean-start]
60.641: [CMS-concurrent-abortable-preclean: 0.000/0.000 secs] [Times: user=0.00 sys=0.00, real=0.00 secs] 
60.641: [GC (CMS Final Remark) [YG occupancy: 1164469 K (1572864 K)]60.642: [Rescan (parallel) , 0.0500385 secs]60.692: [weak refs processing, 0.0000117 secs]60.692: [class unloading, 0.0010410 secs]60.693: [scrub symbol table, 0.0005748 secs]60.693: [scrub string table, 0.0002443 secs][1 CMS-remark: 3314976K(3495296K)] 4479446K(5068160K), 0.0520839 secs] [Times: user=0.38 sys=0.00, real=0.06 secs] 
60.694: [CMS-concurrent-sweep-start]
60.851: [CMS-concurrent-sweep: 0.158/0.158 secs] [Times: user=0.20 sys=0.02, real=0.15 secs] 
60.886: [CMS-concurrent-reset-start]
60.892: [CMS-concurrent-reset: 0.006/0.006 secs] [Times: user=0.01 sys=0.00, real=0.00 secs] 
63.350: [GC (CMS Initial Mark) [1 CMS-initial-mark: 3314976K(3495296K)] 4559102K(5068160K), 0.0570754 secs] [Times: user=0.32 sys=0.00, real=0.06 secs] 
63.407: [CMS-concurrent-mark-start]
63.578: [CMS-concurrent-mark: 0.170/0.171 secs] [Times: user=0.36 sys=0.00, real=0.17 secs] 
63.578: [CMS-concurrent-preclean-start]
63.583: [CMS-concurrent-preclean: 0.005/0.005 secs] [Times: user=0.00 sys=0.00, real=0.00 secs] 
63.583: [CMS-concurrent-abortable-preclean-start]
63.583: [CMS-concurrent-abortable-preclean: 0.000/0.000 secs] [Times: user=0.00 sys=0.00, real=0.00 secs] 
63.583: [GC (CMS Final Remark) [YG occupancy: 1244125 K (1572864 K)]63.583: [Rescan (parallel) , 0.0579798 secs]63.641: [weak refs processing, 0.0000226 secs]63.641: [class unloading, 0.0012821 secs]63.643: [scrub symbol table, 0.0007274 secs]63.643: [scrub string table, 0.0002603 secs][1 CMS-remark: 3314976K(3495296K)] 4559102K(5068160K), 0.0604477 secs] [Times: user=0.46 sys=0.00, real=0.06 secs] 
63.644: [CMS-concurrent-sweep-start]
63.806: [CMS-concurrent-sweep: 0.162/0.162 secs] [Times: user=0.23 sys=0.03, real=0.17 secs] 
63.806: [CMS-concurrent-reset-start]
63.813: [CMS-concurrent-reset: 0.007/0.007 secs] [Times: user=0.03 sys=0.00, real=0.00 secs] 
66.457: [GC (CMS Initial Mark) [1 CMS-initial-mark: 3314976K(3495296K)] 4638758K(5068160K), 0.0527130 secs] [Times: user=0.38 sys=0.00, real=0.05 secs] 
66.510: [CMS-concurrent-mark-start]
66.676: [CMS-concurrent-mark: 0.164/0.165 secs] [Times: user=0.33 sys=0.02, real=0.17 secs] 
66.676: [CMS-concurrent-preclean-start]
66.680: [CMS-concurrent-preclean: 0.005/0.005 secs] [Times: user=0.00 sys=0.00, real=0.00 secs] 
66.680: [CMS-concurrent-abortable-preclean-start]
66.680: [CMS-concurrent-abortable-preclean: 0.000/0.000 secs] [Times: user=0.00 sys=0.00, real=0.00 secs] 
66.681: [GC (CMS Final Remark) [YG occupancy: 1323781 K (1572864 K)]66.681: [Rescan (parallel) , 0.0537082 secs]66.734: [weak refs processing, 0.0000111 secs]66.734: [class unloading, 0.0011345 secs]66.735: [scrub symbol table, 0.0005389 secs]66.736: [scrub string table, 0.0002373 secs][1 CMS-remark: 3314976K(3495296K)] 4638758K(5068160K), 0.0557822 secs] [Times: user=0.40 sys=0.00, real=0.06 secs] 
66.736: [CMS-concurrent-sweep-start]
66.884: [CMS-concurrent-sweep: 0.147/0.147 secs] [Times: user=0.15 sys=0.01, real=0.14 secs] 
66.884: [CMS-concurrent-reset-start]
66.890: [CMS-concurrent-reset: 0.006/0.006 secs] [Times: user=0.00 sys=0.00, real=0.01 secs] 
69.029: [GC (CMS Initial Mark) [1 CMS-initial-mark: 3314976K(3495296K)] 4713120K(5068160K), 0.0553163 secs] [Times: user=0.40 sys=0.00, real=0.05 secs] 
69.085: [CMS-concurrent-mark-start]
69.252: [CMS-concurrent-mark: 0.168/0.168 secs] [Times: user=0.51 sys=0.01, real=0.17 secs] 
69.252: [CMS-concurrent-preclean-start]
69.256: [CMS-concurrent-preclean: 0.004/0.004 secs] [Times: user=0.00 sys=0.00, real=0.01 secs] 
69.257: [CMS-concurrent-abortable-preclean-start]
69.257: [CMS-concurrent-abortable-preclean: 0.000/0.000 secs] [Times: user=0.00 sys=0.00, real=0.00 secs] 
69.257: [GC (CMS Final Remark) [YG occupancy: 1398144 K (1572864 K)]69.257: [Rescan (parallel) , 0.0549294 secs]69.312: [weak refs processing, 0.0000366 secs]69.312: [class unloading, 0.0012480 secs]69.313: [scrub symbol table, 0.0005722 secs]69.314: [scrub string table, 0.0002424 secs][1 CMS-remark: 3314976K(3495296K)] 4713120K(5068160K), 0.0571824 secs] [Times: user=0.43 sys=0.01, real=0.06 secs] 
69.314: [CMS-concurrent-sweep-start]
69.462: [CMS-concurrent-sweep: 0.148/0.148 secs] [Times: user=0.16 sys=0.01, real=0.14 secs] 
69.462: [CMS-concurrent-reset-start]
69.468: [CMS-concurrent-reset: 0.006/0.006 secs] [Times: user=0.00 sys=0.00, real=0.01 secs] 
71.468: [GC (CMS Initial Mark) [1 CMS-initial-mark: 3314976K(3495296K)] 4744877K(5068160K), 0.0586818 secs] [Times: user=0.40 sys=0.02, real=0.06 secs] 
71.526: [CMS-concurrent-mark-start]
71.699: [CMS-concurrent-mark: 0.172/0.172 secs] [Times: user=0.53 sys=0.01, real=0.17 secs] 
71.699: [CMS-concurrent-preclean-start]
71.703: [CMS-concurrent-preclean: 0.004/0.004 secs] [Times: user=0.00 sys=0.00, real=0.00 secs] 
71.703: [CMS-concurrent-abortable-preclean-start]
71.703: [CMS-concurrent-abortable-preclean: 0.000/0.000 secs] [Times: user=0.00 sys=0.00, real=0.00 secs] 
71.703: [GC (CMS Final Remark) [YG occupancy: 1435524 K (1572864 K)]71.703: [Rescan (parallel) , 0.2551124 secs]72.157: [weak refs processing, 0.2000045 secs]72.357: [class unloading, 0.2013222 secs]72.757: [scrub symbol table, 0.2007114 secs]72.958: [scrub string table, 0.0002908 secs][1 CMS-remark: 3314976K(3495296K)] 4750501K(5068160K), 1.2552151 secs] [Times: user=0.46 sys=0.06, real=1.26 secs] 
72.958: [CMS-concurrent-sweep-start]
73.132: [CMS-concurrent-sweep: 0.143/0.174 secs] [Times: user=0.32 sys=0.01, real=0.17 secs] 
73.132: [CMS-concurrent-reset-start]
73.138: [CMS-concurrent-reset: 0.006/0.006 secs] [Times: user=0.02 sys=0.00, real=0.01 secs] 
75.138: [GC (CMS Initial Mark) [1 CMS-initial-mark: 3314976K(3495296K)] 4822292K(5068160K), 0.0617371 secs] [Times: user=0.44 sys=0.01, real=0.06 secs] 
75.397: [CMS-concurrent-mark-start]
75.646: [CMS-concurrent-mark: 0.248/0.249 secs] [Times: user=0.74 sys=0.03, real=0.25 secs] 
75.646: [CMS-concurrent-preclean-start]
75.650: [CMS-concurrent-preclean: 0.004/0.004 secs] [Times: user=0.00 sys=0.00, real=0.00 secs] 
75.650: [CMS-concurrent-abortable-preclean-start]
75.650: [CMS-concurrent-abortable-preclean: 0.000/0.000 secs] [Times: user=0.00 sys=0.00, real=0.00 secs] 
75.651: [GC (CMS Final Remark) [YG occupancy: 1515298 K (1572864 K)]75.651: [Rescan (parallel) , 0.0611112 secs]75.712: [weak refs processing, 0.0000118 secs]75.712: [class unloading, 0.0011253 secs]75.713: [scrub symbol table, 0.0006137 secs]75.713: [scrub string table, 0.0002373 secs][1 CMS-remark: 3314976K(3495296K)] 4830274K(5068160K), 0.0632683 secs] [Times: user=0.49 sys=0.00, real=0.07 secs] 
75.714: [CMS-concurrent-sweep-start]
75.857: [CMS-concurrent-sweep: 0.143/0.143 secs] [Times: user=0.29 sys=0.00, real=0.14 secs] 
75.857: [CMS-concurrent-reset-start]
75.864: [CMS-concurrent-reset: 0.007/0.007 secs] [Times: user=0.02 sys=0.00, real=0.00 secs] 
77.428: [GC (Allocation Failure) 77.428: [ParNew: 1572864K->1572864K(1572864K), 0.0000326 secs]77.428: [CMS: 3314976K->3314976K(3495296K), 1.0425739 secs] 4887840K->3801109K(5068160K), [Metaspace: 9900K->9900K(1058816K)], 1.0426843 secs] [Times: user=1.05 sys=0.06, real=1.04 secs] 
78.829: [GC (CMS Initial Mark) [1 CMS-initial-mark: 3314976K(3495296K)] 3830436K(5068160K), 0.0474097 secs] [Times: user=0.05 sys=0.00, real=0.05 secs] 
78.877: [CMS-concurrent-mark-start]
79.124: [CMS-concurrent-mark: 0.245/0.248 secs] [Times: user=0.74 sys=0.02, real=0.24 secs] 
79.124: [CMS-concurrent-preclean-start]
79.328: [CMS-concurrent-preclean: 0.203/0.203 secs] [Times: user=0.40 sys=0.00, real=0.21 secs] 
79.328: [CMS-concurrent-abortable-preclean-start]
79.328: [CMS-concurrent-abortable-preclean: 0.000/0.000 secs] [Times: user=0.00 sys=0.00, real=0.00 secs] 
80.093: [GC (CMS Final Remark) [YG occupancy: 524552 K (1572864 K)]80.093: [Rescan (parallel) , 0.0586421 secs]80.152: [weak refs processing, 0.0000224 secs]80.152: [class unloading, 0.0012040 secs]80.153: [scrub symbol table, 0.0005999 secs]80.154: [scrub string table, 0.0002803 secs][1 CMS-remark: 3314976K(3495296K)] 3839528K(5068160K), 0.0609763 secs] [Times: user=0.40 sys=0.01, real=0.06 secs] 
80.154: [CMS-concurrent-sweep-start]
80.320: [CMS-concurrent-sweep: 0.164/0.165 secs] [Times: user=0.38 sys=0.01, real=0.16 secs] 
80.320: [CMS-concurrent-reset-start]
80.326: [CMS-concurrent-reset: 0.006/0.006 secs] [Times: user=0.01 sys=0.00, real=0.01 secs] 
82.326: [GC (CMS Initial Mark) [1 CMS-initial-mark: 3314976K(3495296K)] 3944492K(5068160K), 0.0424564 secs] [Times: user=0.08 sys=0.00, real=0.04 secs] 
82.368: [CMS-concurrent-mark-start]
82.540: [CMS-concurrent-mark: 0.171/0.172 secs] [Times: user=0.51 sys=0.03, real=0.17 secs] 
82.540: [CMS-concurrent-preclean-start]
82.544: [CMS-concurrent-preclean: 0.004/0.004 secs] [Times: user=0.01 sys=0.00, real=0.00 secs] 
82.544: [CMS-concurrent-abortable-preclean-start]
82.544: [CMS-concurrent-abortable-preclean: 0.000/0.000 secs] [Times: user=0.00 sys=0.00, real=0.00 secs] 
82.544: [GC (CMS Final Remark) [YG occupancy: 654280 K (1572864 K)]82.544: [Rescan (parallel) , 0.0552984 secs]82.600: [weak refs processing, 0.0000299 secs]82.600: [class unloading, 0.0012330 secs]82.601: [scrub symbol table, 0.0008289 secs]82.602: [scrub string table, 0.0002761 secs][1 CMS-remark: 3314976K(3495296K)] 3969256K(5068160K), 0.0578815 secs] [Times: user=0.43 sys=0.00, real=0.06 secs] 
82.604: [CMS-concurrent-sweep-start]
82.751: [CMS-concurrent-sweep: 0.147/0.147 secs] [Times: user=0.30 sys=0.01, real=0.15 secs] 
82.751: [CMS-concurrent-reset-start]
82.758: [CMS-concurrent-reset: 0.007/0.007 secs] [Times: user=0.01 sys=0.00, real=0.01 secs] 
84.758: [GC (CMS Initial Mark) [1 CMS-initial-mark: 3314976K(3495296K)] 4018785K(5068160K), 0.0445417 secs] [Times: user=0.11 sys=0.00, real=0.04 secs] 
85.001: [CMS-concurrent-mark-start]
85.174: [CMS-concurrent-mark: 0.173/0.173 secs] [Times: user=0.52 sys=0.02, real=0.18 secs] 
85.174: [CMS-concurrent-preclean-start]
85.178: [CMS-concurrent-preclean: 0.004/0.004 secs] [Times: user=0.01 sys=0.00, real=0.00 secs] 
85.178: [CMS-concurrent-abortable-preclean-start]
85.178: [CMS-concurrent-abortable-preclean: 0.000/0.000 secs] [Times: user=0.00 sys=0.00, real=0.00 secs] 
85.178: [GC (CMS Final Remark) [YG occupancy: 703808 K (1572864 K)]85.178: [Rescan (parallel) , 0.0587186 secs]85.237: [weak refs processing, 0.0000239 secs]85.237: [class unloading, 0.0012484 secs]85.238: [scrub symbol table, 0.0005612 secs]85.239: [scrub string table, 0.0002444 secs][1 CMS-remark: 3314976K(3495296K)] 4018785K(5068160K), 0.0609667 secs] [Times: user=0.44 sys=0.00, real=0.06 secs] 
85.239: [CMS-concurrent-sweep-start]
85.386: [CMS-concurrent-sweep: 0.147/0.147 secs] [Times: user=0.30 sys=0.00, real=0.15 secs] 
85.386: [CMS-concurrent-reset-start]
85.393: [CMS-concurrent-reset: 0.007/0.007 secs] [Times: user=0.01 sys=0.00, real=0.00 secs] 
87.537: [GC (CMS Initial Mark) [1 CMS-initial-mark: 3314976K(3495296K)] 4117841K(5068160K), 0.0429529 secs] [Times: user=0.14 sys=0.00, real=0.04 secs] 
87.777: [CMS-concurrent-mark-start]
88.036: [CMS-concurrent-mark: 0.257/0.259 secs] [Times: user=0.78 sys=0.01, real=0.26 secs] 
88.036: [CMS-concurrent-preclean-start]
88.040: [CMS-concurrent-preclean: 0.004/0.004 secs] [Times: user=0.00 sys=0.00, real=0.00 secs] 
88.040: [CMS-concurrent-abortable-preclean-start]
88.040: [CMS-concurrent-abortable-preclean: 0.000/0.000 secs] [Times: user=0.00 sys=0.00, real=0.00 secs] 
88.040: [GC (CMS Final Remark) [YG occupancy: 802865 K (1572864 K)]88.040: [Rescan (parallel) , 0.2480623 secs]88.485: [weak refs processing, 0.0000302 secs]88.685: [class unloading, 0.2013803 secs]89.085: [scrub symbol table, 0.0007992 secs]89.285: [scrub string table, 0.2003269 secs][1 CMS-remark: 3314976K(3495296K)] 4117841K(5068160K), 1.6456882 secs] [Times: user=0.34 sys=0.03, real=1.65 secs] 
89.885: [CMS-concurrent-sweep-start]
90.075: [CMS-concurrent-sweep: 0.151/0.190 secs] [Times: user=0.34 sys=0.01, real=0.19 secs] 
90.075: [CMS-concurrent-reset-start]
90.082: [CMS-concurrent-reset: 0.007/0.007 secs] [Times: user=0.02 sys=0.00, real=0.00 secs] 
92.081: [GC (CMS Initial Mark) [1 CMS-initial-mark: 3314976K(3495296K)] 4216898K(5068160K), 0.0534440 secs] [Times: user=0.19 sys=0.01, real=0.06 secs] 
92.233: [CMS-concurrent-mark-start]
92.470: [CMS-concurrent-mark: 0.236/0.237 secs] [Times: user=0.47 sys=0.01, real=0.23 secs] 
92.470: [CMS-concurrent-preclean-start]
92.474: [CMS-concurrent-preclean: 0.004/0.004 secs] [Times: user=0.00 sys=0.00, real=0.01 secs] 
92.474: [CMS-concurrent-abortable-preclean-start]
92.474: [CMS-concurrent-abortable-preclean: 0.000/0.000 secs] [Times: user=0.00 sys=0.00, real=0.00 secs] 
92.474: [GC (CMS Final Remark) [YG occupancy: 901922 K (1572864 K)]92.474: [Rescan (parallel) , 0.0617433 secs]92.536: [weak refs processing, 0.0000228 secs]92.536: [class unloading, 0.0011492 secs]92.537: [scrub symbol table, 0.0005578 secs]92.537: [scrub string table, 0.0002449 secs][1 CMS-remark: 3314976K(3495296K)] 4216898K(5068160K), 0.0639031 secs] [Times: user=0.48 sys=0.01, real=0.06 secs] 
92.538: [CMS-concurrent-sweep-start]
92.675: [CMS-concurrent-sweep: 0.137/0.137 secs] [Times: user=0.14 sys=0.00, real=0.14 secs] 
92.675: [CMS-concurrent-reset-start]
92.681: [CMS-concurrent-reset: 0.006/0.006 secs] [Times: user=0.00 sys=0.00, real=0.00 secs] 
94.681: [GC (CMS Initial Mark) [1 CMS-initial-mark: 3314976K(3495296K)] 4291190K(5068160K), 0.0549667 secs] [Times: user=0.22 sys=0.00, real=0.06 secs] 
94.736: [CMS-concurrent-mark-start]
94.904: [CMS-concurrent-mark: 0.168/0.168 secs] [Times: user=0.34 sys=0.01, real=0.16 secs] 
94.904: [CMS-concurrent-preclean-start]
94.907: [CMS-concurrent-preclean: 0.004/0.004 secs] [Times: user=0.01 sys=0.00, real=0.01 secs] 
94.907: [CMS-concurrent-abortable-preclean-start]
94.907: [CMS-concurrent-abortable-preclean: 0.000/0.000 secs] [Times: user=0.00 sys=0.00, real=0.00 secs] 
94.908: [GC (CMS Final Remark) [YG occupancy: 976214 K (1572864 K)]94.908: [Rescan (parallel) , 0.0612206 secs]94.969: [weak refs processing, 0.0000223 secs]94.969: [class unloading, 0.0011861 secs]94.970: [scrub symbol table, 0.0005732 secs]94.971: [scrub string table, 0.0002455 secs][1 CMS-remark: 3314976K(3495296K)] 4291190K(5068160K), 0.0634520 secs] [Times: user=0.48 sys=0.00, real=0.06 secs] 
94.971: [CMS-concurrent-sweep-start]
95.111: [CMS-concurrent-sweep: 0.140/0.140 secs] [Times: user=0.15 sys=0.00, real=0.14 secs] 
95.111: [CMS-concurrent-reset-start]
95.117: [CMS-concurrent-reset: 0.006/0.006 secs] [Times: user=0.00 sys=0.00, real=0.01 secs] 
97.149: [GC (CMS Initial Mark) [1 CMS-initial-mark: 3314976K(3495296K)] 4365483K(5068160K), 0.0532883 secs] [Times: user=0.25 sys=0.01, real=0.05 secs] 
97.203: [CMS-concurrent-mark-start]
97.371: [CMS-concurrent-mark: 0.169/0.169 secs] [Times: user=0.35 sys=0.00, real=0.17 secs] 
97.372: [CMS-concurrent-preclean-start]
97.375: [CMS-concurrent-preclean: 0.004/0.004 secs] [Times: user=0.01 sys=0.00, real=0.01 secs] 
97.375: [CMS-concurrent-abortable-preclean-start]
97.375: [CMS-concurrent-abortable-preclean: 0.000/0.000 secs] [Times: user=0.00 sys=0.00, real=0.00 secs] 
97.376: [GC (CMS Final Remark) [YG occupancy: 1050507 K (1572864 K)]97.376: [Rescan (parallel) , 0.0644526 secs]97.440: [weak refs processing, 0.0000223 secs]97.440: [class unloading, 0.0012318 secs]97.441: [scrub symbol table, 0.0006407 secs]97.442: [scrub string table, 0.0002429 secs][1 CMS-remark: 3314976K(3495296K)] 4365483K(5068160K), 0.0668182 secs] [Times: user=0.47 sys=0.01, real=0.06 secs] 
97.443: [CMS-concurrent-sweep-start]
97.601: [CMS-concurrent-sweep: 0.158/0.158 secs] [Times: user=0.24 sys=0.03, real=0.16 secs] 
97.601: [CMS-concurrent-reset-start]
97.608: [CMS-concurrent-reset: 0.007/0.007 secs] [Times: user=0.02 sys=0.00, real=0.01 secs] 
99.607: [GC (CMS Initial Mark) [1 CMS-initial-mark: 3314976K(3495296K)] 4439775K(5068160K), 0.0578291 secs] [Times: user=0.30 sys=0.00, real=0.05 secs] 
99.665: [CMS-concurrent-mark-start]
99.842: [CMS-concurrent-mark: 0.177/0.177 secs] [Times: user=0.53 sys=0.02, real=0.18 secs] 
99.842: [CMS-concurrent-preclean-start]
99.846: [CMS-concurrent-preclean: 0.004/0.004 secs] [Times: user=0.01 sys=0.00, real=0.01 secs] 
99.846: [CMS-concurrent-abortable-preclean-start]
99.846: [CMS-concurrent-abortable-preclean: 0.000/0.000 secs] [Times: user=0.00 sys=0.00, real=0.00 secs] 
99.846: [GC (CMS Final Remark) [YG occupancy: 1149563 K (1572864 K)]99.846: [Rescan (parallel) , 0.0644188 secs]99.911: [weak refs processing, 0.0000126 secs]99.911: [class unloading, 0.0012159 secs]99.912: [scrub symbol table, 0.0005367 secs]99.913: [scrub string table, 0.0002360 secs][1 CMS-remark: 3314976K(3495296K)] 4464540K(5068160K), 0.0666093 secs] [Times: user=0.47 sys=0.00, real=0.06 secs] 
99.913: [CMS-concurrent-sweep-start]
100.065: [CMS-concurrent-sweep: 0.152/0.152 secs] [Times: user=0.31 sys=0.00, real=0.15 secs] 
100.065: [CMS-concurrent-reset-start]
100.072: [CMS-concurrent-reset: 0.007/0.007 secs] [Times: user=0.01 sys=0.01, real=0.01 secs] 
102.071: [GC (CMS Initial Mark) [1 CMS-initial-mark: 3314976K(3495296K)] 4538832K(5068160K), 0.0604149 secs] [Times: user=0.32 sys=0.00, real=0.06 secs] 
102.132: [CMS-concurrent-mark-start]
102.302: [CMS-concurrent-mark: 0.170/0.170 secs] [Times: user=0.52 sys=0.00, real=0.17 secs] 
102.302: [CMS-concurrent-preclean-start]
102.306: [CMS-concurrent-preclean: 0.004/0.004 secs] [Times: user=0.00 sys=0.00, real=0.01 secs] 
102.306: [CMS-concurrent-abortable-preclean-start]
102.306: [CMS-concurrent-abortable-preclean: 0.000/0.000 secs] [Times: user=0.00 sys=0.00, real=0.00 secs] 
102.306: [GC (CMS Final Remark) [YG occupancy: 1248620 K (1572864 K)]102.306: [Rescan (parallel) , 0.0664540 secs]102.372: [weak refs processing, 0.0000220 secs]102.372: [class unloading, 0.0012862 secs]102.374: [scrub symbol table, 0.0005500 secs]102.374: [scrub string table, 0.0002640 secs][1 CMS-remark: 3314976K(3495296K)] 4563596K(5068160K), 0.0687836 secs] [Times: user=0.53 sys=0.00, real=0.07 secs] 
102.375: [CMS-concurrent-sweep-start]
102.521: [CMS-concurrent-sweep: 0.146/0.146 secs] [Times: user=0.30 sys=0.01, real=0.14 secs] 
102.521: [CMS-concurrent-reset-start]
102.528: [CMS-concurrent-reset: 0.007/0.007 secs] [Times: user=0.02 sys=0.00, real=0.01 secs] 
104.527: [GC (CMS Initial Mark) [1 CMS-initial-mark: 3314976K(3495296K)] 4613124K(5068160K), 0.0610868 secs] [Times: user=0.35 sys=0.01, real=0.06 secs] 
104.589: [CMS-concurrent-mark-start]
104.757: [CMS-concurrent-mark: 0.168/0.168 secs] [Times: user=0.50 sys=0.01, real=0.17 secs] 
104.757: [CMS-concurrent-preclean-start]
104.760: [CMS-concurrent-preclean: 0.004/0.004 secs] [Times: user=0.01 sys=0.00, real=0.00 secs] 
104.760: [CMS-concurrent-abortable-preclean-start]
104.760: [CMS-concurrent-abortable-preclean: 0.000/0.000 secs] [Times: user=0.00 sys=0.00, real=0.00 secs] 
104.761: [GC (CMS Final Remark) [YG occupancy: 1298148 K (1572864 K)]104.761: [Rescan (parallel) , 0.0673828 secs]104.828: [weak refs processing, 0.0000221 secs]104.828: [class unloading, 0.0011928 secs]104.829: [scrub symbol table, 0.0005489 secs]104.830: [scrub string table, 0.0002419 secs][1 CMS-remark: 3314976K(3495296K)] 4613124K(5068160K), 0.0695945 secs] [Times: user=0.53 sys=0.01, real=0.07 secs] 
104.830: [CMS-concurrent-sweep-start]
104.977: [CMS-concurrent-sweep: 0.147/0.147 secs] [Times: user=0.29 sys=0.01, real=0.15 secs] 
104.977: [CMS-concurrent-reset-start]
104.984: [CMS-concurrent-reset: 0.007/0.007 secs] [Times: user=0.01 sys=0.01, real=0.00 secs] 
106.984: [GC (CMS Initial Mark) [1 CMS-initial-mark: 3314976K(3495296K)] 4712181K(5068160K), 0.1663095 secs] [Times: user=0.40 sys=0.00, real=0.17 secs] 
107.150: [CMS-concurrent-mark-start]
107.315: [CMS-concurrent-mark: 0.165/0.165 secs] [Times: user=0.50 sys=0.00, real=0.17 secs] 
107.315: [CMS-concurrent-preclean-start]
107.319: [CMS-concurrent-preclean: 0.004/0.004 secs] [Times: user=0.00 sys=0.00, real=0.00 secs] 
107.319: [CMS-concurrent-abortable-preclean-start]
107.319: [CMS-concurrent-abortable-preclean: 0.000/0.000 secs] [Times: user=0.00 sys=0.00, real=0.00 secs] 
107.319: [GC (CMS Final Remark) [YG occupancy: 1397205 K (1572864 K)]107.319: [Rescan (parallel) , 0.0695942 secs]107.389: [weak refs processing, 0.0000127 secs]107.389: [class unloading, 0.0014858 secs]107.390: [scrub symbol table, 0.0005531 secs]107.391: [scrub string table, 0.0002401 secs][1 CMS-remark: 3314976K(3495296K)] 4712181K(5068160K), 0.0720995 secs] [Times: user=0.56 sys=0.00, real=0.07 secs] 
107.391: [CMS-concurrent-sweep-start]
107.557: [CMS-concurrent-sweep: 0.166/0.166 secs] [Times: user=0.34 sys=0.01, real=0.17 secs] 
107.557: [CMS-concurrent-reset-start]
107.564: [CMS-concurrent-reset: 0.007/0.007 secs] [Times: user=0.01 sys=0.00, real=0.00 secs] 
109.564: [GC (CMS Initial Mark) [1 CMS-initial-mark: 3314976K(3495296K)] 4771735K(5068160K), 0.0648610 secs] [Times: user=0.43 sys=0.00, real=0.07 secs] 
109.629: [CMS-concurrent-mark-start]
109.875: [CMS-concurrent-mark: 0.246/0.246 secs] [Times: user=0.75 sys=0.00, real=0.25 secs] 
109.875: [CMS-concurrent-preclean-start]
109.879: [CMS-concurrent-preclean: 0.004/0.004 secs] [Times: user=0.01 sys=0.00, real=0.00 secs] 
109.879: [CMS-concurrent-abortable-preclean-start]
109.879: [CMS-concurrent-abortable-preclean: 0.000/0.000 secs] [Times: user=0.00 sys=0.00, real=0.00 secs] 
109.879: [GC (CMS Final Remark) [YG occupancy: 1464823 K (1572864 K)]109.879: [Rescan (parallel) , 0.0689907 secs]109.948: [weak refs processing, 0.0000120 secs]109.948: [class unloading, 0.0012094 secs]109.949: [scrub symbol table, 0.0005862 secs]109.950: [scrub string table, 0.0002508 secs][1 CMS-remark: 3314976K(3495296K)] 4779799K(5068160K), 0.0712537 secs] [Times: user=0.52 sys=0.00, real=0.07 secs] 
109.950: [CMS-concurrent-sweep-start]
110.100: [CMS-concurrent-sweep: 0.150/0.150 secs] [Times: user=0.29 sys=0.02, real=0.15 secs] 
110.100: [CMS-concurrent-reset-start]
110.107: [CMS-concurrent-reset: 0.007/0.007 secs] [Times: user=0.01 sys=0.00, real=0.01 secs] 
112.106: [GC (CMS Initial Mark) [1 CMS-initial-mark: 3314976K(3495296K)] 4851348K(5068160K), 0.1060683 secs] [Times: user=0.46 sys=0.00, real=0.10 secs] 
112.212: [CMS-concurrent-mark-start]
112.454: [CMS-concurrent-mark: 0.240/0.242 secs] [Times: user=0.72 sys=0.00, real=0.25 secs] 
112.454: [CMS-concurrent-preclean-start]
112.458: [CMS-concurrent-preclean: 0.004/0.004 secs] [Times: user=0.01 sys=0.00, real=0.00 secs] 
112.458: [CMS-concurrent-abortable-preclean-start]
112.458: [CMS-concurrent-abortable-preclean: 0.000/0.000 secs] [Times: user=0.00 sys=0.00, real=0.00 secs] 
112.458: [GC (CMS Final Remark) [YG occupancy: 1544503 K (1572864 K)]112.458: [Rescan (parallel) , 0.0706970 secs]112.528: [weak refs processing, 0.0000304 secs]112.528: [class unloading, 0.0013700 secs]112.530: [scrub symbol table, 0.0006055 secs]112.530: [scrub string table, 0.0002635 secs][1 CMS-remark: 3314976K(3495296K)] 4859479K(5068160K), 0.0731678 secs] [Times: user=0.56 sys=0.00, real=0.07 secs] 
112.531: [CMS-concurrent-sweep-start]
112.677: [CMS-concurrent-sweep: 0.146/0.146 secs] [Times: user=0.30 sys=0.01, real=0.15 secs] 
112.677: [CMS-concurrent-reset-start]
112.683: [CMS-concurrent-reset: 0.007/0.007 secs] [Times: user=0.01 sys=0.00, real=0.00 secs] 
113.553: [GC (Allocation Failure) 113.553: [ParNew: 1572863K->1572863K(1572864K), 0.0000147 secs]113.554: [CMS: 3314976K->3314976K(3495296K), 0.8869248 secs] 4887840K->3801121K(5068160K), [Metaspace: 9973K->9973K(1058816K)], 0.8870335 secs] [Times: user=0.89 sys=0.02, real=0.88 secs] 
114.473: [GC (CMS Initial Mark) [1 CMS-initial-mark: 3314976K(3495296K)] 3830654K(5068160K), 0.0407160 secs] [Times: user=0.04 sys=0.00, real=0.05 secs] 
114.513: [CMS-concurrent-mark-start]
114.760: [CMS-concurrent-mark: 0.245/0.246 secs] [Times: user=0.75 sys=0.01, real=0.24 secs] 
114.760: [CMS-concurrent-preclean-start]
114.960: [CMS-concurrent-preclean: 0.200/0.200 secs] [Times: user=0.39 sys=0.00, real=0.20 secs] 
114.960: [CMS-concurrent-abortable-preclean-start]
114.960: [CMS-concurrent-abortable-preclean: 0.000/0.000 secs] [Times: user=0.00 sys=0.00, real=0.00 secs] 
114.960: [GC (CMS Final Remark) [YG occupancy: 522472 K (1572864 K)]114.960: [Rescan (parallel) , 0.0567348 secs]115.017: [weak refs processing, 0.0000285 secs]115.017: [class unloading, 0.0012451 secs]115.018: [scrub symbol table, 0.0007792 secs]115.019: [scrub string table, 0.0002500 secs][1 CMS-remark: 3314976K(3495296K)] 3837448K(5068160K), 0.0592670 secs] [Times: user=0.45 sys=0.00, real=0.06 secs] 
115.019: [CMS-concurrent-sweep-start]
115.167: [CMS-concurrent-sweep: 0.148/0.148 secs] [Times: user=0.22 sys=0.01, real=0.15 secs] 
115.167: [CMS-concurrent-reset-start]
115.174: [CMS-concurrent-reset: 0.007/0.007 secs] [Times: user=0.01 sys=0.00, real=0.01 secs] 
117.174: [GC (CMS Initial Mark) [1 CMS-initial-mark: 3314976K(3495296K)] 3931716K(5068160K), 0.0606628 secs] [Times: user=0.07 sys=0.00, real=0.06 secs] 
117.234: [CMS-concurrent-mark-start]
117.397: [CMS-concurrent-mark: 0.162/0.162 secs] [Times: user=0.32 sys=0.00, real=0.16 secs] 
117.397: [CMS-concurrent-preclean-start]
117.400: [CMS-concurrent-preclean: 0.003/0.003 secs] [Times: user=0.01 sys=0.00, real=0.00 secs] 
117.400: [CMS-concurrent-abortable-preclean-start]
117.400: [CMS-concurrent-abortable-preclean: 0.000/0.000 secs] [Times: user=0.00 sys=0.00, real=0.00 secs] 
117.400: [GC (CMS Final Remark) [YG occupancy: 616739 K (1572864 K)]117.401: [Rescan (parallel) , 0.0572024 secs]117.458: [weak refs processing, 0.0000174 secs]117.458: [class unloading, 0.0012099 secs]117.459: [scrub symbol table, 0.0006067 secs]117.460: [scrub string table, 0.0002542 secs][1 CMS-remark: 3314976K(3495296K)] 3931716K(5068160K), 0.0595267 secs] [Times: user=0.45 sys=0.00, real=0.06 secs] 
117.460: [CMS-concurrent-sweep-start]
117.602: [CMS-concurrent-sweep: 0.142/0.142 secs] [Times: user=0.15 sys=0.00, real=0.14 secs] 
117.602: [CMS-concurrent-reset-start]
117.608: [CMS-concurrent-reset: 0.006/0.006 secs] [Times: user=0.01 sys=0.00, real=0.01 secs] 
119.608: [GC (CMS Initial Mark) [1 CMS-initial-mark: 3314976K(3495296K)] 4002416K(5068160K), 0.0506083 secs] [Times: user=0.14 sys=0.00, real=0.05 secs] 
119.658: [CMS-concurrent-mark-start]
119.855: [CMS-concurrent-mark: 0.197/0.197 secs] [Times: user=0.56 sys=0.02, real=0.20 secs] 
119.855: [CMS-concurrent-preclean-start]
119.859: [CMS-concurrent-preclean: 0.004/0.004 secs] [Times: user=0.01 sys=0.00, real=0.00 secs] 
119.859: [CMS-concurrent-abortable-preclean-start]
119.859: [CMS-concurrent-abortable-preclean: 0.000/0.000 secs] [Times: user=0.00 sys=0.00, real=0.00 secs] 
119.859: [GC (CMS Final Remark) [YG occupancy: 687440 K (1572864 K)]119.859: [Rescan (parallel) , 0.0586697 secs]119.918: [weak refs processing, 0.0000223 secs]119.918: [class unloading, 0.0012814 secs]119.919: [scrub symbol table, 0.0005879 secs]119.920: [scrub string table, 0.0002688 secs][1 CMS-remark: 3314976K(3495296K)] 4002416K(5068160K), 0.0610402 secs] [Times: user=0.45 sys=0.01, real=0.06 secs] 
119.921: [CMS-concurrent-sweep-start]
120.070: [CMS-concurrent-sweep: 0.150/0.150 secs] [Times: user=0.30 sys=0.00, real=0.15 secs] 
120.070: [CMS-concurrent-reset-start]
120.077: [CMS-concurrent-reset: 0.006/0.006 secs] [Times: user=0.01 sys=0.00, real=0.01 secs] 
122.077: [GC (CMS Initial Mark) [1 CMS-initial-mark: 3314976K(3495296K)] 4096684K(5068160K), 0.0480111 secs] [Times: user=0.15 sys=0.00, real=0.04 secs] 
122.125: [CMS-concurrent-mark-start]
122.319: [CMS-concurrent-mark: 0.194/0.194 secs] [Times: user=0.59 sys=0.00, real=0.20 secs] 
122.319: [CMS-concurrent-preclean-start]
122.322: [CMS-concurrent-preclean: 0.004/0.004 secs] [Times: user=0.00 sys=0.00, real=0.00 secs] 
122.322: [CMS-concurrent-abortable-preclean-start]
122.322: [CMS-concurrent-abortable-preclean: 0.000/0.000 secs] [Times: user=0.00 sys=0.00, real=0.00 secs] 
122.323: [GC (CMS Final Remark) [YG occupancy: 781707 K (1572864 K)]122.323: [Rescan (parallel) , 0.0600971 secs]122.383: [weak refs processing, 0.0000228 secs]122.383: [class unloading, 0.0014482 secs]122.384: [scrub symbol table, 0.0007536 secs]122.385: [scrub string table, 0.0002680 secs][1 CMS-remark: 3314976K(3495296K)] 4096684K(5068160K), 0.0628171 secs] [Times: user=0.44 sys=0.01, real=0.07 secs] 
122.385: [CMS-concurrent-sweep-start]
122.535: [CMS-concurrent-sweep: 0.149/0.150 secs] [Times: user=0.31 sys=0.00, real=0.15 secs] 
122.535: [CMS-concurrent-reset-start]
122.542: [CMS-concurrent-reset: 0.007/0.007 secs] [Times: user=0.01 sys=0.00, real=0.00 secs] 
124.541: [GC (CMS Initial Mark) [1 CMS-initial-mark: 3314976K(3495296K)] 4190951K(5068160K), 0.0520711 secs] [Times: user=0.19 sys=0.01, real=0.06 secs] 
124.593: [CMS-concurrent-mark-start]
124.798: [CMS-concurrent-mark: 0.205/0.205 secs] [Times: user=0.61 sys=0.01, real=0.20 secs] 
124.798: [CMS-concurrent-preclean-start]
124.802: [CMS-concurrent-preclean: 0.004/0.004 secs] [Times: user=0.01 sys=0.00, real=0.00 secs] 
124.802: [CMS-concurrent-abortable-preclean-start]
124.802: [CMS-concurrent-abortable-preclean: 0.000/0.000 secs] [Times: user=0.00 sys=0.00, real=0.00 secs] 
124.802: [GC (CMS Final Remark) [YG occupancy: 899542 K (1572864 K)]124.802: [Rescan (parallel) , 0.0590344 secs]124.862: [weak refs processing, 0.0000125 secs]124.862: [class unloading, 0.0012863 secs]124.863: [scrub symbol table, 0.0005959 secs]124.863: [scrub string table, 0.0002395 secs][1 CMS-remark: 3314976K(3495296K)] 4214518K(5068160K), 0.0613747 secs] [Times: user=0.46 sys=0.00, real=0.06 secs] 
124.864: [CMS-concurrent-sweep-start]
125.048: [CMS-concurrent-sweep: 0.184/0.184 secs] [Times: user=0.38 sys=0.01, real=0.19 secs] 
125.048: [CMS-concurrent-reset-start]
125.055: [CMS-concurrent-reset: 0.007/0.007 secs] [Times: user=0.01 sys=0.00, real=0.01 secs] 
127.055: [GC (CMS Initial Mark) [1 CMS-initial-mark: 3314976K(3495296K)] 4308786K(5068160K), 0.0551807 secs] [Times: user=0.22 sys=0.00, real=0.05 secs] 
127.110: [CMS-concurrent-mark-start]
127.279: [CMS-concurrent-mark: 0.169/0.169 secs] [Times: user=0.52 sys=0.01, real=0.17 secs] 
127.279: [CMS-concurrent-preclean-start]
127.283: [CMS-concurrent-preclean: 0.004/0.004 secs] [Times: user=0.01 sys=0.00, real=0.00 secs] 
127.372: [CMS-concurrent-abortable-preclean-start]
127.372: [CMS-concurrent-abortable-preclean: 0.000/0.000 secs] [Times: user=0.00 sys=0.00, real=0.00 secs] 
127.372: [GC (CMS Final Remark) [YG occupancy: 993809 K (1572864 K)]127.372: [Rescan (parallel) , 0.0614104 secs]127.433: [weak refs processing, 0.0000296 secs]127.433: [class unloading, 0.0012065 secs]127.435: [scrub symbol table, 0.0005657 secs]127.435: [scrub string table, 0.0002828 secs][1 CMS-remark: 3314976K(3495296K)] 4308786K(5068160K), 0.0637172 secs] [Times: user=0.46 sys=0.00, real=0.07 secs] 
127.436: [CMS-concurrent-sweep-start]
127.595: [CMS-concurrent-sweep: 0.159/0.159 secs] [Times: user=0.25 sys=0.00, real=0.16 secs] 
127.595: [CMS-concurrent-reset-start]
127.601: [CMS-concurrent-reset: 0.006/0.006 secs] [Times: user=0.01 sys=0.00, real=0.00 secs] 
129.601: [GC (CMS Initial Mark) [1 CMS-initial-mark: 3314976K(3495296K)] 4403053K(5068160K), 0.0559683 secs] [Times: user=0.27 sys=0.00, real=0.06 secs] 
129.657: [CMS-concurrent-mark-start]
129.826: [CMS-concurrent-mark: 0.169/0.169 secs] [Times: user=0.49 sys=0.00, real=0.17 secs] 
129.826: [CMS-concurrent-preclean-start]
129.830: [CMS-concurrent-preclean: 0.004/0.004 secs] [Times: user=0.00 sys=0.00, real=0.00 secs] 
129.830: [CMS-concurrent-abortable-preclean-start]
129.830: [CMS-concurrent-abortable-preclean: 0.000/0.000 secs] [Times: user=0.00 sys=0.00, real=0.00 secs] 
129.881: [GC (CMS Final Remark) [YG occupancy: 1088077 K (1572864 K)]129.882: [Rescan (parallel) , 0.0659024 secs]129.947: [weak refs processing, 0.0000326 secs]129.947: [class unloading, 0.0014131 secs]129.949: [scrub symbol table, 0.0005844 secs]129.950: [scrub string table, 0.0002371 secs][1 CMS-remark: 3314976K(3495296K)] 4403053K(5068160K), 0.0684203 secs] [Times: user=0.51 sys=0.01, real=0.07 secs] 
129.950: [CMS-concurrent-sweep-start]
130.115: [CMS-concurrent-sweep: 0.165/0.165 secs] [Times: user=0.25 sys=0.02, real=0.17 secs] 
130.115: [CMS-concurrent-reset-start]
130.122: [CMS-concurrent-reset: 0.007/0.007 secs] [Times: user=0.01 sys=0.00, real=0.00 secs] 
132.121: [GC (CMS Initial Mark) [1 CMS-initial-mark: 3314976K(3495296K)] 4473754K(5068160K), 0.0564048 secs] [Times: user=0.29 sys=0.00, real=0.06 secs] 
132.177: [CMS-concurrent-mark-start]
132.360: [CMS-concurrent-mark: 0.183/0.183 secs] [Times: user=0.52 sys=0.01, real=0.18 secs] 
132.360: [CMS-concurrent-preclean-start]
132.364: [CMS-concurrent-preclean: 0.004/0.004 secs] [Times: user=0.01 sys=0.00, real=0.00 secs] 
132.483: [CMS-concurrent-abortable-preclean-start]
132.483: [CMS-concurrent-abortable-preclean: 0.000/0.000 secs] [Times: user=0.00 sys=0.00, real=0.00 secs] 
132.483: [GC (CMS Final Remark) [YG occupancy: 1182344 K (1572864 K)]132.483: [Rescan (parallel) , 0.0655211 secs]132.548: [weak refs processing, 0.0000230 secs]132.548: [class unloading, 0.0014633 secs]132.550: [scrub symbol table, 0.0006905 secs]132.551: [scrub string table, 0.0002752 secs][1 CMS-remark: 3314976K(3495296K)] 4497321K(5068160K), 0.0681889 secs] [Times: user=0.51 sys=0.00, real=0.07 secs] 
132.551: [CMS-concurrent-sweep-start]
132.698: [CMS-concurrent-sweep: 0.147/0.147 secs] [Times: user=0.30 sys=0.00, real=0.15 secs] 
132.698: [CMS-concurrent-reset-start]
132.705: [CMS-concurrent-reset: 0.007/0.007 secs] [Times: user=0.01 sys=0.00, real=0.00 secs] 
134.705: [GC (CMS Initial Mark) [1 CMS-initial-mark: 3314976K(3495296K)] 4568021K(5068160K), 0.0603365 secs] [Times: user=0.33 sys=0.00, real=0.06 secs] 
134.765: [CMS-concurrent-mark-start]
134.932: [CMS-concurrent-mark: 0.167/0.167 secs] [Times: user=0.33 sys=0.00, real=0.16 secs] 
134.932: [CMS-concurrent-preclean-start]
134.937: [CMS-concurrent-preclean: 0.005/0.005 secs] [Times: user=0.01 sys=0.00, real=0.01 secs] 
134.937: [CMS-concurrent-abortable-preclean-start]
134.937: [CMS-concurrent-abortable-preclean: 0.000/0.000 secs] [Times: user=0.00 sys=0.00, real=0.00 secs] 
134.937: [GC (CMS Final Remark) [YG occupancy: 1253045 K (1572864 K)]134.937: [Rescan (parallel) , 0.0677828 secs]135.005: [weak refs processing, 0.0000231 secs]135.005: [class unloading, 0.0013718 secs]135.006: [scrub symbol table, 0.0006014 secs]135.007: [scrub string table, 0.0002798 secs][1 CMS-remark: 3314976K(3495296K)] 4568021K(5068160K), 0.0703124 secs] [Times: user=0.46 sys=0.00, real=0.07 secs] 
135.007: [CMS-concurrent-sweep-start]
135.173: [CMS-concurrent-sweep: 0.165/0.165 secs] [Times: user=0.32 sys=0.02, real=0.16 secs] 
135.173: [CMS-concurrent-reset-start]
135.179: [CMS-concurrent-reset: 0.007/0.007 secs] [Times: user=0.01 sys=0.00, real=0.01 secs] 
137.180: [GC (CMS Initial Mark) [1 CMS-initial-mark: 3314976K(3495296K)] 4638722K(5068160K), 0.0659768 secs] [Times: user=0.37 sys=0.00, real=0.07 secs] 
137.246: [CMS-concurrent-mark-start]
137.425: [CMS-concurrent-mark: 0.179/0.179 secs] [Times: user=0.43 sys=0.03, real=0.17 secs] 
137.535: [CMS-concurrent-preclean-start]
137.539: [CMS-concurrent-preclean: 0.004/0.004 secs] [Times: user=0.01 sys=0.00, real=0.00 secs] 
137.539: [CMS-concurrent-abortable-preclean-start]
137.539: [CMS-concurrent-abortable-preclean: 0.000/0.000 secs] [Times: user=0.00 sys=0.00, real=0.00 secs] 
137.539: [GC (CMS Final Remark) [YG occupancy: 1323746 K (1572864 K)]137.539: [Rescan (parallel) , 0.0643893 secs]137.603: [weak refs processing, 0.0000239 secs]137.603: [class unloading, 0.0012597 secs]137.605: [scrub symbol table, 0.0005515 secs]137.605: [scrub string table, 0.0002448 secs][1 CMS-remark: 3314976K(3495296K)] 4638722K(5068160K), 0.0666910 secs] [Times: user=0.50 sys=0.00, real=0.07 secs] 
137.606: [CMS-concurrent-sweep-start]
137.748: [CMS-concurrent-sweep: 0.143/0.143 secs] [Times: user=0.28 sys=0.00, real=0.14 secs] 
137.748: [CMS-concurrent-reset-start]
137.755: [CMS-concurrent-reset: 0.006/0.006 secs] [Times: user=0.02 sys=0.00, real=0.01 secs] 
139.754: [GC (CMS Initial Mark) [1 CMS-initial-mark: 3314976K(3495296K)] 4712426K(5068160K), 0.0635147 secs] [Times: user=0.40 sys=0.00, real=0.06 secs] 
139.818: [CMS-concurrent-mark-start]
140.063: [CMS-concurrent-mark: 0.245/0.245 secs] [Times: user=0.70 sys=0.02, real=0.24 secs] 
140.063: [CMS-concurrent-preclean-start]
140.067: [CMS-concurrent-preclean: 0.004/0.004 secs] [Times: user=0.00 sys=0.00, real=0.01 secs] 
140.067: [CMS-concurrent-abortable-preclean-start]
140.067: [CMS-concurrent-abortable-preclean: 0.000/0.000 secs] [Times: user=0.00 sys=0.00, real=0.00 secs] 
140.067: [GC (CMS Final Remark) [YG occupancy: 1402259 K (1572864 K)]140.067: [Rescan (parallel) , 0.0702489 secs]140.137: [weak refs processing, 0.0000164 secs]140.137: [class unloading, 0.0012897 secs]140.139: [scrub symbol table, 0.0005583 secs]140.139: [scrub string table, 0.0002399 secs][1 CMS-remark: 3314976K(3495296K)] 4717236K(5068160K), 0.0725724 secs] [Times: user=0.54 sys=0.00, real=0.07 secs] 
140.140: [CMS-concurrent-sweep-start]
140.288: [CMS-concurrent-sweep: 0.148/0.148 secs] [Times: user=0.22 sys=0.02, real=0.15 secs] 
140.288: [CMS-concurrent-reset-start]
140.294: [CMS-concurrent-reset: 0.006/0.006 secs] [Times: user=0.01 sys=0.00, real=0.01 secs] 
142.294: [GC (CMS Initial Mark) [1 CMS-initial-mark: 3314976K(3495296K)] 4786579K(5068160K), 0.0648113 secs] [Times: user=0.43 sys=0.00, real=0.06 secs] 
142.358: [CMS-concurrent-mark-start]
142.532: [CMS-concurrent-mark: 0.172/0.173 secs] [Times: user=0.53 sys=0.00, real=0.17 secs] 
142.532: [CMS-concurrent-preclean-start]
142.536: [CMS-concurrent-preclean: 0.004/0.004 secs] [Times: user=0.00 sys=0.00, real=0.01 secs] 
142.536: [CMS-concurrent-abortable-preclean-start]
142.536: [CMS-concurrent-abortable-preclean: 0.000/0.000 secs] [Times: user=0.00 sys=0.00, real=0.00 secs] 
142.536: [GC (CMS Final Remark) [YG occupancy: 1477104 K (1572864 K)]142.536: [Rescan (parallel) , 0.0680701 secs]142.604: [weak refs processing, 0.0000127 secs]142.604: [class unloading, 0.0014900 secs]142.605: [scrub symbol table, 0.0006795 secs]142.606: [scrub string table, 0.0002621 secs][1 CMS-remark: 3314976K(3495296K)] 4792080K(5068160K), 0.0707307 secs] [Times: user=0.54 sys=0.00, real=0.07 secs] 
142.607: [CMS-concurrent-sweep-start]
142.759: [CMS-concurrent-sweep: 0.152/0.152 secs] [Times: user=0.31 sys=0.00, real=0.15 secs] 
142.759: [CMS-concurrent-reset-start]
142.765: [CMS-concurrent-reset: 0.007/0.007 secs] [Times: user=0.01 sys=0.01, real=0.01 secs] 
144.765: [GC (CMS Initial Mark) [1 CMS-initial-mark: 3314976K(3495296K)] 4863564K(5068160K), 0.0666897 secs] [Times: user=0.46 sys=0.00, real=0.07 secs] 
144.832: [CMS-concurrent-mark-start]
145.002: [CMS-concurrent-mark: 0.170/0.170 secs] [Times: user=0.51 sys=0.00, real=0.17 secs] 
145.002: [CMS-concurrent-preclean-start]
145.006: [CMS-concurrent-preclean: 0.004/0.004 secs] [Times: user=0.01 sys=0.00, real=0.01 secs] 
145.006: [CMS-concurrent-abortable-preclean-start]
145.006: [CMS-concurrent-abortable-preclean: 0.000/0.000 secs] [Times: user=0.00 sys=0.00, real=0.00 secs] 
145.006: [GC (CMS Final Remark) [YG occupancy: 1554306 K (1572864 K)]145.006: [Rescan (parallel) , 0.0710373 secs]145.077: [weak refs processing, 0.0000278 secs]145.077: [class unloading, 0.0014272 secs]145.078: [scrub symbol table, 0.0008623 secs]145.079: [scrub string table, 0.0002952 secs][1 CMS-remark: 3314976K(3495296K)] 4869283K(5068160K), 0.0739063 secs] [Times: user=0.52 sys=0.01, real=0.07 secs] 
145.080: [CMS-concurrent-sweep-start]
145.225: [CMS-concurrent-sweep: 0.145/0.145 secs] [Times: user=0.29 sys=0.00, real=0.14 secs] 
145.225: [CMS-concurrent-reset-start]
145.231: [CMS-concurrent-reset: 0.006/0.006 secs] [Times: user=0.02 sys=0.00, real=0.01 secs] 
145.628: [GC (Allocation Failure) 145.628: [ParNew: 1572863K->1572863K(1572864K), 0.0000305 secs]145.628: [CMS: 3314976K->3314976K(3495296K), 0.9340294 secs] 4887840K->3801106K(5068160K), [Metaspace: 9994K->9994K(1058816K)], 0.9341346 secs] [Times: user=0.95 sys=0.05, real=0.93 secs] 
146.562: [GC (CMS Initial Mark) [1 CMS-initial-mark: 3314976K(3495296K)] 3830912K(5068160K), 0.0404922 secs] [Times: user=0.04 sys=0.00, real=0.04 secs] 
146.603: [CMS-concurrent-mark-start]
147.578: [CMS-concurrent-mark: 0.178/0.975 secs] [Times: user=0.56 sys=0.04, real=0.98 secs] 
147.578: [CMS-concurrent-preclean-start]
147.794: [CMS-concurrent-preclean: 0.215/0.215 secs] [Times: user=0.43 sys=0.00, real=0.22 secs] 
147.794: [CMS-concurrent-abortable-preclean-start]
147.794: [CMS-concurrent-abortable-preclean: 0.000/0.000 secs] [Times: user=0.00 sys=0.00, real=0.00 secs] 
147.794: [GC (CMS Final Remark) [YG occupancy: 521786 K (1572864 K)]147.794: [Rescan (parallel) , 0.0567173 secs]147.850: [weak refs processing, 0.0000116 secs]147.850: [class unloading, 0.0012292 secs]147.852: [scrub symbol table, 0.0005385 secs]147.852: [scrub string table, 0.0002410 secs][1 CMS-remark: 3314976K(3495296K)] 3836763K(5068160K), 0.0589423 secs] [Times: user=0.40 sys=0.00, real=0.05 secs] 
147.853: [CMS-concurrent-sweep-start]
148.008: [CMS-concurrent-sweep: 0.155/0.155 secs] [Times: user=0.27 sys=0.00, real=0.16 secs] 
148.008: [CMS-concurrent-reset-start]
148.014: [CMS-concurrent-reset: 0.006/0.006 secs] [Times: user=0.01 sys=0.00, real=0.01 secs] 
150.013: [GC (CMS Initial Mark) [1 CMS-initial-mark: 3314976K(3495296K)] 3950838K(5068160K), 0.0448576 secs] [Times: user=0.09 sys=0.01, real=0.04 secs] 
150.058: [CMS-concurrent-mark-start]
150.311: [CMS-concurrent-mark: 0.253/0.253 secs] [Times: user=0.76 sys=0.00, real=0.25 secs] 
150.311: [CMS-concurrent-preclean-start]
150.315: [CMS-concurrent-preclean: 0.004/0.004 secs] [Times: user=0.01 sys=0.00, real=0.01 secs] 
150.315: [CMS-concurrent-abortable-preclean-start]
150.315: [CMS-concurrent-abortable-preclean: 0.000/0.000 secs] [Times: user=0.00 sys=0.00, real=0.00 secs] 
150.315: [GC (CMS Final Remark) [YG occupancy: 635862 K (1572864 K)]150.315: [Rescan (parallel) , 0.0583580 secs]150.373: [weak refs processing, 0.0000226 secs]150.373: [class unloading, 0.0012497 secs]150.374: [scrub symbol table, 0.0005510 secs]150.375: [scrub string table, 0.0002437 secs][1 CMS-remark: 3314976K(3495296K)] 3950838K(5068160K), 0.0606355 secs] [Times: user=0.44 sys=0.01, real=0.06 secs] 
150.375: [CMS-concurrent-sweep-start]
150.534: [CMS-concurrent-sweep: 0.158/0.159 secs] [Times: user=0.32 sys=0.01, real=0.16 secs] 
150.534: [CMS-concurrent-reset-start]
150.541: [CMS-concurrent-reset: 0.007/0.007 secs] [Times: user=0.02 sys=0.00, real=0.00 secs] 
152.541: [GC (CMS Initial Mark) [1 CMS-initial-mark: 3314976K(3495296K)] 4044595K(5068160K), 0.0446596 secs] [Times: user=0.12 sys=0.00, real=0.05 secs] 
152.585: [CMS-concurrent-mark-start]
152.753: [CMS-concurrent-mark: 0.167/0.167 secs] [Times: user=0.48 sys=0.00, real=0.16 secs] 
152.753: [CMS-concurrent-preclean-start]
152.757: [CMS-concurrent-preclean: 0.004/0.004 secs] [Times: user=0.00 sys=0.00, real=0.01 secs] 
152.757: [CMS-concurrent-abortable-preclean-start]
152.757: [CMS-concurrent-abortable-preclean: 0.000/0.000 secs] [Times: user=0.00 sys=0.00, real=0.00 secs] 
152.757: [GC (CMS Final Remark) [YG occupancy: 729618 K (1572864 K)]152.757: [Rescan (parallel) , 0.0603908 secs]152.817: [weak refs processing, 0.0000296 secs]152.817: [class unloading, 0.0012367 secs]152.818: [scrub symbol table, 0.0005479 secs]152.819: [scrub string table, 0.0002431 secs][1 CMS-remark: 3314976K(3495296K)] 4044595K(5068160K), 0.0626582 secs] [Times: user=0.46 sys=0.00, real=0.06 secs] 
152.819: [CMS-concurrent-sweep-start]
152.964: [CMS-concurrent-sweep: 0.144/0.144 secs] [Times: user=0.15 sys=0.01, real=0.14 secs] 
152.964: [CMS-concurrent-reset-start]
152.971: [CMS-concurrent-reset: 0.007/0.007 secs] [Times: user=0.01 sys=0.00, real=0.01 secs] 
154.971: [GC (CMS Initial Mark) [1 CMS-initial-mark: 3314976K(3495296K)] 4113040K(5068160K), 0.0507409 secs] [Times: user=0.16 sys=0.00, real=0.05 secs] 
155.022: [CMS-concurrent-mark-start]
155.187: [CMS-concurrent-mark: 0.166/0.166 secs] [Times: user=0.34 sys=0.00, real=0.17 secs] 
155.187: [CMS-concurrent-preclean-start]
155.191: [CMS-concurrent-preclean: 0.004/0.004 secs] [Times: user=0.00 sys=0.00, real=0.00 secs] 
155.191: [CMS-concurrent-abortable-preclean-start]
155.191: [CMS-concurrent-abortable-preclean: 0.000/0.000 secs] [Times: user=0.00 sys=0.00, real=0.00 secs] 
155.191: [GC (CMS Final Remark) [YG occupancy: 798064 K (1572864 K)]155.191: [Rescan (parallel) , 0.0597002 secs]155.251: [weak refs processing, 0.0000367 secs]155.251: [class unloading, 0.0013223 secs]155.252: [scrub symbol table, 0.0007306 secs]155.253: [scrub string table, 0.0002805 secs][1 CMS-remark: 3314976K(3495296K)] 4113040K(5068160K), 0.0623058 secs] [Times: user=0.46 sys=0.00, real=0.07 secs] 
155.254: [CMS-concurrent-sweep-start]
155.392: [CMS-concurrent-sweep: 0.139/0.139 secs] [Times: user=0.14 sys=0.01, real=0.13 secs] 
155.392: [CMS-concurrent-reset-start]
155.399: [CMS-concurrent-reset: 0.006/0.006 secs] [Times: user=0.01 sys=0.00, real=0.01 secs] 
157.398: [GC (CMS Initial Mark) [1 CMS-initial-mark: 3314976K(3495296K)] 4158671K(5068160K), 0.0482607 secs] [Times: user=0.18 sys=0.00, real=0.05 secs] 
157.447: [CMS-concurrent-mark-start]
157.615: [CMS-concurrent-mark: 0.167/0.168 secs] [Times: user=0.50 sys=0.02, real=0.17 secs] 
157.615: [CMS-concurrent-preclean-start]
157.619: [CMS-concurrent-preclean: 0.004/0.004 secs] [Times: user=0.00 sys=0.00, real=0.00 secs] 
157.687: [CMS-concurrent-abortable-preclean-start]
157.687: [CMS-concurrent-abortable-preclean: 0.000/0.000 secs] [Times: user=0.00 sys=0.00, real=0.00 secs] 
157.687: [GC (CMS Final Remark) [YG occupancy: 843694 K (1572864 K)]157.687: [Rescan (parallel) , 0.0605551 secs]157.748: [weak refs processing, 0.0000151 secs]157.748: [class unloading, 0.0012169 secs]157.749: [scrub symbol table, 0.0005432 secs]157.750: [scrub string table, 0.0002379 secs][1 CMS-remark: 3314976K(3495296K)] 4158671K(5068160K), 0.0627885 secs] [Times: user=0.44 sys=0.00, real=0.06 secs] 
157.750: [CMS-concurrent-sweep-start]
157.929: [CMS-concurrent-sweep: 0.179/0.179 secs] [Times: user=0.36 sys=0.00, real=0.18 secs] 
157.929: [CMS-concurrent-reset-start]
157.936: [CMS-concurrent-reset: 0.006/0.006 secs] [Times: user=0.01 sys=0.00, real=0.01 secs] 
159.935: [GC (CMS Initial Mark) [1 CMS-initial-mark: 3314976K(3495296K)] 4204301K(5068160K), 0.0558316 secs] [Times: user=0.19 sys=0.00, real=0.05 secs] 
159.991: [CMS-concurrent-mark-start]
160.154: [CMS-concurrent-mark: 0.163/0.163 secs] [Times: user=0.33 sys=0.00, real=0.17 secs] 
160.154: [CMS-concurrent-preclean-start]
160.157: [CMS-concurrent-preclean: 0.004/0.004 secs] [Times: user=0.00 sys=0.00, real=0.00 secs] 
160.157: [CMS-concurrent-abortable-preclean-start]
160.157: [CMS-concurrent-abortable-preclean: 0.000/0.000 secs] [Times: user=0.00 sys=0.00, real=0.00 secs] 
160.158: [GC (CMS Final Remark) [YG occupancy: 889325 K (1572864 K)]160.158: [Rescan (parallel) , 0.0583556 secs]160.216: [weak refs processing, 0.0000358 secs]160.216: [class unloading, 0.0012687 secs]160.217: [scrub symbol table, 0.0006582 secs]160.218: [scrub string table, 0.0002410 secs][1 CMS-remark: 3314976K(3495296K)] 4204301K(5068160K), 0.0608067 secs] [Times: user=0.45 sys=0.00, real=0.06 secs] 
160.218: [CMS-concurrent-sweep-start]
160.412: [CMS-concurrent-sweep: 0.175/0.194 secs] [Times: user=0.31 sys=0.02, real=0.19 secs] 
160.412: [CMS-concurrent-reset-start]
160.419: [CMS-concurrent-reset: 0.007/0.007 secs] [Times: user=0.01 sys=0.00, real=0.01 secs] 
162.418: [GC (CMS Initial Mark) [1 CMS-initial-mark: 3314976K(3495296K)] 4297556K(5068160K), 0.0524567 secs] [Times: user=0.23 sys=0.00, real=0.05 secs] 
162.471: [CMS-concurrent-mark-start]
162.718: [CMS-concurrent-mark: 0.246/0.247 secs] [Times: user=0.75 sys=0.01, real=0.25 secs] 
162.800: [CMS-concurrent-preclean-start]
162.805: [CMS-concurrent-preclean: 0.005/0.005 secs] [Times: user=0.02 sys=0.00, real=0.01 secs] 
162.805: [CMS-concurrent-abortable-preclean-start]
162.805: [CMS-concurrent-abortable-preclean: 0.000/0.000 secs] [Times: user=0.00 sys=0.00, real=0.00 secs] 
162.805: [GC (CMS Final Remark) [YG occupancy: 1005395 K (1572864 K)]162.805: [Rescan (parallel) , 0.0625058 secs]162.868: [weak refs processing, 0.0000115 secs]162.868: [class unloading, 0.0012709 secs]162.869: [scrub symbol table, 0.0005387 secs]162.870: [scrub string table, 0.0002374 secs][1 CMS-remark: 3314976K(3495296K)] 4320372K(5068160K), 0.0647965 secs] [Times: user=0.46 sys=0.00, real=0.06 secs] 
162.870: [CMS-concurrent-sweep-start]
163.049: [CMS-concurrent-sweep: 0.179/0.179 secs] [Times: user=0.36 sys=0.00, real=0.18 secs] 
163.049: [CMS-concurrent-reset-start]
163.056: [CMS-concurrent-reset: 0.006/0.006 secs] [Times: user=0.02 sys=0.00, real=0.01 secs] 
165.055: [GC (CMS Initial Mark) [1 CMS-initial-mark: 3314976K(3495296K)] 4388817K(5068160K), 0.0503721 secs] [Times: user=0.26 sys=0.00, real=0.05 secs] 
165.106: [CMS-concurrent-mark-start]
165.347: [CMS-concurrent-mark: 0.242/0.242 secs] [Times: user=0.72 sys=0.02, real=0.24 secs] 
165.347: [CMS-concurrent-preclean-start]
165.351: [CMS-concurrent-preclean: 0.004/0.004 secs] [Times: user=0.01 sys=0.00, real=0.00 secs] 
165.351: [CMS-concurrent-abortable-preclean-start]
165.351: [CMS-concurrent-abortable-preclean: 0.000/0.000 secs] [Times: user=0.00 sys=0.00, real=0.00 secs] 
165.351: [GC (CMS Final Remark) [YG occupancy: 1073841 K (1572864 K)]165.351: [Rescan (parallel) , 0.0630084 secs]165.414: [weak refs processing, 0.0000219 secs]165.414: [class unloading, 0.0012267 secs]165.415: [scrub symbol table, 0.0005401 secs]165.416: [scrub string table, 0.0002378 secs][1 CMS-remark: 3314976K(3495296K)] 4388817K(5068160K), 0.0652699 secs] [Times: user=0.47 sys=0.01, real=0.07 secs] 
165.417: [CMS-concurrent-sweep-start]
165.570: [CMS-concurrent-sweep: 0.153/0.154 secs] [Times: user=0.31 sys=0.00, real=0.15 secs] 
165.570: [CMS-concurrent-reset-start]
165.577: [CMS-concurrent-reset: 0.007/0.007 secs] [Times: user=0.02 sys=0.00, real=0.01 secs] 
167.577: [GC (CMS Initial Mark) [1 CMS-initial-mark: 3314976K(3495296K)] 4480078K(5068160K), 0.0593866 secs] [Times: user=0.30 sys=0.00, real=0.06 secs] 
167.636: [CMS-concurrent-mark-start]
167.807: [CMS-concurrent-mark: 0.170/0.170 secs] [Times: user=0.51 sys=0.01, real=0.17 secs] 
167.807: [CMS-concurrent-preclean-start]
167.811: [CMS-concurrent-preclean: 0.004/0.004 secs] [Times: user=0.01 sys=0.00, real=0.00 secs] 
167.875: [CMS-concurrent-abortable-preclean-start]
167.875: [CMS-concurrent-abortable-preclean: 0.000/0.000 secs] [Times: user=0.00 sys=0.00, real=0.00 secs] 
167.875: [GC (CMS Final Remark) [YG occupancy: 1165101 K (1572864 K)]167.875: [Rescan (parallel) , 0.0644855 secs]167.939: [weak refs processing, 0.0000121 secs]167.939: [class unloading, 0.0011896 secs]167.941: [scrub symbol table, 0.0005480 secs]167.941: [scrub string table, 0.0002392 secs][1 CMS-remark: 3314976K(3495296K)] 4480078K(5068160K), 0.0666849 secs] [Times: user=0.52 sys=0.00, real=0.06 secs] 
167.942: [CMS-concurrent-sweep-start]
168.121: [CMS-concurrent-sweep: 0.179/0.179 secs] [Times: user=0.36 sys=0.00, real=0.18 secs] 
168.121: [CMS-concurrent-reset-start]
168.128: [CMS-concurrent-reset: 0.006/0.006 secs] [Times: user=0.01 sys=0.00, real=0.01 secs] 
170.127: [GC (CMS Initial Mark) [1 CMS-initial-mark: 3314976K(3495296K)] 4571338K(5068160K), 0.0599938 secs] [Times: user=0.34 sys=0.00, real=0.06 secs] 
170.187: [CMS-concurrent-mark-start]
170.381: [CMS-concurrent-mark: 0.194/0.194 secs] [Times: user=0.59 sys=0.01, real=0.19 secs] 
170.381: [CMS-concurrent-preclean-start]
170.385: [CMS-concurrent-preclean: 0.004/0.004 secs] [Times: user=0.00 sys=0.00, real=0.00 secs] 
170.385: [CMS-concurrent-abortable-preclean-start]
170.385: [CMS-concurrent-abortable-preclean: 0.000/0.000 secs] [Times: user=0.00 sys=0.00, real=0.00 secs] 
170.385: [GC (CMS Final Remark) [YG occupancy: 1279177 K (1572864 K)]170.385: [Rescan (parallel) , 0.0654852 secs]170.451: [weak refs processing, 0.0000112 secs]170.451: [class unloading, 0.0012531 secs]170.452: [scrub symbol table, 0.0005522 secs]170.452: [scrub string table, 0.0002427 secs][1 CMS-remark: 3314976K(3495296K)] 4594154K(5068160K), 0.0677715 secs] [Times: user=0.52 sys=0.00, real=0.07 secs] 
170.453: [CMS-concurrent-sweep-start]
170.602: [CMS-concurrent-sweep: 0.149/0.149 secs] [Times: user=0.31 sys=0.01, real=0.15 secs] 
170.602: [CMS-concurrent-reset-start]
170.609: [CMS-concurrent-reset: 0.007/0.007 secs] [Times: user=0.01 sys=0.00, real=0.01 secs] 
172.609: [GC (CMS Initial Mark) [1 CMS-initial-mark: 3314976K(3495296K)] 4662599K(5068160K), 0.0619937 secs] [Times: user=0.38 sys=0.00, real=0.06 secs] 
172.671: [CMS-concurrent-mark-start]
172.840: [CMS-concurrent-mark: 0.169/0.169 secs] [Times: user=0.43 sys=0.01, real=0.17 secs] 
172.840: [CMS-concurrent-preclean-start]
172.843: [CMS-concurrent-preclean: 0.004/0.004 secs] [Times: user=0.00 sys=0.00, real=0.00 secs] 
172.938: [CMS-concurrent-abortable-preclean-start]
172.938: [CMS-concurrent-abortable-preclean: 0.000/0.000 secs] [Times: user=0.00 sys=0.00, real=0.00 secs] 
172.962: [GC (CMS Final Remark) [YG occupancy: 1370438 K (1572864 K)]172.962: [Rescan (parallel) , 0.0724680 secs]173.035: [weak refs processing, 0.0000276 secs]173.035: [class unloading, 0.0012153 secs]173.036: [scrub symbol table, 0.0005465 secs]173.037: [scrub string table, 0.0002392 secs][1 CMS-remark: 3314976K(3495296K)] 4685414K(5068160K), 0.0747385 secs] [Times: user=0.55 sys=0.00, real=0.08 secs] 
173.037: [CMS-concurrent-sweep-start]
173.186: [CMS-concurrent-sweep: 0.149/0.149 secs] [Times: user=0.28 sys=0.02, real=0.15 secs] 
173.186: [CMS-concurrent-reset-start]
173.192: [CMS-concurrent-reset: 0.007/0.007 secs] [Times: user=0.01 sys=0.00, real=0.00 secs] 
175.192: [GC (CMS Initial Mark) [1 CMS-initial-mark: 3314976K(3495296K)] 4746233K(5068160K), 0.0630030 secs] [Times: user=0.42 sys=0.00, real=0.07 secs] 
175.255: [CMS-concurrent-mark-start]
175.427: [CMS-concurrent-mark: 0.172/0.172 secs] [Times: user=0.51 sys=0.01, real=0.17 secs] 
175.427: [CMS-concurrent-preclean-start]
175.431: [CMS-concurrent-preclean: 0.004/0.004 secs] [Times: user=0.01 sys=0.00, real=0.00 secs] 
175.431: [CMS-concurrent-abortable-preclean-start]
175.431: [CMS-concurrent-abortable-preclean: 0.000/0.000 secs] [Times: user=0.00 sys=0.00, real=0.00 secs] 
175.431: [GC (CMS Final Remark) [YG occupancy: 1436861 K (1572864 K)]175.431: [Rescan (parallel) , 0.0702527 secs]175.501: [weak refs processing, 0.0000249 secs]175.501: [class unloading, 0.0013611 secs]175.502: [scrub symbol table, 0.0007807 secs]175.503: [scrub string table, 0.0002530 secs][1 CMS-remark: 3314976K(3495296K)] 4751837K(5068160K), 0.0728844 secs] [Times: user=0.56 sys=0.00, real=0.07 secs] 
175.504: [CMS-concurrent-sweep-start]
175.650: [CMS-concurrent-sweep: 0.146/0.146 secs] [Times: user=0.30 sys=0.01, real=0.15 secs] 
175.650: [CMS-concurrent-reset-start]
175.657: [CMS-concurrent-reset: 0.007/0.007 secs] [Times: user=0.01 sys=0.00, real=0.01 secs] 
177.656: [GC (CMS Initial Mark) [1 CMS-initial-mark: 3314976K(3495296K)] 4823846K(5068160K), 0.0626536 secs] [Times: user=0.44 sys=0.00, real=0.06 secs] 
177.719: [CMS-concurrent-mark-start]
177.885: [CMS-concurrent-mark: 0.166/0.166 secs] [Times: user=0.50 sys=0.01, real=0.16 secs] 
177.885: [CMS-concurrent-preclean-start]
177.889: [CMS-concurrent-preclean: 0.004/0.004 secs] [Times: user=0.01 sys=0.00, real=0.01 secs] 
177.889: [CMS-concurrent-abortable-preclean-start]
177.889: [CMS-concurrent-abortable-preclean: 0.000/0.000 secs] [Times: user=0.00 sys=0.00, real=0.00 secs] 
177.889: [GC (CMS Final Remark) [YG occupancy: 1514362 K (1572864 K)]177.889: [Rescan (parallel) , 0.0708846 secs]177.960: [weak refs processing, 0.0000225 secs]177.960: [class unloading, 0.0012926 secs]177.961: [scrub symbol table, 0.0007285 secs]177.962: [scrub string table, 0.0002476 secs][1 CMS-remark: 3314976K(3495296K)] 4829338K(5068160K), 0.0734088 secs] [Times: user=0.57 sys=0.00, real=0.07 secs] 
177.962: [CMS-concurrent-sweep-start]
178.111: [CMS-concurrent-sweep: 0.149/0.149 secs] [Times: user=0.29 sys=0.00, real=0.15 secs] 
178.111: [CMS-concurrent-reset-start]
178.117: [CMS-concurrent-reset: 0.006/0.006 secs] [Times: user=0.01 sys=0.00, real=0.01 secs] 
179.849: [GC (Allocation Failure) 179.849: [ParNew: 1572863K->1572863K(1572864K), 0.0000147 secs]179.849: [CMS: 3314976K->3314976K(3495296K), 0.9187331 secs] 4887840K->3801109K(5068160K), [Metaspace: 9998K->9998K(1058816K)], 0.9188478 secs] [Times: user=0.92 sys=0.01, real=0.92 secs] 
180.800: [GC (CMS Initial Mark) [1 CMS-initial-mark: 3314976K(3495296K)] 3829301K(5068160K), 0.0405728 secs] [Times: user=0.04 sys=0.00, real=0.04 secs] 
180.840: [CMS-concurrent-mark-start]
181.095: [CMS-concurrent-mark: 0.244/0.254 secs] [Times: user=0.74 sys=0.02, real=0.26 secs] 
181.095: [CMS-concurrent-preclean-start]
181.295: [CMS-concurrent-preclean: 0.201/0.201 secs] [Times: user=0.40 sys=0.00, real=0.20 secs] 
181.295: [CMS-concurrent-abortable-preclean-start]
181.295: [CMS-concurrent-abortable-preclean: 0.000/0.000 secs] [Times: user=0.00 sys=0.00, real=0.00 secs] 
181.296: [GC (CMS Final Remark) [YG occupancy: 516831 K (1572864 K)]181.296: [Rescan (parallel) , 0.0583706 secs]181.354: [weak refs processing, 0.0000144 secs]181.354: [class unloading, 0.0012984 secs]181.355: [scrub symbol table, 0.0005548 secs]181.356: [scrub string table, 0.0002492 secs][1 CMS-remark: 3314976K(3495296K)] 3831807K(5068160K), 0.0607013 secs] [Times: user=0.41 sys=0.01, real=0.06 secs] 
181.356: [CMS-concurrent-sweep-start]
181.506: [CMS-concurrent-sweep: 0.149/0.149 secs] [Times: user=0.30 sys=0.00, real=0.15 secs] 
181.506: [CMS-concurrent-reset-start]
181.513: [CMS-concurrent-reset: 0.007/0.007 secs] [Times: user=0.01 sys=0.00, real=0.00 secs] 
183.512: [GC (CMS Initial Mark) [1 CMS-initial-mark: 3314976K(3495296K)] 3943377K(5068160K), 0.0442996 secs] [Times: user=0.08 sys=0.00, real=0.05 secs] 
183.557: [CMS-concurrent-mark-start]
183.733: [CMS-concurrent-mark: 0.176/0.176 secs] [Times: user=0.52 sys=0.02, real=0.17 secs] 
183.733: [CMS-concurrent-preclean-start]
183.736: [CMS-concurrent-preclean: 0.004/0.004 secs] [Times: user=0.01 sys=0.00, real=0.01 secs] 
183.736: [CMS-concurrent-abortable-preclean-start]
183.736: [CMS-concurrent-abortable-preclean: 0.000/0.000 secs] [Times: user=0.00 sys=0.00, real=0.00 secs] 
183.737: [GC (CMS Final Remark) [YG occupancy: 628401 K (1572864 K)]183.737: [Rescan (parallel) , 0.0584471 secs]183.795: [weak refs processing, 0.0000211 secs]183.795: [class unloading, 0.0012800 secs]183.796: [scrub symbol table, 0.0005571 secs]183.797: [scrub string table, 0.0002570 secs][1 CMS-remark: 3314976K(3495296K)] 3943377K(5068160K), 0.0608037 secs] [Times: user=0.40 sys=0.02, real=0.06 secs] 
183.798: [CMS-concurrent-sweep-start]
183.946: [CMS-concurrent-sweep: 0.148/0.148 secs] [Times: user=0.30 sys=0.00, real=0.15 secs] 
183.946: [CMS-concurrent-reset-start]
183.952: [CMS-concurrent-reset: 0.007/0.007 secs] [Times: user=0.01 sys=0.00, real=0.00 secs] 
185.952: [GC (CMS Initial Mark) [1 CMS-initial-mark: 3314976K(3495296K)] 4032634K(5068160K), 0.0418944 secs] [Times: user=0.12 sys=0.00, real=0.05 secs] 
185.994: [CMS-concurrent-mark-start]
186.168: [CMS-concurrent-mark: 0.173/0.173 secs] [Times: user=0.51 sys=0.02, real=0.17 secs] 
186.168: [CMS-concurrent-preclean-start]
186.172: [CMS-concurrent-preclean: 0.004/0.004 secs] [Times: user=0.01 sys=0.00, real=0.00 secs] 
186.172: [CMS-concurrent-abortable-preclean-start]
186.172: [CMS-concurrent-abortable-preclean: 0.000/0.000 secs] [Times: user=0.00 sys=0.00, real=0.00 secs] 
186.172: [GC (CMS Final Remark) [YG occupancy: 717657 K (1572864 K)]186.172: [Rescan (parallel) , 0.0596712 secs]186.232: [weak refs processing, 0.0000156 secs]186.232: [class unloading, 0.0013246 secs]186.233: [scrub symbol table, 0.0007950 secs]186.234: [scrub string table, 0.0002429 secs][1 CMS-remark: 3314976K(3495296K)] 4032634K(5068160K), 0.0622803 secs] [Times: user=0.41 sys=0.00, real=0.07 secs] 
186.234: [CMS-concurrent-sweep-start]
186.377: [CMS-concurrent-sweep: 0.143/0.143 secs] [Times: user=0.29 sys=0.00, real=0.14 secs] 
186.377: [CMS-concurrent-reset-start]
186.384: [CMS-concurrent-reset: 0.007/0.007 secs] [Times: user=0.01 sys=0.00, real=0.00 secs] 
188.384: [GC (CMS Initial Mark) [1 CMS-initial-mark: 3314976K(3495296K)] 4123512K(5068160K), 0.0486689 secs] [Times: user=0.17 sys=0.00, real=0.05 secs] 
188.433: [CMS-concurrent-mark-start]
188.606: [CMS-concurrent-mark: 0.172/0.173 secs] [Times: user=0.52 sys=0.00, real=0.18 secs] 
188.606: [CMS-concurrent-preclean-start]
188.610: [CMS-concurrent-preclean: 0.004/0.004 secs] [Times: user=0.00 sys=0.00, real=0.00 secs] 
188.610: [CMS-concurrent-abortable-preclean-start]
188.610: [CMS-concurrent-abortable-preclean: 0.000/0.000 secs] [Times: user=0.00 sys=0.00, real=0.00 secs] 
188.610: [GC (CMS Final Remark) [YG occupancy: 830850 K (1572864 K)]188.610: [Rescan (parallel) , 0.0610239 secs]188.671: [weak refs processing, 0.0000120 secs]188.671: [class unloading, 0.0013437 secs]188.672: [scrub symbol table, 0.0007721 secs]188.673: [scrub string table, 0.0002526 secs][1 CMS-remark: 3314976K(3495296K)] 4145826K(5068160K), 0.0635977 secs] [Times: user=0.44 sys=0.00, real=0.07 secs] 
188.674: [CMS-concurrent-sweep-start]
188.818: [CMS-concurrent-sweep: 0.145/0.145 secs] [Times: user=0.28 sys=0.02, real=0.14 secs] 
188.818: [CMS-concurrent-reset-start]
188.825: [CMS-concurrent-reset: 0.007/0.007 secs] [Times: user=0.02 sys=0.00, real=0.01 secs] 
190.825: [GC (CMS Initial Mark) [1 CMS-initial-mark: 3314976K(3495296K)] 4214026K(5068160K), 0.0519590 secs] [Times: user=0.19 sys=0.00, real=0.06 secs] 
190.877: [CMS-concurrent-mark-start]
191.053: [CMS-concurrent-mark: 0.176/0.176 secs] [Times: user=0.53 sys=0.02, real=0.17 secs] 
191.053: [CMS-concurrent-preclean-start]
191.057: [CMS-concurrent-preclean: 0.004/0.004 secs] [Times: user=0.01 sys=0.00, real=0.01 secs] 
191.057: [CMS-concurrent-abortable-preclean-start]
191.057: [CMS-concurrent-abortable-preclean: 0.000/0.000 secs] [Times: user=0.00 sys=0.00, real=0.00 secs] 
191.057: [GC (CMS Final Remark) [YG occupancy: 921364 K (1572864 K)]191.057: [Rescan (parallel) , 0.0614590 secs]191.118: [weak refs processing, 0.0000324 secs]191.118: [class unloading, 0.0013028 secs]191.120: [scrub symbol table, 0.0005573 secs]191.120: [scrub string table, 0.0002493 secs][1 CMS-remark: 3314976K(3495296K)] 4236340K(5068160K), 0.0638282 secs] [Times: user=0.47 sys=0.00, real=0.06 secs] 
191.121: [CMS-concurrent-sweep-start]
191.284: [CMS-concurrent-sweep: 0.163/0.163 secs] [Times: user=0.26 sys=0.01, real=0.16 secs] 
191.284: [CMS-concurrent-reset-start]
191.290: [CMS-concurrent-reset: 0.006/0.006 secs] [Times: user=0.01 sys=0.00, real=0.01 secs] 
193.290: [GC (CMS Initial Mark) [1 CMS-initial-mark: 3314976K(3495296K)] 4325596K(5068160K), 0.1266044 secs] [Times: user=0.24 sys=0.01, real=0.13 secs] 
193.417: [CMS-concurrent-mark-start]
193.592: [CMS-concurrent-mark: 0.174/0.175 secs] [Times: user=0.52 sys=0.00, real=0.17 secs] 
193.592: [CMS-concurrent-preclean-start]
193.595: [CMS-concurrent-preclean: 0.004/0.004 secs] [Times: user=0.01 sys=0.00, real=0.01 secs] 
193.595: [CMS-concurrent-abortable-preclean-start]
193.595: [CMS-concurrent-abortable-preclean: 0.000/0.000 secs] [Times: user=0.00 sys=0.00, real=0.00 secs] 
193.596: [GC (CMS Final Remark) [YG occupancy: 1010620 K (1572864 K)]193.596: [Rescan (parallel) , 0.0632176 secs]193.659: [weak refs processing, 0.0000243 secs]193.659: [class unloading, 0.0012264 secs]193.660: [scrub symbol table, 0.0007110 secs]193.661: [scrub string table, 0.0002536 secs][1 CMS-remark: 3314976K(3495296K)] 4325596K(5068160K), 0.0656329 secs] [Times: user=0.49 sys=0.00, real=0.06 secs] 
193.661: [CMS-concurrent-sweep-start]
193.813: [CMS-concurrent-sweep: 0.152/0.152 secs] [Times: user=0.30 sys=0.01, real=0.16 secs] 
193.813: [CMS-concurrent-reset-start]
193.820: [CMS-concurrent-reset: 0.007/0.007 secs] [Times: user=0.01 sys=0.00, real=0.00 secs] 
195.819: [GC (CMS Initial Mark) [1 CMS-initial-mark: 3314976K(3495296K)] 4414853K(5068160K), 0.0555447 secs] [Times: user=0.28 sys=0.00, real=0.06 secs] 
195.875: [CMS-concurrent-mark-start]
196.076: [CMS-concurrent-mark: 0.201/0.201 secs] [Times: user=0.60 sys=0.02, real=0.20 secs] 
196.077: [CMS-concurrent-preclean-start]
196.081: [CMS-concurrent-preclean: 0.004/0.004 secs] [Times: user=0.01 sys=0.00, real=0.00 secs] 
196.081: [CMS-concurrent-abortable-preclean-start]
196.081: [CMS-concurrent-abortable-preclean: 0.000/0.000 secs] [Times: user=0.00 sys=0.00, real=0.00 secs] 
196.081: [GC (CMS Final Remark) [YG occupancy: 1122190 K (1572864 K)]196.081: [Rescan (parallel) , 0.0620298 secs]196.143: [weak refs processing, 0.0000156 secs]196.143: [class unloading, 0.0012646 secs]196.144: [scrub symbol table, 0.0007837 secs]196.145: [scrub string table, 0.0002844 secs][1 CMS-remark: 3314976K(3495296K)] 4437167K(5068160K), 0.0646257 secs] [Times: user=0.46 sys=0.00, real=0.07 secs] 
196.146: [CMS-concurrent-sweep-start]
196.296: [CMS-concurrent-sweep: 0.150/0.150 secs] [Times: user=0.31 sys=0.00, real=0.15 secs] 
196.296: [CMS-concurrent-reset-start]
196.303: [CMS-concurrent-reset: 0.007/0.007 secs] [Times: user=0.02 sys=0.00, real=0.00 secs] 
198.303: [GC (CMS Initial Mark) [1 CMS-initial-mark: 3314976K(3495296K)] 4526423K(5068160K), 0.1519033 secs] [Times: user=0.32 sys=0.01, real=0.16 secs] 
198.455: [CMS-concurrent-mark-start]
198.622: [CMS-concurrent-mark: 0.167/0.168 secs] [Times: user=0.50 sys=0.00, real=0.16 secs] 
198.622: [CMS-concurrent-preclean-start]
198.626: [CMS-concurrent-preclean: 0.003/0.003 secs] [Times: user=0.01 sys=0.00, real=0.01 secs] 
198.626: [CMS-concurrent-abortable-preclean-start]
198.626: [CMS-concurrent-abortable-preclean: 0.000/0.000 secs] [Times: user=0.00 sys=0.00, real=0.00 secs] 
198.626: [GC (CMS Final Remark) [YG occupancy: 1211447 K (1572864 K)]198.626: [Rescan (parallel) , 0.0672872 secs]198.693: [weak refs processing, 0.0000233 secs]198.694: [class unloading, 0.0013670 secs]198.695: [scrub symbol table, 0.0008102 secs]198.696: [scrub string table, 0.0002883 secs][1 CMS-remark: 3314976K(3495296K)] 4526423K(5068160K), 0.0700282 secs] [Times: user=0.52 sys=0.01, real=0.07 secs] 
198.696: [CMS-concurrent-sweep-start]
198.844: [CMS-concurrent-sweep: 0.148/0.148 secs] [Times: user=0.30 sys=0.01, real=0.14 secs] 
198.844: [CMS-concurrent-reset-start]
198.851: [CMS-concurrent-reset: 0.007/0.007 secs] [Times: user=0.01 sys=0.00, real=0.01 secs] 
200.851: [GC (CMS Initial Mark) [1 CMS-initial-mark: 3314976K(3495296K)] 4616937K(5068160K), 0.0633515 secs] [Times: user=0.36 sys=0.02, real=0.07 secs] 
200.914: [CMS-concurrent-mark-start]
201.165: [CMS-concurrent-mark: 0.251/0.251 secs] [Times: user=0.64 sys=0.01, real=0.25 secs] 
201.165: [CMS-concurrent-preclean-start]
201.169: [CMS-concurrent-preclean: 0.004/0.004 secs] [Times: user=0.00 sys=0.01, real=0.00 secs] 
201.169: [CMS-concurrent-abortable-preclean-start]
201.169: [CMS-concurrent-abortable-preclean: 0.000/0.000 secs] [Times: user=0.00 sys=0.00, real=0.00 secs] 
201.169: [GC (CMS Final Remark) [YG occupancy: 1324274 K (1572864 K)]201.169: [Rescan (parallel) , 0.0666198 secs]201.236: [weak refs processing, 0.0000239 secs]201.236: [class unloading, 0.0012837 secs]201.237: [scrub symbol table, 0.0008134 secs]201.238: [scrub string table, 0.0002676 secs][1 CMS-remark: 3314976K(3495296K)] 4639251K(5068160K), 0.0692648 secs] [Times: user=0.53 sys=0.00, real=0.07 secs] 
201.238: [CMS-concurrent-sweep-start]
201.380: [CMS-concurrent-sweep: 0.141/0.141 secs] [Times: user=0.14 sys=0.01, real=0.14 secs] 
201.463: [CMS-concurrent-reset-start]
201.470: [CMS-concurrent-reset: 0.007/0.007 secs] [Times: user=0.01 sys=0.00, real=0.01 secs] 
203.469: [GC (CMS Initial Mark) [1 CMS-initial-mark: 3314976K(3495296K)] 4706193K(5068160K), 0.0561197 secs] [Times: user=0.38 sys=0.01, real=0.06 secs] 
203.525: [CMS-concurrent-mark-start]
203.695: [CMS-concurrent-mark: 0.170/0.170 secs] [Times: user=0.51 sys=0.00, real=0.17 secs] 
203.695: [CMS-concurrent-preclean-start]
203.699: [CMS-concurrent-preclean: 0.004/0.004 secs] [Times: user=0.01 sys=0.00, real=0.00 secs] 
203.699: [CMS-concurrent-abortable-preclean-start]
203.699: [CMS-concurrent-abortable-preclean: 0.000/0.000 secs] [Times: user=0.00 sys=0.00, real=0.00 secs] 
203.699: [GC (CMS Final Remark) [YG occupancy: 1398144 K (1572864 K)]203.699: [Rescan (parallel) , 0.0710441 secs]203.770: [weak refs processing, 0.0000121 secs]203.770: [class unloading, 0.0013303 secs]203.771: [scrub symbol table, 0.0005842 secs]203.772: [scrub string table, 0.0002564 secs][1 CMS-remark: 3314976K(3495296K)] 4713120K(5068160K), 0.0734381 secs] [Times: user=0.56 sys=0.00, real=0.07 secs] 
203.772: [CMS-concurrent-sweep-start]
203.918: [CMS-concurrent-sweep: 0.146/0.146 secs] [Times: user=0.28 sys=0.01, real=0.15 secs] 
203.918: [CMS-concurrent-reset-start]
203.925: [CMS-concurrent-reset: 0.007/0.007 secs] [Times: user=0.02 sys=0.00, real=0.00 secs] 
205.925: [GC (CMS Initial Mark) [1 CMS-initial-mark: 3314976K(3495296K)] 4779049K(5068160K), 0.0668618 secs] [Times: user=0.43 sys=0.01, real=0.07 secs] 
205.992: [CMS-concurrent-mark-start]
206.162: [CMS-concurrent-mark: 0.171/0.171 secs] [Times: user=0.51 sys=0.01, real=0.17 secs] 
206.162: [CMS-concurrent-preclean-start]
206.166: [CMS-concurrent-preclean: 0.004/0.004 secs] [Times: user=0.01 sys=0.00, real=0.01 secs] 
206.166: [CMS-concurrent-abortable-preclean-start]
206.166: [CMS-concurrent-abortable-preclean: 0.000/0.000 secs] [Times: user=0.00 sys=0.00, real=0.00 secs] 
206.166: [GC (CMS Final Remark) [YG occupancy: 1469385 K (1572864 K)]206.166: [Rescan (parallel) , 0.0691186 secs]206.235: [weak refs processing, 0.0000232 secs]206.235: [class unloading, 0.0013456 secs]206.237: [scrub symbol table, 0.0007562 secs]206.237: [scrub string table, 0.0002706 secs][1 CMS-remark: 3314976K(3495296K)] 4784362K(5068160K), 0.0717641 secs] [Times: user=0.55 sys=0.00, real=0.07 secs] 
206.238: [CMS-concurrent-sweep-start]
206.383: [CMS-concurrent-sweep: 0.145/0.145 secs] [Times: user=0.30 sys=0.00, real=0.14 secs] 
206.383: [CMS-concurrent-reset-start]
206.390: [CMS-concurrent-reset: 0.007/0.007 secs] [Times: user=0.01 sys=0.00, real=0.01 secs] 
208.389: [GC (CMS Initial Mark) [1 CMS-initial-mark: 3314976K(3495296K)] 4856739K(5068160K), 0.0666352 secs] [Times: user=0.46 sys=0.00, real=0.07 secs] 
208.456: [CMS-concurrent-mark-start]
208.698: [CMS-concurrent-mark: 0.241/0.242 secs] [Times: user=0.73 sys=0.00, real=0.24 secs] 
208.698: [CMS-concurrent-preclean-start]
208.702: [CMS-concurrent-preclean: 0.004/0.004 secs] [Times: user=0.00 sys=0.00, real=0.00 secs] 
208.702: [CMS-concurrent-abortable-preclean-start]
208.702: [CMS-concurrent-abortable-preclean: 0.000/0.000 secs] [Times: user=0.00 sys=0.00, real=0.00 secs] 
208.702: [GC (CMS Final Remark) [YG occupancy: 1549991 K (1572864 K)]208.702: [Rescan (parallel) , 0.0710705 secs]208.773: [weak refs processing, 0.0000350 secs]208.773: [class unloading, 0.0013528 secs]208.775: [scrub symbol table, 0.0005791 secs]208.775: [scrub string table, 0.0002830 secs][1 CMS-remark: 3314976K(3495296K)] 4864967K(5068160K), 0.0735653 secs] [Times: user=0.55 sys=0.02, real=0.08 secs] 
208.776: [CMS-concurrent-sweep-start]
208.920: [CMS-concurrent-sweep: 0.145/0.145 secs] [Times: user=0.29 sys=0.01, real=0.14 secs] 
208.921: [CMS-concurrent-reset-start]
208.927: [CMS-concurrent-reset: 0.007/0.007 secs] [Times: user=0.02 sys=0.00, real=0.01 secs] 
209.470: [GC (Allocation Failure) 209.470: [ParNew: 1572864K->1572864K(1572864K), 0.0000151 secs]209.470: [CMS: 3314976K->3314976K(3495296K), 0.9377996 secs] 4887840K->3801112K(5068160K), [Metaspace: 10003K->10003K(1058816K)], 0.9379051 secs] [Times: user=0.94 sys=0.07, real=0.94 secs] 
210.439: [GC (CMS Initial Mark) [1 CMS-initial-mark: 3314976K(3495296K)] 3823989K(5068160K), 0.0410154 secs] [Times: user=0.04 sys=0.00, real=0.04 secs] 
210.480: [CMS-concurrent-mark-start]
210.661: [CMS-concurrent-mark: 0.171/0.180 secs] [Times: user=0.52 sys=0.02, real=0.18 secs] 
210.661: [CMS-concurrent-preclean-start]
210.860: [CMS-concurrent-preclean: 0.200/0.200 secs] [Times: user=0.40 sys=0.00, real=0.20 secs] 
210.860: [CMS-concurrent-abortable-preclean-start]
210.860: [CMS-concurrent-abortable-preclean: 0.000/0.000 secs] [Times: user=0.00 sys=0.00, real=0.00 secs] 
210.860: [GC (CMS Final Remark) [YG occupancy: 513645 K (1572864 K)]210.860: [Rescan (parallel) , 0.0578603 secs]210.918: [weak refs processing, 0.0000127 secs]210.918: [class unloading, 0.0014702 secs]210.920: [scrub symbol table, 0.0007669 secs]210.921: [scrub string table, 0.0002381 secs][1 CMS-remark: 3314976K(3495296K)] 3828622K(5068160K), 0.0605962 secs] [Times: user=0.46 sys=0.00, real=0.06 secs] 
210.921: [CMS-concurrent-sweep-start]
211.070: [CMS-concurrent-sweep: 0.149/0.149 secs] [Times: user=0.29 sys=0.00, real=0.15 secs] 
211.070: [CMS-concurrent-reset-start]
211.077: [CMS-concurrent-reset: 0.006/0.006 secs] [Times: user=0.02 sys=0.00, real=0.01 secs] 
213.077: [GC (CMS Initial Mark) [1 CMS-initial-mark: 3314976K(3495296K)] 3938740K(5068160K), 0.0449950 secs] [Times: user=0.09 sys=0.00, real=0.04 secs] 
213.122: [CMS-concurrent-mark-start]
213.371: [CMS-concurrent-mark: 0.249/0.249 secs] [Times: user=0.75 sys=0.01, real=0.25 secs] 
213.371: [CMS-concurrent-preclean-start]
213.374: [CMS-concurrent-preclean: 0.004/0.004 secs] [Times: user=0.01 sys=0.00, real=0.01 secs] 
213.374: [CMS-concurrent-abortable-preclean-start]
213.374: [CMS-concurrent-abortable-preclean: 0.000/0.000 secs] [Times: user=0.00 sys=0.00, real=0.00 secs] 
213.374: [GC (CMS Final Remark) [YG occupancy: 623763 K (1572864 K)]213.374: [Rescan (parallel) , 0.0579535 secs]213.432: [weak refs processing, 0.0000127 secs]213.432: [class unloading, 0.0013212 secs]213.434: [scrub symbol table, 0.0007695 secs]213.434: [scrub string table, 0.0002421 secs][1 CMS-remark: 3314976K(3495296K)] 3938740K(5068160K), 0.0605550 secs] [Times: user=0.44 sys=0.00, real=0.06 secs] 
213.435: [CMS-concurrent-sweep-start]
213.574: [CMS-concurrent-sweep: 0.138/0.139 secs] [Times: user=0.14 sys=0.00, real=0.14 secs] 
213.574: [CMS-concurrent-reset-start]
213.580: [CMS-concurrent-reset: 0.006/0.006 secs] [Times: user=0.00 sys=0.00, real=0.00 secs] 
215.579: [GC (CMS Initial Mark) [1 CMS-initial-mark: 3314976K(3495296K)] 4026834K(5068160K), 0.0476097 secs] [Times: user=0.13 sys=0.00, real=0.05 secs] 
215.627: [CMS-concurrent-mark-start]
215.869: [CMS-concurrent-mark: 0.243/0.243 secs] [Times: user=0.48 sys=0.02, real=0.24 secs] 
215.869: [CMS-concurrent-preclean-start]
215.873: [CMS-concurrent-preclean: 0.004/0.004 secs] [Times: user=0.01 sys=0.00, real=0.01 secs] 
215.873: [CMS-concurrent-abortable-preclean-start]
215.873: [CMS-concurrent-abortable-preclean: 0.000/0.000 secs] [Times: user=0.00 sys=0.00, real=0.00 secs] 
215.896: [GC (CMS Final Remark) [YG occupancy: 711857 K (1572864 K)]215.896: [Rescan (parallel) , 0.0591316 secs]215.955: [weak refs processing, 0.0000140 secs]215.955: [class unloading, 0.0012661 secs]215.956: [scrub symbol table, 0.0005528 secs]215.957: [scrub string table, 0.0002598 secs][1 CMS-remark: 3314976K(3495296K)] 4026834K(5068160K), 0.0614423 secs] [Times: user=0.46 sys=0.00, real=0.06 secs] 
215.957: [CMS-concurrent-sweep-start]
216.138: [CMS-concurrent-sweep: 0.180/0.180 secs] [Times: user=0.35 sys=0.01, real=0.18 secs] 
216.138: [CMS-concurrent-reset-start]
216.145: [CMS-concurrent-reset: 0.007/0.007 secs] [Times: user=0.01 sys=0.00, real=0.00 secs] 
218.145: [GC (CMS Initial Mark) [1 CMS-initial-mark: 3314976K(3495296K)] 4115781K(5068160K), 0.0458908 secs] [Times: user=0.15 sys=0.00, real=0.05 secs] 
218.191: [CMS-concurrent-mark-start]
218.436: [CMS-concurrent-mark: 0.246/0.246 secs] [Times: user=0.75 sys=0.01, real=0.25 secs] 
218.511: [CMS-concurrent-preclean-start]
218.515: [CMS-concurrent-preclean: 0.004/0.004 secs] [Times: user=0.01 sys=0.00, real=0.01 secs] 
218.515: [CMS-concurrent-abortable-preclean-start]
218.515: [CMS-concurrent-abortable-preclean: 0.000/0.000 secs] [Times: user=0.00 sys=0.00, real=0.00 secs] 
218.515: [GC (CMS Final Remark) [YG occupancy: 800805 K (1572864 K)]218.515: [Rescan (parallel) , 0.0572462 secs]218.572: [weak refs processing, 0.0000219 secs]218.572: [class unloading, 0.0012521 secs]218.573: [scrub symbol table, 0.0005443 secs]218.574: [scrub string table, 0.0002428 secs][1 CMS-remark: 3314976K(3495296K)] 4115781K(5068160K), 0.0595567 secs] [Times: user=0.44 sys=0.00, real=0.06 secs] 
218.574: [CMS-concurrent-sweep-start]
218.722: [CMS-concurrent-sweep: 0.148/0.148 secs] [Times: user=0.23 sys=0.00, real=0.14 secs] 
218.722: [CMS-concurrent-reset-start]
218.729: [CMS-concurrent-reset: 0.006/0.006 secs] [Times: user=0.02 sys=0.00, real=0.01 secs] 
220.728: [GC (CMS Initial Mark) [1 CMS-initial-mark: 3314976K(3495296K)] 4203875K(5068160K), 0.0489561 secs] [Times: user=0.19 sys=0.00, real=0.05 secs] 
220.777: [CMS-concurrent-mark-start]
220.946: [CMS-concurrent-mark: 0.168/0.168 secs] [Times: user=0.50 sys=0.01, real=0.17 secs] 
220.946: [CMS-concurrent-preclean-start]
220.949: [CMS-concurrent-preclean: 0.004/0.004 secs] [Times: user=0.01 sys=0.00, real=0.00 secs] 
220.949: [CMS-concurrent-abortable-preclean-start]
220.949: [CMS-concurrent-abortable-preclean: 0.000/0.000 secs] [Times: user=0.00 sys=0.00, real=0.00 secs] 
220.949: [GC (CMS Final Remark) [YG occupancy: 888899 K (1572864 K)]220.950: [Rescan (parallel) , 0.0622586 secs]221.012: [weak refs processing, 0.0000264 secs]221.012: [class unloading, 0.0012993 secs]221.013: [scrub symbol table, 0.0005462 secs]221.014: [scrub string table, 0.0002412 secs][1 CMS-remark: 3314976K(3495296K)] 4203875K(5068160K), 0.0646186 secs] [Times: user=0.47 sys=0.01, real=0.07 secs] 
221.014: [CMS-concurrent-sweep-start]
221.198: [CMS-concurrent-sweep: 0.184/0.184 secs] [Times: user=0.36 sys=0.01, real=0.18 secs] 
221.198: [CMS-concurrent-reset-start]
221.205: [CMS-concurrent-reset: 0.007/0.007 secs] [Times: user=0.02 sys=0.00, real=0.00 secs] 
223.205: [GC (CMS Initial Mark) [1 CMS-initial-mark: 3314976K(3495296K)] 4313993K(5068160K), 0.0546096 secs] [Times: user=0.23 sys=0.01, real=0.06 secs] 
223.259: [CMS-concurrent-mark-start]
223.427: [CMS-concurrent-mark: 0.168/0.168 secs] [Times: user=0.51 sys=0.01, real=0.17 secs] 
223.427: [CMS-concurrent-preclean-start]
223.433: [CMS-concurrent-preclean: 0.006/0.006 secs] [Times: user=0.01 sys=0.00, real=0.00 secs] 
223.531: [CMS-concurrent-abortable-preclean-start]
223.531: [CMS-concurrent-abortable-preclean: 0.000/0.000 secs] [Times: user=0.00 sys=0.00, real=0.00 secs] 
223.531: [GC (CMS Final Remark) [YG occupancy: 999017 K (1572864 K)]223.531: [Rescan (parallel) , 0.0632399 secs]223.594: [weak refs processing, 0.0000122 secs]223.594: [class unloading, 0.0012297 secs]223.595: [scrub symbol table, 0.0005574 secs]223.596: [scrub string table, 0.0002548 secs][1 CMS-remark: 3314976K(3495296K)] 4313993K(5068160K), 0.0655272 secs] [Times: user=0.47 sys=0.00, real=0.07 secs] 
223.596: [CMS-concurrent-sweep-start]
223.775: [CMS-concurrent-sweep: 0.178/0.178 secs] [Times: user=0.37 sys=0.00, real=0.18 secs] 
223.775: [CMS-concurrent-reset-start]
223.781: [CMS-concurrent-reset: 0.007/0.007 secs] [Times: user=0.01 sys=0.00, real=0.00 secs] 
225.781: [GC (CMS Initial Mark) [1 CMS-initial-mark: 3314976K(3495296K)] 4402940K(5068160K), 0.0552112 secs] [Times: user=0.27 sys=0.01, real=0.06 secs] 
225.836: [CMS-concurrent-mark-start]
226.009: [CMS-concurrent-mark: 0.173/0.173 secs] [Times: user=0.51 sys=0.02, real=0.17 secs] 
226.009: [CMS-concurrent-preclean-start]
226.014: [CMS-concurrent-preclean: 0.006/0.006 secs] [Times: user=0.01 sys=0.00, real=0.01 secs] 
226.014: [CMS-concurrent-abortable-preclean-start]
226.014: [CMS-concurrent-abortable-preclean: 0.000/0.000 secs] [Times: user=0.00 sys=0.00, real=0.00 secs] 
226.015: [GC (CMS Final Remark) [YG occupancy: 1087964 K (1572864 K)]226.015: [Rescan (parallel) , 0.0640132 secs]226.079: [weak refs processing, 0.0000126 secs]226.079: [class unloading, 0.0013100 secs]226.080: [scrub symbol table, 0.0005614 secs]226.081: [scrub string table, 0.0002485 secs][1 CMS-remark: 3314976K(3495296K)] 4402940K(5068160K), 0.0663542 secs] [Times: user=0.50 sys=0.00, real=0.06 secs] 
226.081: [CMS-concurrent-sweep-start]
226.230: [CMS-concurrent-sweep: 0.149/0.149 secs] [Times: user=0.31 sys=0.00, real=0.15 secs] 
226.230: [CMS-concurrent-reset-start]
226.237: [CMS-concurrent-reset: 0.007/0.007 secs] [Times: user=0.01 sys=0.00, real=0.01 secs] 
228.237: [GC (CMS Initial Mark) [1 CMS-initial-mark: 3314976K(3495296K)] 4491035K(5068160K), 0.0590792 secs] [Times: user=0.30 sys=0.01, real=0.06 secs] 
228.296: [CMS-concurrent-mark-start]
228.474: [CMS-concurrent-mark: 0.177/0.178 secs] [Times: user=0.58 sys=0.01, real=0.18 secs] 
228.474: [CMS-concurrent-preclean-start]
228.478: [CMS-concurrent-preclean: 0.004/0.004 secs] [Times: user=0.00 sys=0.00, real=0.00 secs] 
228.611: [CMS-concurrent-abortable-preclean-start]
228.611: [CMS-concurrent-abortable-preclean: 0.000/0.000 secs] [Times: user=0.00 sys=0.00, real=0.00 secs] 
228.611: [GC (CMS Final Remark) [YG occupancy: 1198082 K (1572864 K)]228.611: [Rescan (parallel) , 0.0655616 secs]228.677: [weak refs processing, 0.0000117 secs]228.677: [class unloading, 0.0012400 secs]228.678: [scrub symbol table, 0.0005414 secs]228.678: [scrub string table, 0.0002429 secs][1 CMS-remark: 3314976K(3495296K)] 4513058K(5068160K), 0.0678015 secs] [Times: user=0.48 sys=0.01, real=0.07 secs] 
228.679: [CMS-concurrent-sweep-start]
228.819: [CMS-concurrent-sweep: 0.140/0.140 secs] [Times: user=0.28 sys=0.00, real=0.14 secs] 
228.819: [CMS-concurrent-reset-start]
228.826: [CMS-concurrent-reset: 0.006/0.006 secs] [Times: user=0.01 sys=0.00, real=0.01 secs] 
230.826: [GC (CMS Initial Mark) [1 CMS-initial-mark: 3314976K(3495296K)] 4602006K(5068160K), 0.0611751 secs] [Times: user=0.36 sys=0.00, real=0.06 secs] 
230.887: [CMS-concurrent-mark-start]
231.144: [CMS-concurrent-mark: 0.257/0.257 secs] [Times: user=0.94 sys=0.03, real=0.25 secs] 
231.144: [CMS-concurrent-preclean-start]
231.150: [CMS-concurrent-preclean: 0.005/0.005 secs] [Times: user=0.02 sys=0.00, real=0.01 secs] 
231.150: [CMS-concurrent-abortable-preclean-start]
231.150: [CMS-concurrent-abortable-preclean: 0.000/0.000 secs] [Times: user=0.00 sys=0.00, real=0.00 secs] 
231.150: [GC (CMS Final Remark) [YG occupancy: 1309053 K (1572864 K)]231.150: [Rescan (parallel) , 0.0706420 secs]231.221: [weak refs processing, 0.0000226 secs]231.221: [class unloading, 0.0014240 secs]231.222: [scrub symbol table, 0.0005686 secs]231.223: [scrub string table, 0.0002470 secs][1 CMS-remark: 3314976K(3495296K)] 4624029K(5068160K), 0.0731277 secs] [Times: user=0.56 sys=0.00, real=0.07 secs] 
231.223: [CMS-concurrent-sweep-start]
231.373: [CMS-concurrent-sweep: 0.150/0.150 secs] [Times: user=0.32 sys=0.01, real=0.15 secs] 
231.373: [CMS-concurrent-reset-start]
231.380: [CMS-concurrent-reset: 0.007/0.007 secs] [Times: user=0.01 sys=0.00, real=0.01 secs] 
233.380: [GC (CMS Initial Mark) [1 CMS-initial-mark: 3314976K(3495296K)] 4690100K(5068160K), 0.0623899 secs] [Times: user=0.39 sys=0.00, real=0.06 secs] 
233.443: [CMS-concurrent-mark-start]
233.686: [CMS-concurrent-mark: 0.242/0.243 secs] [Times: user=0.73 sys=0.03, real=0.25 secs] 
233.711: [CMS-concurrent-preclean-start]
233.716: [CMS-concurrent-preclean: 0.006/0.006 secs] [Times: user=0.02 sys=0.00, real=0.01 secs] 
233.716: [CMS-concurrent-abortable-preclean-start]
233.716: [CMS-concurrent-abortable-preclean: 0.000/0.000 secs] [Times: user=0.00 sys=0.00, real=0.00 secs] 
233.716: [GC (CMS Final Remark) [YG occupancy: 1397147 K (1572864 K)]233.716: [Rescan (parallel) , 0.0686175 secs]233.785: [weak refs processing, 0.0000154 secs]233.785: [class unloading, 0.0012161 secs]233.786: [scrub symbol table, 0.0005499 secs]233.787: [scrub string table, 0.0002406 secs][1 CMS-remark: 3314976K(3495296K)] 4712123K(5068160K), 0.0708596 secs] [Times: user=0.52 sys=0.00, real=0.07 secs] 
233.787: [CMS-concurrent-sweep-start]
233.967: [CMS-concurrent-sweep: 0.180/0.180 secs] [Times: user=0.36 sys=0.01, real=0.18 secs] 
233.967: [CMS-concurrent-reset-start]
233.974: [CMS-concurrent-reset: 0.007/0.007 secs] [Times: user=0.01 sys=0.00, real=0.01 secs] 
236.125: [GC (CMS Initial Mark) [1 CMS-initial-mark: 3314976K(3495296K)] 4773105K(5068160K), 0.0651743 secs] [Times: user=0.42 sys=0.01, real=0.06 secs] 
236.191: [CMS-concurrent-mark-start]
236.362: [CMS-concurrent-mark: 0.171/0.171 secs] [Times: user=0.51 sys=0.01, real=0.17 secs] 
236.362: [CMS-concurrent-preclean-start]
236.367: [CMS-concurrent-preclean: 0.006/0.006 secs] [Times: user=0.01 sys=0.00, real=0.01 secs] 
236.367: [CMS-concurrent-abortable-preclean-start]
236.367: [CMS-concurrent-abortable-preclean: 0.000/0.000 secs] [Times: user=0.00 sys=0.00, real=0.00 secs] 
236.367: [GC (CMS Final Remark) [YG occupancy: 1463699 K (1572864 K)]236.367: [Rescan (parallel) , 0.0704337 secs]236.438: [weak refs processing, 0.0000124 secs]236.438: [class unloading, 0.0012608 secs]236.439: [scrub symbol table, 0.0005534 secs]236.440: [scrub string table, 0.0002453 secs][1 CMS-remark: 3314976K(3495296K)] 4778675K(5068160K), 0.0727100 secs] [Times: user=0.56 sys=0.01, real=0.07 secs] 
236.440: [CMS-concurrent-sweep-start]
236.623: [CMS-concurrent-sweep: 0.182/0.182 secs] [Times: user=0.36 sys=0.02, real=0.18 secs] 
236.623: [CMS-concurrent-reset-start]
236.629: [CMS-concurrent-reset: 0.007/0.007 secs] [Times: user=0.01 sys=0.00, real=0.01 secs] 
238.629: [GC (CMS Initial Mark) [1 CMS-initial-mark: 3314976K(3495296K)] 4847903K(5068160K), 0.0659078 secs] [Times: user=0.46 sys=0.00, real=0.17 secs] 
238.800: [CMS-concurrent-mark-start]
239.001: [CMS-concurrent-mark: 0.202/0.202 secs] [Times: user=0.61 sys=0.00, real=0.20 secs] 
239.001: [CMS-concurrent-preclean-start]
239.006: [CMS-concurrent-preclean: 0.005/0.005 secs] [Times: user=0.01 sys=0.00, real=0.01 secs] 
239.006: [CMS-concurrent-abortable-preclean-start]
239.006: [CMS-concurrent-abortable-preclean: 0.000/0.000 secs] [Times: user=0.00 sys=0.00, real=0.00 secs] 
239.006: [GC (CMS Final Remark) [YG occupancy: 1539692 K (1572864 K)]239.006: [Rescan (parallel) , 0.0710249 secs]239.077: [weak refs processing, 0.0000122 secs]239.077: [class unloading, 0.0012673 secs]239.079: [scrub symbol table, 0.0005850 secs]239.079: [scrub string table, 0.0002539 secs][1 CMS-remark: 3314976K(3495296K)] 4854668K(5068160K), 0.0733722 secs] [Times: user=0.56 sys=0.01, real=0.07 secs] 
239.080: [CMS-concurrent-sweep-start]
239.227: [CMS-concurrent-sweep: 0.147/0.147 secs] [Times: user=0.31 sys=0.00, real=0.15 secs] 
239.227: [CMS-concurrent-reset-start]
239.234: [CMS-concurrent-reset: 0.007/0.007 secs] [Times: user=0.01 sys=0.00, real=0.01 secs] 
240.076: [GC (Allocation Failure) 240.076: [ParNew: 1572864K->1572864K(1572864K), 0.0000131 secs]240.076: [CMS: 3314976K->3314976K(3495296K), 0.9496315 secs] 4887840K->3801112K(5068160K), [Metaspace: 10007K->10007K(1058816K)], 0.9497287 secs] [Times: user=0.96 sys=0.06, real=0.95 secs] 
241.026: [GC (CMS Initial Mark) [1 CMS-initial-mark: 3314976K(3495296K)] 3825477K(5068160K), 0.0415794 secs] [Times: user=0.04 sys=0.00, real=0.04 secs] 
241.068: [CMS-concurrent-mark-start]
241.243: [CMS-concurrent-mark: 0.173/0.176 secs] [Times: user=0.53 sys=0.01, real=0.17 secs] 
241.243: [CMS-concurrent-preclean-start]
241.454: [CMS-concurrent-preclean: 0.211/0.211 secs] [Times: user=0.42 sys=0.02, real=0.22 secs] 
241.454: [CMS-concurrent-abortable-preclean-start]
241.454: [CMS-concurrent-abortable-preclean: 0.000/0.000 secs] [Times: user=0.00 sys=0.00, real=0.00 secs] 
241.454: [GC (CMS Final Remark) [YG occupancy: 511592 K (1572864 K)]241.455: [Rescan (parallel) , 0.0557623 secs]241.510: [weak refs processing, 0.0000126 secs]241.510: [class unloading, 0.0014084 secs]241.512: [scrub symbol table, 0.0007413 secs]241.512: [scrub string table, 0.0003068 secs][1 CMS-remark: 3314976K(3495296K)] 3826569K(5068160K), 0.0584653 secs] [Times: user=0.40 sys=0.00, real=0.05 secs] 
241.513: [CMS-concurrent-sweep-start]
241.662: [CMS-concurrent-sweep: 0.149/0.149 secs] [Times: user=0.30 sys=0.02, real=0.15 secs] 
241.662: [CMS-concurrent-reset-start]
241.669: [CMS-concurrent-reset: 0.007/0.007 secs] [Times: user=0.02 sys=0.00, real=0.01 secs] 
243.668: [GC (CMS Initial Mark) [1 CMS-initial-mark: 3314976K(3495296K)] 3935887K(5068160K), 0.0412327 secs] [Times: user=0.08 sys=0.01, real=0.15 secs] 
243.815: [CMS-concurrent-mark-start]
243.981: [CMS-concurrent-mark: 0.166/0.166 secs] [Times: user=0.50 sys=0.00, real=0.16 secs] 
243.981: [CMS-concurrent-preclean-start]
243.986: [CMS-concurrent-preclean: 0.004/0.004 secs] [Times: user=0.01 sys=0.00, real=0.01 secs] 
243.986: [CMS-concurrent-abortable-preclean-start]
243.986: [CMS-concurrent-abortable-preclean: 0.000/0.000 secs] [Times: user=0.00 sys=0.00, real=0.00 secs] 
243.986: [GC (CMS Final Remark) [YG occupancy: 620911 K (1572864 K)]243.986: [Rescan (parallel) , 0.0560688 secs]244.042: [weak refs processing, 0.0000220 secs]244.042: [class unloading, 0.0012235 secs]244.043: [scrub symbol table, 0.0006203 secs]244.044: [scrub string table, 0.0002414 secs][1 CMS-remark: 3314976K(3495296K)] 3935887K(5068160K), 0.0583865 secs] [Times: user=0.34 sys=0.00, real=0.05 secs] 
244.044: [CMS-concurrent-sweep-start]
244.190: [CMS-concurrent-sweep: 0.146/0.146 secs] [Times: user=0.29 sys=0.02, real=0.15 secs] 
244.190: [CMS-concurrent-reset-start]
244.197: [CMS-concurrent-reset: 0.007/0.007 secs] [Times: user=0.01 sys=0.00, real=0.01 secs] 
246.197: [GC (CMS Initial Mark) [1 CMS-initial-mark: 3314976K(3495296K)] 4023922K(5068160K), 0.0484079 secs] [Times: user=0.12 sys=0.01, real=0.05 secs] 
246.245: [CMS-concurrent-mark-start]
246.414: [CMS-concurrent-mark: 0.169/0.169 secs] [Times: user=0.50 sys=0.02, real=0.17 secs] 
246.414: [CMS-concurrent-preclean-start]
246.418: [CMS-concurrent-preclean: 0.004/0.004 secs] [Times: user=0.01 sys=0.00, real=0.00 secs] 
246.418: [CMS-concurrent-abortable-preclean-start]
246.418: [CMS-concurrent-abortable-preclean: 0.000/0.000 secs] [Times: user=0.00 sys=0.00, real=0.00 secs] 
246.418: [GC (CMS Final Remark) [YG occupancy: 730810 K (1572864 K)]246.418: [Rescan (parallel) , 0.0610720 secs]246.480: [weak refs processing, 0.0000221 secs]246.480: [class unloading, 0.0012621 secs]246.481: [scrub symbol table, 0.0005614 secs]246.481: [scrub string table, 0.0002440 secs][1 CMS-remark: 3314976K(3495296K)] 4045786K(5068160K), 0.0633875 secs] [Times: user=0.46 sys=0.01, real=0.06 secs] 
246.482: [CMS-concurrent-sweep-start]
246.627: [CMS-concurrent-sweep: 0.145/0.145 secs] [Times: user=0.29 sys=0.01, real=0.15 secs] 
246.627: [CMS-concurrent-reset-start]
246.634: [CMS-concurrent-reset: 0.007/0.007 secs] [Times: user=0.01 sys=0.00, real=0.01 secs] 
248.633: [GC (CMS Initial Mark) [1 CMS-initial-mark: 3314976K(3495296K)] 4111377K(5068160K), 0.0477490 secs] [Times: user=0.14 sys=0.01, real=0.04 secs] 
248.681: [CMS-concurrent-mark-start]
248.852: [CMS-concurrent-mark: 0.169/0.170 secs] [Times: user=0.50 sys=0.01, real=0.17 secs] 
248.852: [CMS-concurrent-preclean-start]
248.855: [CMS-concurrent-preclean: 0.004/0.004 secs] [Times: user=0.01 sys=0.00, real=0.01 secs] 
248.855: [CMS-concurrent-abortable-preclean-start]
248.855: [CMS-concurrent-abortable-preclean: 0.000/0.000 secs] [Times: user=0.00 sys=0.00, real=0.00 secs] 
248.856: [GC (CMS Final Remark) [YG occupancy: 796401 K (1572864 K)]248.856: [Rescan (parallel) , 0.0599625 secs]248.916: [weak refs processing, 0.0000321 secs]248.916: [class unloading, 0.0013409 secs]248.917: [scrub symbol table, 0.0008162 secs]248.918: [scrub string table, 0.0002735 secs][1 CMS-remark: 3314976K(3495296K)] 4111377K(5068160K), 0.0626756 secs] [Times: user=0.46 sys=0.00, real=0.06 secs] 
248.918: [CMS-concurrent-sweep-start]
249.085: [CMS-concurrent-sweep: 0.167/0.167 secs] [Times: user=0.37 sys=0.02, real=0.17 secs] 
249.085: [CMS-concurrent-reset-start]
249.092: [CMS-concurrent-reset: 0.006/0.006 secs] [Times: user=0.01 sys=0.00, real=0.00 secs] 
251.091: [GC (CMS Initial Mark) [1 CMS-initial-mark: 3314976K(3495296K)] 4221259K(5068160K), 0.0484431 secs] [Times: user=0.19 sys=0.00, real=0.05 secs] 
251.140: [CMS-concurrent-mark-start]
251.313: [CMS-concurrent-mark: 0.173/0.173 secs] [Times: user=0.51 sys=0.01, real=0.17 secs] 
251.313: [CMS-concurrent-preclean-start]
251.317: [CMS-concurrent-preclean: 0.004/0.004 secs] [Times: user=0.00 sys=0.00, real=0.01 secs] 
251.317: [CMS-concurrent-abortable-preclean-start]
251.317: [CMS-concurrent-abortable-preclean: 0.000/0.000 secs] [Times: user=0.00 sys=0.00, real=0.00 secs] 
251.317: [GC (CMS Final Remark) [YG occupancy: 906283 K (1572864 K)]251.317: [Rescan (parallel) , 0.0610246 secs]251.378: [weak refs processing, 0.0000127 secs]251.378: [class unloading, 0.0012862 secs]251.379: [scrub symbol table, 0.0005750 secs]251.380: [scrub string table, 0.0002527 secs][1 CMS-remark: 3314976K(3495296K)] 4221259K(5068160K), 0.0633999 secs] [Times: user=0.48 sys=0.00, real=0.06 secs] 
251.380: [CMS-concurrent-sweep-start]
251.528: [CMS-concurrent-sweep: 0.147/0.147 secs] [Times: user=0.29 sys=0.01, real=0.15 secs] 
251.528: [CMS-concurrent-reset-start]
251.535: [CMS-concurrent-reset: 0.007/0.007 secs] [Times: user=0.02 sys=0.00, real=0.01 secs] 
253.535: [GC (CMS Initial Mark) [1 CMS-initial-mark: 3314976K(3495296K)] 4308713K(5068160K), 0.0540459 secs] [Times: user=0.23 sys=0.00, real=0.05 secs] 
253.589: [CMS-concurrent-mark-start]
253.757: [CMS-concurrent-mark: 0.167/0.168 secs] [Times: user=0.50 sys=0.01, real=0.17 secs] 
253.757: [CMS-concurrent-preclean-start]
253.761: [CMS-concurrent-preclean: 0.004/0.004 secs] [Times: user=0.01 sys=0.00, real=0.00 secs] 
253.761: [CMS-concurrent-abortable-preclean-start]
253.761: [CMS-concurrent-abortable-preclean: 0.000/0.000 secs] [Times: user=0.00 sys=0.00, real=0.00 secs] 
253.761: [GC (CMS Final Remark) [YG occupancy: 994301 K (1572864 K)]253.761: [Rescan (parallel) , 0.0637112 secs]253.911: [weak refs processing, 0.0000221 secs]253.911: [class unloading, 0.0014023 secs]253.913: [scrub symbol table, 0.0005843 secs]253.913: [scrub string table, 0.0002399 secs][1 CMS-remark: 3314976K(3495296K)] 4309277K(5068160K), 0.1524935 secs] [Times: user=0.50 sys=0.00, real=0.16 secs] 
253.914: [CMS-concurrent-sweep-start]
254.059: [CMS-concurrent-sweep: 0.145/0.145 secs] [Times: user=0.29 sys=0.00, real=0.14 secs] 
254.059: [CMS-concurrent-reset-start]
254.065: [CMS-concurrent-reset: 0.006/0.006 secs] [Times: user=0.01 sys=0.00, real=0.01 secs] 
256.065: [GC (CMS Initial Mark) [1 CMS-initial-mark: 3314976K(3495296K)] 4396732K(5068160K), 0.0545040 secs] [Times: user=0.27 sys=0.01, real=0.05 secs] 
256.120: [CMS-concurrent-mark-start]
256.286: [CMS-concurrent-mark: 0.166/0.166 secs] [Times: user=0.51 sys=0.00, real=0.17 secs] 
256.286: [CMS-concurrent-preclean-start]
256.290: [CMS-concurrent-preclean: 0.004/0.004 secs] [Times: user=0.01 sys=0.00, real=0.00 secs] 
256.290: [CMS-concurrent-abortable-preclean-start]
256.290: [CMS-concurrent-abortable-preclean: 0.000/0.000 secs] [Times: user=0.00 sys=0.00, real=0.00 secs] 
256.290: [GC (CMS Final Remark) [YG occupancy: 1103619 K (1572864 K)]256.290: [Rescan (parallel) , 0.0637124 secs]256.354: [weak refs processing, 0.0000224 secs]256.354: [class unloading, 0.0014522 secs]256.355: [scrub symbol table, 0.0006857 secs]256.356: [scrub string table, 0.0002768 secs][1 CMS-remark: 3314976K(3495296K)] 4418595K(5068160K), 0.0664021 secs] [Times: user=0.50 sys=0.00, real=0.07 secs] 
256.357: [CMS-concurrent-sweep-start]
256.507: [CMS-concurrent-sweep: 0.151/0.151 secs] [Times: user=0.29 sys=0.01, real=0.15 secs] 
256.507: [CMS-concurrent-reset-start]
256.514: [CMS-concurrent-reset: 0.007/0.007 secs] [Times: user=0.02 sys=0.00, real=0.01 secs] 
258.513: [GC (CMS Initial Mark) [1 CMS-initial-mark: 3314976K(3495296K)] 4506050K(5068160K), 0.0612372 secs] [Times: user=0.31 sys=0.00, real=0.06 secs] 
258.575: [CMS-concurrent-mark-start]
258.745: [CMS-concurrent-mark: 0.170/0.171 secs] [Times: user=0.52 sys=0.00, real=0.17 secs] 
258.745: [CMS-concurrent-preclean-start]
258.749: [CMS-concurrent-preclean: 0.004/0.004 secs] [Times: user=0.01 sys=0.00, real=0.00 secs] 
258.749: [CMS-concurrent-abortable-preclean-start]
258.749: [CMS-concurrent-abortable-preclean: 0.000/0.000 secs] [Times: user=0.00 sys=0.00, real=0.00 secs] 
258.749: [GC (CMS Final Remark) [YG occupancy: 1191637 K (1572864 K)]258.749: [Rescan (parallel) , 0.0643048 secs]258.814: [weak refs processing, 0.0000293 secs]258.814: [class unloading, 0.0012638 secs]258.815: [scrub symbol table, 0.0005859 secs]258.815: [scrub string table, 0.0002551 secs][1 CMS-remark: 3314976K(3495296K)] 4506613K(5068160K), 0.0666838 secs] [Times: user=0.51 sys=0.01, real=0.07 secs] 
258.816: [CMS-concurrent-sweep-start]
258.960: [CMS-concurrent-sweep: 0.144/0.144 secs] [Times: user=0.28 sys=0.01, real=0.14 secs] 
258.960: [CMS-concurrent-reset-start]
258.967: [CMS-concurrent-reset: 0.006/0.006 secs] [Times: user=0.02 sys=0.00, real=0.01 secs] 
260.967: [GC (CMS Initial Mark) [1 CMS-initial-mark: 3314976K(3495296K)] 4595122K(5068160K), 0.0601060 secs] [Times: user=0.35 sys=0.00, real=0.06 secs] 
261.027: [CMS-concurrent-mark-start]
261.220: [CMS-concurrent-mark: 0.193/0.193 secs] [Times: user=0.59 sys=0.02, real=0.19 secs] 
261.220: [CMS-concurrent-preclean-start]
261.224: [CMS-concurrent-preclean: 0.004/0.004 secs] [Times: user=0.00 sys=0.00, real=0.00 secs] 
261.224: [CMS-concurrent-abortable-preclean-start]
261.224: [CMS-concurrent-abortable-preclean: 0.000/0.000 secs] [Times: user=0.00 sys=0.00, real=0.00 secs] 
261.224: [GC (CMS Final Remark) [YG occupancy: 1280146 K (1572864 K)]261.224: [Rescan (parallel) , 0.0667209 secs]261.291: [weak refs processing, 0.0000249 secs]261.291: [class unloading, 0.0012943 secs]261.292: [scrub symbol table, 0.0005800 secs]261.293: [scrub string table, 0.0002471 secs][1 CMS-remark: 3314976K(3495296K)] 4595122K(5068160K), 0.0691046 secs] [Times: user=0.54 sys=0.00, real=0.08 secs] 
261.293: [CMS-concurrent-sweep-start]
261.444: [CMS-concurrent-sweep: 0.151/0.151 secs] [Times: user=0.30 sys=0.02, real=0.14 secs] 
261.444: [CMS-concurrent-reset-start]
261.453: [CMS-concurrent-reset: 0.009/0.009 secs] [Times: user=0.02 sys=0.00, real=0.02 secs] 
263.453: [GC (CMS Initial Mark) [1 CMS-initial-mark: 3314976K(3495296K)] 4683141K(5068160K), 0.0608673 secs] [Times: user=0.39 sys=0.00, real=0.07 secs] 
263.514: [CMS-concurrent-mark-start]
263.683: [CMS-concurrent-mark: 0.169/0.170 secs] [Times: user=0.32 sys=0.02, real=0.16 secs] 
263.683: [CMS-concurrent-preclean-start]
263.687: [CMS-concurrent-preclean: 0.004/0.004 secs] [Times: user=0.01 sys=0.00, real=0.01 secs] 
263.687: [CMS-concurrent-abortable-preclean-start]
263.687: [CMS-concurrent-abortable-preclean: 0.000/0.000 secs] [Times: user=0.00 sys=0.00, real=0.00 secs] 
263.687: [GC (CMS Final Remark) [YG occupancy: 1368164 K (1572864 K)]263.687: [Rescan (parallel) , 0.0681665 secs]263.755: [weak refs processing, 0.0000123 secs]263.755: [class unloading, 0.0013866 secs]263.757: [scrub symbol table, 0.0005683 secs]263.757: [scrub string table, 0.0002613 secs][1 CMS-remark: 3314976K(3495296K)] 4683141K(5068160K), 0.0706022 secs] [Times: user=0.53 sys=0.01, real=0.07 secs] 
263.758: [CMS-concurrent-sweep-start]
263.918: [CMS-concurrent-sweep: 0.160/0.160 secs] [Times: user=0.30 sys=0.02, real=0.16 secs] 
263.970: [CMS-concurrent-reset-start]
263.977: [CMS-concurrent-reset: 0.006/0.006 secs] [Times: user=0.01 sys=0.00, real=0.01 secs] 
266.030: [GC (CMS Initial Mark) [1 CMS-initial-mark: 3314976K(3495296K)] 4758211K(5068160K), 0.0642669 secs] [Times: user=0.43 sys=0.00, real=0.07 secs] 
266.094: [CMS-concurrent-mark-start]
266.340: [CMS-concurrent-mark: 0.246/0.246 secs] [Times: user=0.72 sys=0.04, real=0.24 secs] 
266.340: [CMS-concurrent-preclean-start]
266.345: [CMS-concurrent-preclean: 0.005/0.006 secs] [Times: user=0.01 sys=0.00, real=0.01 secs] 
266.345: [CMS-concurrent-abortable-preclean-start]
266.345: [CMS-concurrent-abortable-preclean: 0.000/0.000 secs] [Times: user=0.00 sys=0.00, real=0.00 secs] 
266.346: [GC (CMS Final Remark) [YG occupancy: 1451208 K (1572864 K)]266.346: [Rescan (parallel) , 0.0699296 secs]266.416: [weak refs processing, 0.0000133 secs]266.416: [class unloading, 0.0013191 secs]266.417: [scrub symbol table, 0.0005752 secs]266.418: [scrub string table, 0.0002593 secs][1 CMS-remark: 3314976K(3495296K)] 4766184K(5068160K), 0.0723528 secs] [Times: user=0.56 sys=0.00, real=0.07 secs] 
266.418: [CMS-concurrent-sweep-start]
266.605: [CMS-concurrent-sweep: 0.187/0.187 secs] [Times: user=0.36 sys=0.02, real=0.19 secs] 
266.605: [CMS-concurrent-reset-start]
266.612: [CMS-concurrent-reset: 0.006/0.006 secs] [Times: user=0.02 sys=0.00, real=0.00 secs] 
268.611: [GC (CMS Initial Mark) [1 CMS-initial-mark: 3314976K(3495296K)] 4833395K(5068160K), 0.0650882 secs] [Times: user=0.45 sys=0.00, real=0.07 secs] 
268.676: [CMS-concurrent-mark-start]
268.842: [CMS-concurrent-mark: 0.165/0.166 secs] [Times: user=0.49 sys=0.00, real=0.16 secs] 
268.842: [CMS-concurrent-preclean-start]
268.846: [CMS-concurrent-preclean: 0.004/0.004 secs] [Times: user=0.01 sys=0.00, real=0.01 secs] 
268.846: [CMS-concurrent-abortable-preclean-start]
268.846: [CMS-concurrent-abortable-preclean: 0.000/0.000 secs] [Times: user=0.00 sys=0.00, real=0.00 secs] 
268.846: [GC (CMS Final Remark) [YG occupancy: 1523970 K (1572864 K)]268.846: [Rescan (parallel) , 0.0703293 secs]268.917: [weak refs processing, 0.0000211 secs]268.917: [class unloading, 0.0013928 secs]268.918: [scrub symbol table, 0.0007714 secs]268.919: [scrub string table, 0.0002519 secs][1 CMS-remark: 3314976K(3495296K)] 4838947K(5068160K), 0.0729995 secs] [Times: user=0.55 sys=0.01, real=0.07 secs] 
268.919: [CMS-concurrent-sweep-start]
269.067: [CMS-concurrent-sweep: 0.148/0.148 secs] [Times: user=0.30 sys=0.02, real=0.15 secs] 
269.067: [CMS-concurrent-reset-start]
269.074: [CMS-concurrent-reset: 0.006/0.006 secs] [Times: user=0.01 sys=0.00, real=0.01 secs] 
270.360: [GC (Allocation Failure) 270.360: [ParNew: 1572863K->1572863K(1572864K), 0.0000310 secs]270.360: [CMS: 3314976K->3314976K(3495296K), 0.9254383 secs] 4887840K->3801115K(5068160K), [Metaspace: 10023K->10023K(1058816K)], 0.9255697 secs] [Times: user=0.93 sys=0.03, real=0.93 secs] 
271.317: [GC (CMS Initial Mark) [1 CMS-initial-mark: 3314976K(3495296K)] 3824126K(5068160K), 0.0400778 secs] [Times: user=0.04 sys=0.00, real=0.04 secs] 
271.358: [CMS-concurrent-mark-start]
271.573: [CMS-concurrent-mark: 0.207/0.216 secs] [Times: user=0.64 sys=0.01, real=0.22 secs] 
271.573: [CMS-concurrent-preclean-start]
271.775: [CMS-concurrent-preclean: 0.202/0.202 secs] [Times: user=0.40 sys=0.00, real=0.20 secs] 
271.775: [CMS-concurrent-abortable-preclean-start]
271.775: [CMS-concurrent-abortable-preclean: 0.000/0.000 secs] [Times: user=0.00 sys=0.00, real=0.00 secs] 
271.775: [GC (CMS Final Remark) [YG occupancy: 510268 K (1572864 K)]271.775: [Rescan (parallel) , 0.0526759 secs]271.828: [weak refs processing, 0.0000166 secs]271.828: [class unloading, 0.0012732 secs]271.829: [scrub symbol table, 0.0005420 secs]271.830: [scrub string table, 0.0002427 secs][1 CMS-remark: 3314976K(3495296K)] 3825245K(5068160K), 0.0549671 secs] [Times: user=0.38 sys=0.01, real=0.05 secs] 
271.830: [CMS-concurrent-sweep-start]
271.974: [CMS-concurrent-sweep: 0.144/0.144 secs] [Times: user=0.29 sys=0.00, real=0.15 secs] 
271.974: [CMS-concurrent-reset-start]
271.981: [CMS-concurrent-reset: 0.007/0.007 secs] [Times: user=0.01 sys=0.00, real=0.00 secs] 
274.625: [GC (CMS Initial Mark) [1 CMS-initial-mark: 3314976K(3495296K)] 3912692K(5068160K), 0.0457467 secs] [Times: user=0.08 sys=0.00, real=0.04 secs] 
274.671: [CMS-concurrent-mark-start]
274.913: [CMS-concurrent-mark: 0.241/0.242 secs] [Times: user=0.69 sys=0.03, real=0.25 secs] 
274.913: [CMS-concurrent-preclean-start]
274.919: [CMS-concurrent-preclean: 0.006/0.006 secs] [Times: user=0.00 sys=0.01, real=0.00 secs] 
274.919: [CMS-concurrent-abortable-preclean-start]
274.919: [CMS-concurrent-abortable-preclean: 0.000/0.000 secs] [Times: user=0.00 sys=0.00, real=0.00 secs] 
274.919: [GC (CMS Final Remark) [YG occupancy: 619479 K (1572864 K)]274.919: [Rescan (parallel) , 0.0576456 secs]274.977: [weak refs processing, 0.0000342 secs]274.977: [class unloading, 0.0012774 secs]274.978: [scrub symbol table, 0.0007071 secs]274.979: [scrub string table, 0.0002399 secs][1 CMS-remark: 3314976K(3495296K)] 3934455K(5068160K), 0.0601735 secs] [Times: user=0.45 sys=0.00, real=0.06 secs] 
274.979: [CMS-concurrent-sweep-start]
275.163: [CMS-concurrent-sweep: 0.184/0.184 secs] [Times: user=0.36 sys=0.02, real=0.18 secs] 
275.163: [CMS-concurrent-reset-start]
275.170: [CMS-concurrent-reset: 0.006/0.006 secs] [Times: user=0.01 sys=0.00, real=0.01 secs] 
277.170: [GC (CMS Initial Mark) [1 CMS-initial-mark: 3314976K(3495296K)] 4000824K(5068160K), 0.0484464 secs] [Times: user=0.12 sys=0.01, real=0.05 secs] 
277.218: [CMS-concurrent-mark-start]
277.399: [CMS-concurrent-mark: 0.181/0.181 secs] [Times: user=0.47 sys=0.03, real=0.18 secs] 
277.399: [CMS-concurrent-preclean-start]
277.403: [CMS-concurrent-preclean: 0.004/0.004 secs] [Times: user=0.01 sys=0.00, real=0.00 secs] 
277.403: [CMS-concurrent-abortable-preclean-start]
277.403: [CMS-concurrent-abortable-preclean: 0.000/0.000 secs] [Times: user=0.00 sys=0.00, real=0.00 secs] 
277.403: [GC (CMS Final Remark) [YG occupancy: 685848 K (1572864 K)]277.403: [Rescan (parallel) , 0.0602805 secs]277.463: [weak refs processing, 0.0000258 secs]277.463: [class unloading, 0.0013259 secs]277.465: [scrub symbol table, 0.0006058 secs]277.465: [scrub string table, 0.0002693 secs][1 CMS-remark: 3314976K(3495296K)] 4000824K(5068160K), 0.0627520 secs] [Times: user=0.46 sys=0.00, real=0.07 secs] 
277.466: [CMS-concurrent-sweep-start]
277.614: [CMS-concurrent-sweep: 0.148/0.148 secs] [Times: user=0.30 sys=0.00, real=0.15 secs] 
277.614: [CMS-concurrent-reset-start]
277.620: [CMS-concurrent-reset: 0.007/0.007 secs] [Times: user=0.02 sys=0.00, real=0.00 secs] 
279.620: [GC (CMS Initial Mark) [1 CMS-initial-mark: 3314976K(3495296K)] 4087878K(5068160K), 0.0428923 secs] [Times: user=0.14 sys=0.00, real=0.04 secs] 
279.663: [CMS-concurrent-mark-start]
279.836: [CMS-concurrent-mark: 0.172/0.173 secs] [Times: user=0.52 sys=0.01, real=0.18 secs] 
279.836: [CMS-concurrent-preclean-start]
279.840: [CMS-concurrent-preclean: 0.004/0.004 secs] [Times: user=0.01 sys=0.00, real=0.00 secs] 
279.840: [CMS-concurrent-abortable-preclean-start]
279.840: [CMS-concurrent-abortable-preclean: 0.000/0.000 secs] [Times: user=0.00 sys=0.00, real=0.00 secs] 
279.840: [GC (CMS Final Remark) [YG occupancy: 773295 K (1572864 K)]279.840: [Rescan (parallel) , 0.0566706 secs]279.897: [weak refs processing, 0.0000118 secs]279.897: [class unloading, 0.0012424 secs]279.898: [scrub symbol table, 0.0005564 secs]279.899: [scrub string table, 0.0002436 secs][1 CMS-remark: 3314976K(3495296K)] 4088271K(5068160K), 0.0589466 secs] [Times: user=0.43 sys=0.00, real=0.06 secs] 
279.899: [CMS-concurrent-sweep-start]
280.054: [CMS-concurrent-sweep: 0.154/0.154 secs] [Times: user=0.31 sys=0.01, real=0.16 secs] 
280.054: [CMS-concurrent-reset-start]
280.060: [CMS-concurrent-reset: 0.007/0.007 secs] [Times: user=0.02 sys=0.00, real=0.00 secs] 
282.060: [GC (CMS Initial Mark) [1 CMS-initial-mark: 3314976K(3495296K)] 4182316K(5068160K), 0.0516441 secs] [Times: user=0.19 sys=0.00, real=0.05 secs] 
282.112: [CMS-concurrent-mark-start]
282.279: [CMS-concurrent-mark: 0.167/0.167 secs] [Times: user=0.50 sys=0.02, real=0.17 secs] 
282.279: [CMS-concurrent-preclean-start]
282.283: [CMS-concurrent-preclean: 0.004/0.004 secs] [Times: user=0.01 sys=0.00, real=0.00 secs] 
282.283: [CMS-concurrent-abortable-preclean-start]
282.283: [CMS-concurrent-abortable-preclean: 0.000/0.000 secs] [Times: user=0.00 sys=0.00, real=0.00 secs] 
282.284: [GC (CMS Final Remark) [YG occupancy: 889103 K (1572864 K)]282.284: [Rescan (parallel) , 0.0609022 secs]282.345: [weak refs processing, 0.0000246 secs]282.345: [class unloading, 0.0013719 secs]282.346: [scrub symbol table, 0.0006791 secs]282.347: [scrub string table, 0.0002441 secs][1 CMS-remark: 3314976K(3495296K)] 4204080K(5068160K), 0.0634950 secs] [Times: user=0.48 sys=0.00, real=0.07 secs] 
282.347: [CMS-concurrent-sweep-start]
282.493: [CMS-concurrent-sweep: 0.145/0.145 secs] [Times: user=0.30 sys=0.00, real=0.14 secs] 
282.493: [CMS-concurrent-reset-start]
282.499: [CMS-concurrent-reset: 0.006/0.006 secs] [Times: user=0.01 sys=0.00, real=0.01 secs] 
284.498: [GC (CMS Initial Mark) [1 CMS-initial-mark: 3314976K(3495296K)] 4269763K(5068160K), 0.0514617 secs] [Times: user=0.22 sys=0.00, real=0.05 secs] 
284.550: [CMS-concurrent-mark-start]
284.721: [CMS-concurrent-mark: 0.170/0.171 secs] [Times: user=0.50 sys=0.02, real=0.17 secs] 
284.721: [CMS-concurrent-preclean-start]
284.725: [CMS-concurrent-preclean: 0.004/0.004 secs] [Times: user=0.01 sys=0.00, real=0.00 secs] 
284.725: [CMS-concurrent-abortable-preclean-start]
284.725: [CMS-concurrent-abortable-preclean: 0.000/0.000 secs] [Times: user=0.00 sys=0.00, real=0.00 secs] 
284.725: [GC (CMS Final Remark) [YG occupancy: 976550 K (1572864 K)]284.725: [Rescan (parallel) , 0.0614921 secs]284.786: [weak refs processing, 0.0000345 secs]284.786: [class unloading, 0.0013225 secs]284.788: [scrub symbol table, 0.0005666 secs]284.788: [scrub string table, 0.0002441 secs][1 CMS-remark: 3314976K(3495296K)] 4291527K(5068160K), 0.0638994 secs] [Times: user=0.47 sys=0.01, real=0.07 secs] 
284.789: [CMS-concurrent-sweep-start]
284.936: [CMS-concurrent-sweep: 0.147/0.147 secs] [Times: user=0.29 sys=0.00, real=0.15 secs] 
284.936: [CMS-concurrent-reset-start]
284.942: [CMS-concurrent-reset: 0.006/0.006 secs] [Times: user=0.02 sys=0.00, real=0.00 secs] 
286.942: [GC (CMS Initial Mark) [1 CMS-initial-mark: 3314976K(3495296K)] 4335447K(5068160K), 0.0554924 secs] [Times: user=0.22 sys=0.02, real=0.06 secs] 
286.997: [CMS-concurrent-mark-start]
287.167: [CMS-concurrent-mark: 0.170/0.170 secs] [Times: user=0.34 sys=0.02, real=0.17 secs] 
287.167: [CMS-concurrent-preclean-start]
287.171: [CMS-concurrent-preclean: 0.004/0.004 secs] [Times: user=0.00 sys=0.00, real=0.00 secs] 
287.171: [CMS-concurrent-abortable-preclean-start]
287.171: [CMS-concurrent-abortable-preclean: 0.000/0.000 secs] [Times: user=0.00 sys=0.00, real=0.00 secs] 
287.202: [GC (CMS Final Remark) [YG occupancy: 1020470 K (1572864 K)]287.202: [Rescan (parallel) , 0.0627296 secs]287.265: [weak refs processing, 0.0000126 secs]287.265: [class unloading, 0.0015120 secs]287.267: [scrub symbol table, 0.0006803 secs]287.267: [scrub string table, 0.0002674 secs][1 CMS-remark: 3314976K(3495296K)] 4335447K(5068160K), 0.0654634 secs] [Times: user=0.46 sys=0.00, real=0.07 secs] 
287.268: [CMS-concurrent-sweep-start]
287.412: [CMS-concurrent-sweep: 0.144/0.144 secs] [Times: user=0.27 sys=0.01, real=0.14 secs] 
287.412: [CMS-concurrent-reset-start]
287.418: [CMS-concurrent-reset: 0.006/0.006 secs] [Times: user=0.02 sys=0.00, real=0.01 secs] 
289.461: [GC (CMS Initial Mark) [1 CMS-initial-mark: 3314976K(3495296K)] 4400737K(5068160K), 0.0587222 secs] [Times: user=0.27 sys=0.00, real=0.06 secs] 
289.520: [CMS-concurrent-mark-start]
289.689: [CMS-concurrent-mark: 0.168/0.169 secs] [Times: user=0.34 sys=0.01, real=0.17 secs] 
289.689: [CMS-concurrent-preclean-start]
289.692: [CMS-concurrent-preclean: 0.003/0.003 secs] [Times: user=0.00 sys=0.00, real=0.00 secs] 
289.692: [CMS-concurrent-abortable-preclean-start]
289.692: [CMS-concurrent-abortable-preclean: 0.000/0.000 secs] [Times: user=0.00 sys=0.00, real=0.00 secs] 
289.693: [GC (CMS Final Remark) [YG occupancy: 1086154 K (1572864 K)]289.693: [Rescan (parallel) , 0.0639149 secs]289.757: [weak refs processing, 0.0000227 secs]289.757: [class unloading, 0.0014418 secs]289.758: [scrub symbol table, 0.0005825 secs]289.759: [scrub string table, 0.0002732 secs][1 CMS-remark: 3314976K(3495296K)] 4401130K(5068160K), 0.0665351 secs] [Times: user=0.46 sys=0.00, real=0.07 secs] 
289.759: [CMS-concurrent-sweep-start]
289.902: [CMS-concurrent-sweep: 0.142/0.142 secs] [Times: user=0.15 sys=0.00, real=0.14 secs] 
289.902: [CMS-concurrent-reset-start]
289.908: [CMS-concurrent-reset: 0.006/0.006 secs] [Times: user=0.01 sys=0.00, real=0.01 secs] 
293.467: [GC (CMS Initial Mark) [1 CMS-initial-mark: 3314976K(3495296K)] 4488184K(5068160K), 0.0588916 secs] [Times: user=0.30 sys=0.00, real=0.06 secs] 
293.526: [CMS-concurrent-mark-start]
293.782: [CMS-concurrent-mark: 0.247/0.255 secs] [Times: user=0.77 sys=0.04, real=0.25 secs] 
293.782: [CMS-concurrent-preclean-start]
293.786: [CMS-concurrent-preclean: 0.004/0.004 secs] [Times: user=0.01 sys=0.00, real=0.01 secs] 
293.786: [CMS-concurrent-abortable-preclean-start]
293.786: [CMS-concurrent-abortable-preclean: 0.000/0.000 secs] [Times: user=0.00 sys=0.00, real=0.00 secs] 
293.786: [GC (CMS Final Remark) [YG occupancy: 1173601 K (1572864 K)]293.786: [Rescan (parallel) , 0.0645014 secs]293.850: [weak refs processing, 0.0000366 secs]293.850: [class unloading, 0.0013553 secs]293.852: [scrub symbol table, 0.0005875 secs]293.852: [scrub string table, 0.0002508 secs][1 CMS-remark: 3314976K(3495296K)] 4488577K(5068160K), 0.0670068 secs] [Times: user=0.51 sys=0.00, real=0.06 secs] 
293.853: [CMS-concurrent-sweep-start]
294.034: [CMS-concurrent-sweep: 0.181/0.181 secs] [Times: user=0.36 sys=0.00, real=0.19 secs] 
294.034: [CMS-concurrent-reset-start]
294.040: [CMS-concurrent-reset: 0.007/0.007 secs] [Times: user=0.01 sys=0.00, real=0.00 secs] 
296.040: [GC (CMS Initial Mark) [1 CMS-initial-mark: 3314976K(3495296K)] 4576024K(5068160K), 0.6975787 secs] [Times: user=0.30 sys=0.04, real=0.70 secs] 
296.738: [CMS-concurrent-mark-start]
296.937: [CMS-concurrent-mark: 0.168/0.200 secs] [Times: user=0.52 sys=0.04, real=0.20 secs] 
296.937: [CMS-concurrent-preclean-start]
296.941: [CMS-concurrent-preclean: 0.004/0.004 secs] [Times: user=0.01 sys=0.00, real=0.00 secs] 
296.941: [CMS-concurrent-abortable-preclean-start]
296.941: [CMS-concurrent-abortable-preclean: 0.000/0.000 secs] [Times: user=0.00 sys=0.00, real=0.00 secs] 
296.941: [GC (CMS Final Remark) [YG occupancy: 1261048 K (1572864 K)]296.941: [Rescan (parallel) , 0.0665980 secs]297.008: [weak refs processing, 0.0000375 secs]297.008: [class unloading, 0.0013352 secs]297.009: [scrub symbol table, 0.0005769 secs]297.010: [scrub string table, 0.0002407 secs][1 CMS-remark: 3314976K(3495296K)] 4576024K(5068160K), 0.0690242 secs] [Times: user=0.48 sys=0.02, real=0.07 secs] 
297.011: [CMS-concurrent-sweep-start]
297.157: [CMS-concurrent-sweep: 0.146/0.146 secs] [Times: user=0.30 sys=0.01, real=0.15 secs] 
297.157: [CMS-concurrent-reset-start]
297.164: [CMS-concurrent-reset: 0.007/0.007 secs] [Times: user=0.01 sys=0.00, real=0.00 secs] 
299.164: [GC (CMS Initial Mark) [1 CMS-initial-mark: 3314976K(3495296K)] 4641697K(5068160K), 0.0612583 secs] [Times: user=0.37 sys=0.00, real=0.06 secs] 
299.225: [CMS-concurrent-mark-start]
299.390: [CMS-concurrent-mark: 0.165/0.165 secs] [Times: user=0.31 sys=0.04, real=0.17 secs] 
299.390: [CMS-concurrent-preclean-start]
299.394: [CMS-concurrent-preclean: 0.004/0.004 secs] [Times: user=0.00 sys=0.00, real=0.01 secs] 
299.394: [CMS-concurrent-abortable-preclean-start]
299.394: [CMS-concurrent-abortable-preclean: 0.000/0.000 secs] [Times: user=0.00 sys=0.00, real=0.00 secs] 
299.394: [GC (CMS Final Remark) [YG occupancy: 1326720 K (1572864 K)]299.394: [Rescan (parallel) , 0.0664765 secs]299.461: [weak refs processing, 0.0000358 secs]299.461: [class unloading, 0.0012853 secs]299.462: [scrub symbol table, 0.0005471 secs]299.463: [scrub string table, 0.0002438 secs][1 CMS-remark: 3314976K(3495296K)] 4641697K(5068160K), 0.0688478 secs] [Times: user=0.53 sys=0.01, real=0.06 secs] 
299.463: [CMS-concurrent-sweep-start]
299.612: [CMS-concurrent-sweep: 0.148/0.148 secs] [Times: user=0.14 sys=0.01, real=0.15 secs] 
299.612: [CMS-concurrent-reset-start]
299.618: [CMS-concurrent-reset: 0.006/0.006 secs] [Times: user=0.01 sys=0.00, real=0.01 secs] 
301.617: [GC (CMS Initial Mark) [1 CMS-initial-mark: 3314976K(3495296K)] 4713120K(5068160K), 0.0630188 secs] [Times: user=0.41 sys=0.00, real=0.06 secs] 
301.681: [CMS-concurrent-mark-start]
301.849: [CMS-concurrent-mark: 0.167/0.168 secs] [Times: user=0.37 sys=0.00, real=0.17 secs] 
301.849: [CMS-concurrent-preclean-start]
301.853: [CMS-concurrent-preclean: 0.004/0.004 secs] [Times: user=0.00 sys=0.00, real=0.00 secs] 
301.853: [CMS-concurrent-abortable-preclean-start]
301.853: [CMS-concurrent-abortable-preclean: 0.000/0.000 secs] [Times: user=0.00 sys=0.00, real=0.00 secs] 
301.853: [GC (CMS Final Remark) [YG occupancy: 1398212 K (1572864 K)]301.853: [Rescan (parallel) , 0.0686790 secs]301.921: [weak refs processing, 0.0000431 secs]301.922: [class unloading, 0.0013302 secs]301.923: [scrub symbol table, 0.0005545 secs]301.923: [scrub string table, 0.0002398 secs][1 CMS-remark: 3314976K(3495296K)] 4713189K(5068160K), 0.0711119 secs] [Times: user=0.54 sys=0.01, real=0.07 secs] 
301.924: [CMS-concurrent-sweep-start]
302.066: [CMS-concurrent-sweep: 0.142/0.142 secs] [Times: user=0.15 sys=0.01, real=0.15 secs] 
302.066: [CMS-concurrent-reset-start]
302.072: [CMS-concurrent-reset: 0.006/0.006 secs] [Times: user=0.00 sys=0.00, real=0.00 secs] 
304.072: [GC (CMS Initial Mark) [1 CMS-initial-mark: 3314976K(3495296K)] 4765102K(5068160K), 0.0618196 secs] [Times: user=0.42 sys=0.01, real=0.07 secs] 
304.134: [CMS-concurrent-mark-start]
304.329: [CMS-concurrent-mark: 0.195/0.195 secs] [Times: user=0.60 sys=0.00, real=0.19 secs] 
304.329: [CMS-concurrent-preclean-start]
304.333: [CMS-concurrent-preclean: 0.004/0.004 secs] [Times: user=0.01 sys=0.00, real=0.00 secs] 
304.333: [CMS-concurrent-abortable-preclean-start]
304.333: [CMS-concurrent-abortable-preclean: 0.000/0.000 secs] [Times: user=0.00 sys=0.00, real=0.00 secs] 
304.333: [GC (CMS Final Remark) [YG occupancy: 1454740 K (1572864 K)]304.333: [Rescan (parallel) , 0.0706809 secs]304.404: [weak refs processing, 0.0000359 secs]304.404: [class unloading, 0.0014154 secs]304.405: [scrub symbol table, 0.0006185 secs]304.406: [scrub string table, 0.0002752 secs][1 CMS-remark: 3314976K(3495296K)] 4769716K(5068160K), 0.0732998 secs] [Times: user=0.55 sys=0.01, real=0.08 secs] 
304.406: [CMS-concurrent-sweep-start]
304.554: [CMS-concurrent-sweep: 0.148/0.148 secs] [Times: user=0.29 sys=0.01, real=0.15 secs] 
304.554: [CMS-concurrent-reset-start]
304.561: [CMS-concurrent-reset: 0.007/0.007 secs] [Times: user=0.01 sys=0.00, real=0.00 secs] 
306.561: [GC (CMS Initial Mark) [1 CMS-initial-mark: 3314976K(3495296K)] 4801877K(5068160K), 0.0596202 secs] [Times: user=0.43 sys=0.00, real=0.06 secs] 
306.621: [CMS-concurrent-mark-start]
306.796: [CMS-concurrent-mark: 0.174/0.175 secs] [Times: user=0.52 sys=0.03, real=0.18 secs] 
306.796: [CMS-concurrent-preclean-start]
306.800: [CMS-concurrent-preclean: 0.004/0.004 secs] [Times: user=0.01 sys=0.00, real=0.00 secs] 
306.800: [CMS-concurrent-abortable-preclean-start]
306.800: [CMS-concurrent-abortable-preclean: 0.000/0.000 secs] [Times: user=0.00 sys=0.00, real=0.00 secs] 
306.800: [GC (CMS Final Remark) [YG occupancy: 1492686 K (1572864 K)]306.800: [Rescan (parallel) , 0.0728940 secs]306.873: [weak refs processing, 0.0000241 secs]306.873: [class unloading, 0.0015817 secs]306.874: [scrub symbol table, 0.0005494 secs]306.875: [scrub string table, 0.0002566 secs][1 CMS-remark: 3314976K(3495296K)] 4807663K(5068160K), 0.0755530 secs] [Times: user=0.58 sys=0.00, real=0.08 secs] 
306.876: [CMS-concurrent-sweep-start]
307.024: [CMS-concurrent-sweep: 0.149/0.149 secs] [Times: user=0.30 sys=0.01, real=0.14 secs] 
307.024: [CMS-concurrent-reset-start]
307.031: [CMS-concurrent-reset: 0.006/0.006 secs] [Times: user=0.02 sys=0.00, real=0.01 secs] 
309.058: [GC (CMS Initial Mark) [1 CMS-initial-mark: 3314976K(3495296K)] 4872153K(5068160K), 0.0668961 secs] [Times: user=0.46 sys=0.00, real=0.06 secs] 
309.125: [CMS-concurrent-mark-start]
309.291: [CMS-concurrent-mark: 0.166/0.166 secs] [Times: user=0.50 sys=0.01, real=0.17 secs] 
309.291: [CMS-concurrent-preclean-start]
309.294: [CMS-concurrent-preclean: 0.004/0.004 secs] [Times: user=0.00 sys=0.00, real=0.01 secs] 
309.294: [CMS-concurrent-abortable-preclean-start]
309.294: [CMS-concurrent-abortable-preclean: 0.000/0.000 secs] [Times: user=0.00 sys=0.00, real=0.00 secs] 
309.295: [GC (CMS Final Remark) [YG occupancy: 1562295 K (1572864 K)]309.295: [Rescan (parallel) , 0.0715220 secs]309.366: [weak refs processing, 0.0000220 secs]309.366: [class unloading, 0.0013817 secs]309.368: [scrub symbol table, 0.0006076 secs]309.368: [scrub string table, 0.0002447 secs][1 CMS-remark: 3314976K(3495296K)] 4877272K(5068160K), 0.0740284 secs] [Times: user=0.57 sys=0.00, real=0.07 secs] 
309.369: [CMS-concurrent-sweep-start]
309.514: [CMS-concurrent-sweep: 0.145/0.145 secs] [Times: user=0.29 sys=0.00, real=0.15 secs] 
309.514: [CMS-concurrent-reset-start]
309.520: [CMS-concurrent-reset: 0.006/0.006 secs] [Times: user=0.02 sys=0.00, real=0.00 secs] 
309.685: [GC (Allocation Failure) 309.685: [ParNew: 1572863K->1572863K(1572864K), 0.0000309 secs]309.685: [CMS: 3314976K->3314976K(3495296K), 0.9442943 secs] 4887840K->3801133K(5068160K), [Metaspace: 10049K->10049K(1058816K)], 0.9443965 secs] [Times: user=0.95 sys=0.06, real=0.95 secs] 
310.630: [GC (CMS Initial Mark) [1 CMS-initial-mark: 3314976K(3495296K)] 3823045K(5068160K), 0.0420713 secs] [Times: user=0.05 sys=0.00, real=0.04 secs] 
310.672: [CMS-concurrent-mark-start]
310.842: [CMS-concurrent-mark: 0.168/0.170 secs] [Times: user=0.52 sys=0.00, real=0.17 secs] 
310.842: [CMS-concurrent-preclean-start]
311.046: [CMS-concurrent-preclean: 0.204/0.204 secs] [Times: user=0.41 sys=0.00, real=0.21 secs] 
311.046: [CMS-concurrent-abortable-preclean-start]
 CMS: abort preclean due to time 316.070: [CMS-concurrent-abortable-preclean: 0.197/5.024 secs] [Times: user=3.75 sys=0.26, real=5.02 secs] 
316.070: [GC (CMS Final Remark) [YG occupancy: 660681 K (1572864 K)]316.070: [Rescan (parallel) , 0.0575764 secs]316.128: [weak refs processing, 0.0000116 secs]316.128: [class unloading, 0.0014555 secs]316.129: [scrub symbol table, 0.0005469 secs]316.130: [scrub string table, 0.0002765 secs][1 CMS-remark: 3314976K(3495296K)] 3975657K(5068160K), 0.0601180 secs] [Times: user=0.42 sys=0.03, real=0.06 secs] 
316.130: [CMS-concurrent-sweep-start]
316.275: [CMS-concurrent-sweep: 0.144/0.144 secs] [Times: user=0.29 sys=0.00, real=0.15 secs] 
316.275: [CMS-concurrent-reset-start]
316.281: [CMS-concurrent-reset: 0.007/0.007 secs] [Times: user=0.02 sys=0.00, real=0.00 secs] 
318.281: [GC (CMS Initial Mark) [1 CMS-initial-mark: 3314976K(3495296K)] 4040887K(5068160K), 0.0500859 secs] [Times: user=0.14 sys=0.00, real=0.05 secs] 
318.331: [CMS-concurrent-mark-start]
318.501: [CMS-concurrent-mark: 0.169/0.169 secs] [Times: user=0.34 sys=0.01, real=0.17 secs] 
318.501: [CMS-concurrent-preclean-start]
318.504: [CMS-concurrent-preclean: 0.003/0.003 secs] [Times: user=0.00 sys=0.00, real=0.00 secs] 
318.504: [CMS-concurrent-abortable-preclean-start]
 CMS: abort preclean due to time 323.590: [CMS-concurrent-abortable-preclean: 0.203/5.086 secs] [Times: user=3.70 sys=0.23, real=5.09 secs] 
323.590: [GC (CMS Final Remark) [YG occupancy: 878021 K (1572864 K)]323.590: [Rescan (parallel) , 0.0590561 secs]323.649: [weak refs processing, 0.0000219 secs]323.649: [class unloading, 0.0013679 secs]323.650: [scrub symbol table, 0.0007184 secs]323.651: [scrub string table, 0.0002460 secs][1 CMS-remark: 3314976K(3495296K)] 4192997K(5068160K), 0.0616756 secs] [Times: user=0.43 sys=0.01, real=0.06 secs] 
323.652: [CMS-concurrent-sweep-start]
323.798: [CMS-concurrent-sweep: 0.146/0.146 secs] [Times: user=0.26 sys=0.01, real=0.15 secs] 
323.798: [CMS-concurrent-reset-start]
323.804: [CMS-concurrent-reset: 0.006/0.006 secs] [Times: user=0.01 sys=0.00, real=0.00 secs] 
325.803: [GC (CMS Initial Mark) [1 CMS-initial-mark: 3314976K(3495296K)] 4215203K(5068160K), 0.0520323 secs] [Times: user=0.20 sys=0.01, real=0.06 secs] 
325.855: [CMS-concurrent-mark-start]
326.025: [CMS-concurrent-mark: 0.169/0.169 secs] [Times: user=0.51 sys=0.00, real=0.16 secs] 
326.025: [CMS-concurrent-preclean-start]
326.028: [CMS-concurrent-preclean: 0.004/0.004 secs] [Times: user=0.00 sys=0.00, real=0.01 secs] 
326.028: [CMS-concurrent-abortable-preclean-start]
 CMS: abort preclean due to time 331.076: [CMS-concurrent-abortable-preclean: 0.202/5.047 secs] [Times: user=2.95 sys=0.27, real=5.05 secs] 
331.076: [GC (CMS Final Remark) [YG occupancy: 1030686 K (1572864 K)]331.076: [Rescan (parallel) , 0.0611867 secs]331.137: [weak refs processing, 0.0000127 secs]331.137: [class unloading, 0.0013127 secs]331.139: [scrub symbol table, 0.0005455 secs]331.139: [scrub string table, 0.0002476 secs][1 CMS-remark: 3314976K(3495296K)] 4345663K(5068160K), 0.0635313 secs] [Times: user=0.48 sys=0.00, real=0.06 secs] 
331.140: [CMS-concurrent-sweep-start]
331.279: [CMS-concurrent-sweep: 0.140/0.140 secs] [Times: user=0.14 sys=0.00, real=0.14 secs] 
331.279: [CMS-concurrent-reset-start]
331.286: [CMS-concurrent-reset: 0.006/0.006 secs] [Times: user=0.01 sys=0.00, real=0.01 secs] 
333.285: [GC (CMS Initial Mark) [1 CMS-initial-mark: 3314976K(3495296K)] 4389242K(5068160K), 0.0519457 secs] [Times: user=0.28 sys=0.00, real=0.06 secs] 
333.337: [CMS-concurrent-mark-start]
333.510: [CMS-concurrent-mark: 0.173/0.173 secs] [Times: user=0.51 sys=0.02, real=0.17 secs] 
333.510: [CMS-concurrent-preclean-start]
333.514: [CMS-concurrent-preclean: 0.004/0.004 secs] [Times: user=0.01 sys=0.00, real=0.01 secs] 
333.514: [CMS-concurrent-abortable-preclean-start]
 CMS: abort preclean due to time 338.592: [CMS-concurrent-abortable-preclean: 0.201/5.078 secs] [Times: user=2.72 sys=0.28, real=5.07 secs] 
338.592: [GC (CMS Final Remark) [YG occupancy: 1204725 K (1572864 K)]338.592: [Rescan (parallel) , 0.0603240 secs]338.652: [weak refs processing, 0.0000128 secs]338.653: [class unloading, 0.0013473 secs]338.654: [scrub symbol table, 0.0005574 secs]338.654: [scrub string table, 0.0002512 secs][1 CMS-remark: 3314976K(3495296K)] 4519701K(5068160K), 0.0627562 secs] [Times: user=0.46 sys=0.01, real=0.07 secs] 
338.655: [CMS-concurrent-sweep-start]
338.801: [CMS-concurrent-sweep: 0.146/0.146 secs] [Times: user=0.28 sys=0.03, real=0.14 secs] 
338.801: [CMS-concurrent-reset-start]
338.808: [CMS-concurrent-reset: 0.007/0.007 secs] [Times: user=0.01 sys=0.00, real=0.01 secs] 
340.807: [GC (CMS Initial Mark) [1 CMS-initial-mark: 3314976K(3495296K)] 4584932K(5068160K), 0.0604364 secs] [Times: user=0.34 sys=0.00, real=0.06 secs] 
340.868: [CMS-concurrent-mark-start]
341.037: [CMS-concurrent-mark: 0.169/0.169 secs] [Times: user=0.34 sys=0.00, real=0.17 secs] 
341.037: [CMS-concurrent-preclean-start]
341.040: [CMS-concurrent-preclean: 0.004/0.004 secs] [Times: user=0.00 sys=0.00, real=0.00 secs] 
341.040: [CMS-concurrent-abortable-preclean-start]
345.654: [GC (Allocation Failure) 345.654: [ParNew345.673: [CMS-concurrent-abortable-preclean: 0.173/4.633 secs] [Times: user=3.15 sys=0.25, real=4.64 secs] 
 (promotion failed): 1398144K->1572864K(1572864K), 0.3985904 secs]346.053: [CMS (concurrent mode failure): 3314978K->3314976K(3495296K), 0.8878251 secs] 4713120K->3801122K(5068160K), [Metaspace: 10049K->10049K(1058816K)], 1.2865070 secs] [Times: user=2.43 sys=0.03, real=1.28 secs] 
348.941: [GC (CMS Initial Mark) [1 CMS-initial-mark: 3314976K(3495296K)] 3908556K(5068160K), 0.0416161 secs] [Times: user=0.06 sys=0.02, real=0.04 secs] 
348.982: [CMS-concurrent-mark-start]
349.152: [CMS-concurrent-mark: 0.170/0.170 secs] [Times: user=0.50 sys=0.01, real=0.17 secs] 
349.152: [CMS-concurrent-preclean-start]
349.358: [CMS-concurrent-preclean: 0.206/0.206 secs] [Times: user=0.41 sys=0.01, real=0.21 secs] 
349.358: [CMS-concurrent-abortable-preclean-start]
 CMS: abort preclean due to time 354.387: [CMS-concurrent-abortable-preclean: 0.201/5.029 secs] [Times: user=2.63 sys=0.31, real=5.03 secs] 
354.387: [GC (CMS Final Remark) [YG occupancy: 715301 K (1572864 K)]354.387: [Rescan (parallel) , 0.0555276 secs]354.443: [weak refs processing, 0.0000239 secs]354.443: [class unloading, 0.0014163 secs]354.444: [scrub symbol table, 0.0005788 secs]354.445: [scrub string table, 0.0002565 secs][1 CMS-remark: 3314976K(3495296K)] 4030277K(5068160K), 0.0580706 secs] [Times: user=0.42 sys=0.00, real=0.06 secs] 
354.445: [CMS-concurrent-sweep-start]
354.606: [CMS-concurrent-sweep: 0.160/0.160 secs] [Times: user=0.32 sys=0.02, real=0.16 secs] 
354.606: [CMS-concurrent-reset-start]
354.613: [CMS-concurrent-reset: 0.007/0.007 secs] [Times: user=0.01 sys=0.00, real=0.00 secs] 
356.612: [GC (CMS Initial Mark) [1 CMS-initial-mark: 3314976K(3495296K)] 4091138K(5068160K), 0.0473784 secs] [Times: user=0.15 sys=0.01, real=0.05 secs] 
356.660: [CMS-concurrent-mark-start]
356.838: [CMS-concurrent-mark: 0.177/0.178 secs] [Times: user=0.48 sys=0.02, real=0.18 secs] 
356.838: [CMS-concurrent-preclean-start]
356.842: [CMS-concurrent-preclean: 0.004/0.004 secs] [Times: user=0.00 sys=0.00, real=0.00 secs] 
356.842: [CMS-concurrent-abortable-preclean-start]
 CMS: abort preclean due to time 361.871: [CMS-concurrent-abortable-preclean: 0.199/5.029 secs] [Times: user=3.70 sys=0.20, real=5.03 secs] 
361.871: [GC (CMS Final Remark) [YG occupancy: 918170 K (1572864 K)]361.871: [Rescan (parallel) , 0.0616142 secs]361.933: [weak refs processing, 0.0000326 secs]361.933: [class unloading, 0.0013073 secs]361.934: [scrub symbol table, 0.0008085 secs]361.935: [scrub string table, 0.0002536 secs][1 CMS-remark: 3314976K(3495296K)] 4233146K(5068160K), 0.0642707 secs] [Times: user=0.48 sys=0.00, real=0.07 secs] 
361.935: [CMS-concurrent-sweep-start]
362.085: [CMS-concurrent-sweep: 0.149/0.149 secs] [Times: user=0.30 sys=0.00, real=0.14 secs] 
362.085: [CMS-concurrent-reset-start]
362.091: [CMS-concurrent-reset: 0.007/0.007 secs] [Times: user=0.02 sys=0.00, real=0.01 secs] 
364.091: [GC (CMS Initial Mark) [1 CMS-initial-mark: 3314976K(3495296K)] 4273720K(5068160K), 0.0510780 secs] [Times: user=0.22 sys=0.00, real=0.05 secs] 
364.142: [CMS-concurrent-mark-start]
364.314: [CMS-concurrent-mark: 0.171/0.171 secs] [Times: user=0.51 sys=0.01, real=0.18 secs] 
364.314: [CMS-concurrent-preclean-start]
364.318: [CMS-concurrent-preclean: 0.004/0.004 secs] [Times: user=0.00 sys=0.00, real=0.00 secs] 
364.318: [CMS-concurrent-abortable-preclean-start]
 CMS: abort preclean due to time 369.388: [CMS-concurrent-abortable-preclean: 0.199/5.070 secs] [Times: user=3.12 sys=0.20, real=5.07 secs] 
369.388: [GC (CMS Final Remark) [YG occupancy: 1100752 K (1572864 K)]369.388: [Rescan (parallel) , 0.0687759 secs]369.457: [weak refs processing, 0.0000120 secs]369.457: [class unloading, 0.0013602 secs]369.458: [scrub symbol table, 0.0005846 secs]369.459: [scrub string table, 0.0002468 secs][1 CMS-remark: 3314976K(3495296K)] 4415728K(5068160K), 0.0712036 secs] [Times: user=0.54 sys=0.00, real=0.07 secs] 
369.459: [CMS-concurrent-sweep-start]
369.608: [CMS-concurrent-sweep: 0.148/0.148 secs] [Times: user=0.15 sys=0.01, real=0.15 secs] 
369.608: [CMS-concurrent-reset-start]
369.614: [CMS-concurrent-reset: 0.006/0.006 secs] [Times: user=0.01 sys=0.00, real=0.01 secs] 
371.614: [GC (CMS Initial Mark) [1 CMS-initial-mark: 3314976K(3495296K)] 4476589K(5068160K), 0.0566336 secs] [Times: user=0.31 sys=0.00, real=0.05 secs] 
371.671: [CMS-concurrent-mark-start]
371.845: [CMS-concurrent-mark: 0.172/0.174 secs] [Times: user=0.51 sys=0.00, real=0.17 secs] 
371.845: [CMS-concurrent-preclean-start]
371.848: [CMS-concurrent-preclean: 0.004/0.004 secs] [Times: user=0.01 sys=0.00, real=0.01 secs] 
371.848: [CMS-concurrent-abortable-preclean-start]
 CMS: abort preclean due to time 376.869: [CMS-concurrent-abortable-preclean: 0.200/5.020 secs] [Times: user=2.25 sys=0.20, real=5.02 secs] 
376.869: [GC (CMS Final Remark) [YG occupancy: 1242760 K (1572864 K)]376.869: [Rescan (parallel) , 0.0660537 secs]376.935: [weak refs processing, 0.0000120 secs]376.935: [class unloading, 0.0013078 secs]376.936: [scrub symbol table, 0.0005506 secs]376.937: [scrub string table, 0.0002487 secs][1 CMS-remark: 3314976K(3495296K)] 4557736K(5068160K), 0.0684060 secs] [Times: user=0.50 sys=0.00, real=0.07 secs] 
376.937: [CMS-concurrent-sweep-start]
377.078: [CMS-concurrent-sweep: 0.141/0.141 secs] [Times: user=0.15 sys=0.00, real=0.14 secs] 
377.078: [CMS-concurrent-reset-start]
377.084: [CMS-concurrent-reset: 0.006/0.006 secs] [Times: user=0.01 sys=0.00, real=0.00 secs] 
379.084: [GC (CMS Initial Mark) [1 CMS-initial-mark: 3314976K(3495296K)] 4639329K(5068160K), 0.0598621 secs] [Times: user=0.37 sys=0.00, real=0.06 secs] 
379.144: [CMS-concurrent-mark-start]
379.312: [CMS-concurrent-mark: 0.168/0.168 secs] [Times: user=0.35 sys=0.01, real=0.17 secs] 
379.312: [CMS-concurrent-preclean-start]
379.316: [CMS-concurrent-preclean: 0.003/0.003 secs] [Times: user=0.00 sys=0.00, real=0.01 secs] 
379.316: [CMS-concurrent-abortable-preclean-start]
382.289: [GC (Allocation Failure) 382.443: [ParNew (promotion failed): 1398144K->1572864K(1572864K), 0.3904963 secs]382.833: [CMS383.039: [CMS-concurrent-abortable-preclean: 0.317/3.723 secs] [Times: user=3.54 sys=0.20, real=3.72 secs] 
 (concurrent mode failure): 3315108K->3315073K(3495296K), 1.3215356 secs] 4713120K->3801120K(5068160K), [Metaspace: 10066K->10066K(1058816K)], 1.8655488 secs] [Times: user=2.49 sys=0.07, real=1.87 secs] 
386.496: [GC (CMS Initial Mark) [1 CMS-initial-mark: 3315073K(3495296K)] 3882816K(5068160K), 0.0460675 secs] [Times: user=0.08 sys=0.00, real=0.04 secs] 
386.542: [CMS-concurrent-mark-start]
386.794: [CMS-concurrent-mark: 0.252/0.253 secs] [Times: user=0.75 sys=0.02, real=0.26 secs] 
386.794: [CMS-concurrent-preclean-start]
386.992: [CMS-concurrent-preclean: 0.197/0.197 secs] [Times: user=0.20 sys=0.01, real=0.19 secs] 
386.992: [CMS-concurrent-abortable-preclean-start]
 CMS: abort preclean due to time 392.078: [CMS-concurrent-abortable-preclean: 0.201/5.087 secs] [Times: user=3.76 sys=0.23, real=5.09 secs] 
392.079: [GC (CMS Final Remark) [YG occupancy: 744934 K (1572864 K)]392.079: [Rescan (parallel) , 0.0592976 secs]392.138: [weak refs processing, 0.0000132 secs]392.138: [class unloading, 0.0016228 secs]392.140: [scrub symbol table, 0.0005963 secs]392.140: [scrub string table, 0.0002602 secs][1 CMS-remark: 3315073K(3495296K)] 4060007K(5068160K), 0.0620091 secs] [Times: user=0.46 sys=0.01, real=0.06 secs] 
392.141: [CMS-concurrent-sweep-start]
392.287: [CMS-concurrent-sweep: 0.146/0.146 secs] [Times: user=0.14 sys=0.01, real=0.15 secs] 
392.287: [CMS-concurrent-reset-start]
392.293: [CMS-concurrent-reset: 0.006/0.006 secs] [Times: user=0.01 sys=0.00, real=0.01 secs] 
394.293: [GC (CMS Initial Mark) [1 CMS-initial-mark: 3315073K(3495296K)] 4079940K(5068160K), 0.0470538 secs] [Times: user=0.15 sys=0.00, real=0.05 secs] 
394.340: [CMS-concurrent-mark-start]
394.589: [CMS-concurrent-mark: 0.249/0.249 secs] [Times: user=0.76 sys=0.01, real=0.25 secs] 
394.589: [CMS-concurrent-preclean-start]
394.593: [CMS-concurrent-preclean: 0.004/0.004 secs] [Times: user=0.01 sys=0.00, real=0.00 secs] 
394.593: [CMS-concurrent-abortable-preclean-start]
 CMS: abort preclean due to time 399.599: [CMS-concurrent-abortable-preclean: 0.201/5.007 secs] [Times: user=3.00 sys=0.20, real=5.01 secs] 
399.599: [GC (CMS Final Remark) [YG occupancy: 902745 K (1572864 K)]399.599: [Rescan (parallel) , 0.0598565 secs]399.659: [weak refs processing, 0.0000121 secs]399.659: [class unloading, 0.0013288 secs]399.661: [scrub symbol table, 0.0005593 secs]399.661: [scrub string table, 0.0002868 secs][1 CMS-remark: 3315073K(3495296K)] 4217818K(5068160K), 0.0622925 secs] [Times: user=0.46 sys=0.00, real=0.06 secs] 
399.662: [CMS-concurrent-sweep-start]
399.805: [CMS-concurrent-sweep: 0.143/0.143 secs] [Times: user=0.15 sys=0.01, real=0.15 secs] 
399.805: [CMS-concurrent-reset-start]
399.812: [CMS-concurrent-reset: 0.006/0.006 secs] [Times: user=0.01 sys=0.00, real=0.00 secs] 
401.811: [GC (CMS Initial Mark) [1 CMS-initial-mark: 3315073K(3495296K)] 4276955K(5068160K), 0.0524035 secs] [Times: user=0.22 sys=0.00, real=0.05 secs] 
401.863: [CMS-concurrent-mark-start]
402.108: [CMS-concurrent-mark: 0.244/0.244 secs] [Times: user=0.74 sys=0.01, real=0.25 secs] 
402.108: [CMS-concurrent-preclean-start]
402.112: [CMS-concurrent-preclean: 0.004/0.004 secs] [Times: user=0.01 sys=0.00, real=0.00 secs] 
402.112: [CMS-concurrent-abortable-preclean-start]
 CMS: abort preclean due to time 407.184: [CMS-concurrent-abortable-preclean: 0.201/5.072 secs] [Times: user=2.25 sys=0.26, real=5.07 secs] 
407.184: [GC (CMS Final Remark) [YG occupancy: 1060666 K (1572864 K)]407.184: [Rescan (parallel) , 0.0642114 secs]407.248: [weak refs processing, 0.0000280 secs]407.248: [class unloading, 0.0014049 secs]407.250: [scrub symbol table, 0.0006321 secs]407.250: [scrub string table, 0.0002472 secs][1 CMS-remark: 3315073K(3495296K)] 4375739K(5068160K), 0.0667716 secs] [Times: user=0.49 sys=0.01, real=0.07 secs] 
407.251: [CMS-concurrent-sweep-start]
407.415: [CMS-concurrent-sweep: 0.164/0.164 secs] [Times: user=0.21 sys=0.03, real=0.17 secs] 
407.415: [CMS-concurrent-reset-start]
407.422: [CMS-concurrent-reset: 0.008/0.008 secs] [Times: user=0.01 sys=0.01, real=0.00 secs] 
409.447: [GC (CMS Initial Mark) [1 CMS-initial-mark: 3315073K(3495296K)] 4454146K(5068160K), 0.0573558 secs] [Times: user=0.29 sys=0.00, real=0.05 secs] 
409.504: [CMS-concurrent-mark-start]
409.672: [CMS-concurrent-mark: 0.166/0.168 secs] [Times: user=0.34 sys=0.00, real=0.17 secs] 
409.672: [CMS-concurrent-preclean-start]
409.676: [CMS-concurrent-preclean: 0.004/0.004 secs] [Times: user=0.00 sys=0.00, real=0.01 secs] 
409.676: [CMS-concurrent-abortable-preclean-start]
 CMS: abort preclean due to time 414.769: [CMS-concurrent-abortable-preclean: 0.212/5.093 secs] [Times: user=2.81 sys=0.25, real=5.09 secs] 
414.769: [GC (CMS Final Remark) [YG occupancy: 1256974 K (1572864 K)]414.769: [Rescan (parallel) , 0.0664994 secs]414.836: [weak refs processing, 0.0000133 secs]414.836: [class unloading, 0.0013627 secs]414.837: [scrub symbol table, 0.0008400 secs]414.838: [scrub string table, 0.0002799 secs][1 CMS-remark: 3315073K(3495296K)] 4572047K(5068160K), 0.0692581 secs] [Times: user=0.53 sys=0.00, real=0.07 secs] 
414.839: [CMS-concurrent-sweep-start]
414.985: [CMS-concurrent-sweep: 0.146/0.146 secs] [Times: user=0.29 sys=0.01, real=0.14 secs] 
414.985: [CMS-concurrent-reset-start]
414.991: [CMS-concurrent-reset: 0.007/0.007 secs] [Times: user=0.02 sys=0.00, real=0.01 secs] 
416.990: [GC (CMS Initial Mark) [1 CMS-initial-mark: 3315073K(3495296K)] 4611251K(5068160K), 0.0555525 secs] [Times: user=0.33 sys=0.01, real=0.06 secs] 
417.046: [CMS-concurrent-mark-start]
417.211: [CMS-concurrent-mark: 0.165/0.165 secs] [Times: user=0.34 sys=0.01, real=0.16 secs] 
417.211: [CMS-concurrent-preclean-start]
417.215: [CMS-concurrent-preclean: 0.004/0.004 secs] [Times: user=0.00 sys=0.00, real=0.01 secs] 
417.215: [CMS-concurrent-abortable-preclean-start]
421.993: [GC (Allocation Failure) 421.993: [ParNew422.078: [CMS-concurrent-abortable-preclean: 0.188/4.863 secs] [Times: user=3.42 sys=0.27, real=4.86 secs] 
 (promotion failed): 1398144K->1572864K(1572864K), 0.3702337 secs]422.363: [CMS (concurrent mode failure): 3315133K->3315110K(3495296K), 0.8811435 secs] 4713217K->3801138K(5068160K), [Metaspace: 10071K->10071K(1058816K)], 1.2514853 secs] [Times: user=2.14 sys=0.06, real=1.25 secs] 
425.244: [GC (CMS Initial Mark) [1 CMS-initial-mark: 3315110K(3495296K)] 3898523K(5068160K), 0.0406143 secs] [Times: user=0.08 sys=0.00, real=0.04 secs] 
425.285: [CMS-concurrent-mark-start]
425.452: [CMS-concurrent-mark: 0.166/0.166 secs] [Times: user=0.50 sys=0.00, real=0.17 secs] 
425.452: [CMS-concurrent-preclean-start]
425.657: [CMS-concurrent-preclean: 0.206/0.206 secs] [Times: user=0.42 sys=0.01, real=0.21 secs] 
425.657: [CMS-concurrent-abortable-preclean-start]
 CMS: abort preclean due to time 430.666: [CMS-concurrent-abortable-preclean: 0.202/5.009 secs] [Times: user=2.43 sys=0.19, real=5.01 secs] 
430.666: [GC (CMS Final Remark) [YG occupancy: 698844 K (1572864 K)]430.666: [Rescan (parallel) , 0.0589089 secs]430.725: [weak refs processing, 0.0000218 secs]430.725: [class unloading, 0.0013661 secs]430.727: [scrub symbol table, 0.0005470 secs]430.727: [scrub string table, 0.0002637 secs][1 CMS-remark: 3315110K(3495296K)] 4013954K(5068160K), 0.0613347 secs] [Times: user=0.43 sys=0.01, real=0.06 secs] 
430.728: [CMS-concurrent-sweep-start]
430.880: [CMS-concurrent-sweep: 0.153/0.153 secs] [Times: user=0.15 sys=0.01, real=0.15 secs] 
430.880: [CMS-concurrent-reset-start]
430.887: [CMS-concurrent-reset: 0.006/0.006 secs] [Times: user=0.01 sys=0.00, real=0.01 secs] 
432.886: [GC (CMS Initial Mark) [1 CMS-initial-mark: 3315109K(3495296K)] 4052205K(5068160K), 0.0465159 secs] [Times: user=0.12 sys=0.02, real=0.04 secs] 
432.933: [CMS-concurrent-mark-start]
433.105: [CMS-concurrent-mark: 0.172/0.172 secs] [Times: user=0.51 sys=0.02, real=0.17 secs] 
433.105: [CMS-concurrent-preclean-start]
433.109: [CMS-concurrent-preclean: 0.004/0.004 secs] [Times: user=0.01 sys=0.00, real=0.01 secs] 
433.109: [CMS-concurrent-abortable-preclean-start]
 CMS: abort preclean due to time 438.177: [CMS-concurrent-abortable-preclean: 0.198/5.069 secs] [Times: user=2.68 sys=0.26, real=5.07 secs] 
439.267: [GC (CMS Final Remark) [YG occupancy: 851556 K (1572864 K)]439.267: [Rescan (parallel) , 0.0613897 secs]439.329: [weak refs processing, 0.0000128 secs]439.329: [class unloading, 0.0014401 secs]439.330: [scrub symbol table, 0.0007269 secs]439.331: [scrub string table, 0.0002691 secs][1 CMS-remark: 3315109K(3495296K)] 4166665K(5068160K), 0.0640913 secs] [Times: user=0.47 sys=0.00, real=0.06 secs] 
439.331: [CMS-concurrent-sweep-start]
439.477: [CMS-concurrent-sweep: 0.146/0.146 secs] [Times: user=0.30 sys=0.00, real=0.15 secs] 
439.477: [CMS-concurrent-reset-start]
439.484: [CMS-concurrent-reset: 0.006/0.006 secs] [Times: user=0.01 sys=0.00, real=0.00 secs] 
441.483: [GC (CMS Initial Mark) [1 CMS-initial-mark: 3315109K(3495296K)] 4262147K(5068160K), 0.0531345 secs] [Times: user=0.22 sys=0.00, real=0.06 secs] 
441.536: [CMS-concurrent-mark-start]
441.706: [CMS-concurrent-mark: 0.169/0.170 secs] [Times: user=0.37 sys=0.00, real=0.17 secs] 
441.706: [CMS-concurrent-preclean-start]
441.709: [CMS-concurrent-preclean: 0.004/0.004 secs] [Times: user=0.01 sys=0.00, real=0.00 secs] 
441.709: [CMS-concurrent-abortable-preclean-start]
 CMS: abort preclean due to time 446.773: [CMS-concurrent-abortable-preclean: 0.201/5.063 secs] [Times: user=2.48 sys=0.26, real=5.06 secs] 
446.773: [GC (CMS Final Remark) [YG occupancy: 1043968 K (1572864 K)]446.773: [Rescan (parallel) , 0.0638122 secs]446.837: [weak refs processing, 0.0000130 secs]446.837: [class unloading, 0.0014107 secs]446.838: [scrub symbol table, 0.0005729 secs]446.839: [scrub string table, 0.0002742 secs][1 CMS-remark: 3315109K(3495296K)] 4359078K(5068160K), 0.0663129 secs] [Times: user=0.49 sys=0.00, real=0.07 secs] 
446.839: [CMS-concurrent-sweep-start]
446.986: [CMS-concurrent-sweep: 0.147/0.147 secs] [Times: user=0.31 sys=0.00, real=0.15 secs] 
446.986: [CMS-concurrent-reset-start]
446.993: [CMS-concurrent-reset: 0.007/0.007 secs] [Times: user=0.01 sys=0.01, real=0.00 secs] 
449.429: [GC (CMS Initial Mark) [1 CMS-initial-mark: 3315109K(3495296K)] 4416371K(5068160K), 0.0548967 secs] [Times: user=0.28 sys=0.00, real=0.05 secs] 
449.484: [CMS-concurrent-mark-start]
449.657: [CMS-concurrent-mark: 0.173/0.173 secs] [Times: user=0.36 sys=0.00, real=0.18 secs] 
449.657: [CMS-concurrent-preclean-start]
449.660: [CMS-concurrent-preclean: 0.004/0.004 secs] [Times: user=0.00 sys=0.01, real=0.00 secs] 
449.660: [CMS-concurrent-abortable-preclean-start]
 CMS: abort preclean due to time 454.669: [CMS-concurrent-abortable-preclean: 0.201/5.009 secs] [Times: user=1.91 sys=0.27, real=5.01 secs] 
454.890: [GC (CMS Final Remark) [YG occupancy: 1177569 K (1572864 K)]454.890: [Rescan (parallel) , 0.0699900 secs]454.960: [weak refs processing, 0.0000163 secs]454.960: [class unloading, 0.0014642 secs]454.962: [scrub symbol table, 0.0005440 secs]454.962: [scrub string table, 0.0002492 secs][1 CMS-remark: 3315109K(3495296K)] 4492678K(5068160K), 0.0724925 secs] [Times: user=0.54 sys=0.00, real=0.07 secs] 
454.963: [CMS-concurrent-sweep-start]
455.104: [CMS-concurrent-sweep: 0.141/0.141 secs] [Times: user=0.14 sys=0.00, real=0.14 secs] 
455.104: [CMS-concurrent-reset-start]
455.110: [CMS-concurrent-reset: 0.006/0.006 secs] [Times: user=0.01 sys=0.00, real=0.01 secs] 
457.109: [GC (CMS Initial Mark) [1 CMS-initial-mark: 3315109K(3495296K)] 4492678K(5068160K), 0.0576147 secs] [Times: user=0.31 sys=0.00, real=0.06 secs] 
457.167: [CMS-concurrent-mark-start]
457.332: [CMS-concurrent-mark: 0.165/0.165 secs] [Times: user=0.33 sys=0.02, real=0.16 secs] 
457.332: [CMS-concurrent-preclean-start]
457.336: [CMS-concurrent-preclean: 0.004/0.004 secs] [Times: user=0.01 sys=0.00, real=0.01 secs] 
457.336: [CMS-concurrent-abortable-preclean-start]
 CMS: abort preclean due to time 462.399: [CMS-concurrent-abortable-preclean: 0.210/5.063 secs] [Times: user=0.28 sys=0.16, real=5.06 secs] 
462.954: [GC (CMS Final Remark) [YG occupancy: 1178162 K (1572864 K)]462.954: [Rescan (parallel) , 0.0653191 secs]463.019: [weak refs processing, 0.0000320 secs]463.019: [class unloading, 0.0012986 secs]463.021: [scrub symbol table, 0.0005866 secs]463.021: [scrub string table, 0.0002467 secs][1 CMS-remark: 3315109K(3495296K)] 4493272K(5068160K), 0.0677179 secs] [Times: user=0.49 sys=0.00, real=0.06 secs] 
463.022: [CMS-concurrent-sweep-start]
463.161: [CMS-concurrent-sweep: 0.139/0.139 secs] [Times: user=0.14 sys=0.00, real=0.14 secs] 
463.161: [CMS-concurrent-reset-start]
463.167: [CMS-concurrent-reset: 0.006/0.006 secs] [Times: user=0.01 sys=0.00, real=0.01 secs] 
465.166: [GC (CMS Initial Mark) [1 CMS-initial-mark: 3315109K(3495296K)] 4494819K(5068160K), 0.0578123 secs] [Times: user=0.32 sys=0.00, real=0.05 secs] 
465.224: [CMS-concurrent-mark-start]
465.466: [CMS-concurrent-mark: 0.242/0.242 secs] [Times: user=0.50 sys=0.00, real=0.25 secs] 
465.466: [CMS-concurrent-preclean-start]
465.470: [CMS-concurrent-preclean: 0.004/0.004 secs] [Times: user=0.00 sys=0.00, real=0.00 secs] 
465.470: [CMS-concurrent-abortable-preclean-start]
 CMS: abort preclean due to time 470.505: [CMS-concurrent-abortable-preclean: 0.200/5.035 secs] [Times: user=1.24 sys=0.18, real=5.03 secs] 
470.505: [GC (CMS Final Remark) [YG occupancy: 1217863 K (1572864 K)]470.505: [Rescan (parallel) , 0.0662577 secs]470.571: [weak refs processing, 0.0000120 secs]470.571: [class unloading, 0.0013453 secs]470.573: [scrub symbol table, 0.0005624 secs]470.573: [scrub string table, 0.0003636 secs][1 CMS-remark: 3315109K(3495296K)] 4532972K(5068160K), 0.0688893 secs] [Times: user=0.48 sys=0.02, real=0.08 secs] 
470.574: [CMS-concurrent-sweep-start]
470.716: [CMS-concurrent-sweep: 0.142/0.142 secs] [Times: user=0.14 sys=0.02, real=0.14 secs] 
470.716: [CMS-concurrent-reset-start]
470.723: [CMS-concurrent-reset: 0.006/0.006 secs] [Times: user=0.01 sys=0.00, real=0.00 secs] 
472.722: [GC (CMS Initial Mark) [1 CMS-initial-mark: 3315109K(3495296K)] 4532972K(5068160K), 0.0584972 secs] [Times: user=0.33 sys=0.01, real=0.06 secs] 
472.781: [CMS-concurrent-mark-start]
473.029: [CMS-concurrent-mark: 0.248/0.248 secs] [Times: user=0.50 sys=0.01, real=0.25 secs] 
473.029: [CMS-concurrent-preclean-start]
473.033: [CMS-concurrent-preclean: 0.004/0.004 secs] [Times: user=0.00 sys=0.00, real=0.00 secs] 
473.033: [CMS-concurrent-abortable-preclean-start]
 CMS: abort preclean due to time 478.089: [CMS-concurrent-abortable-preclean: 0.204/5.056 secs] [Times: user=0.26 sys=0.19, real=5.06 secs] 
478.606: [GC (CMS Final Remark) [YG occupancy: 1219473 K (1572864 K)]478.606: [Rescan (parallel) , 0.0680574 secs]478.674: [weak refs processing, 0.0000123 secs]478.674: [class unloading, 0.0015514 secs]478.676: [scrub symbol table, 0.0006758 secs]478.677: [scrub string table, 0.0003341 secs][1 CMS-remark: 3315109K(3495296K)] 4534582K(5068160K), 0.0708642 secs] [Times: user=0.53 sys=0.00, real=0.07 secs] 
478.677: [CMS-concurrent-sweep-start]
478.819: [CMS-concurrent-sweep: 0.142/0.142 secs] [Times: user=0.15 sys=0.01, real=0.14 secs] 
478.819: [CMS-concurrent-reset-start]
478.826: [CMS-concurrent-reset: 0.006/0.006 secs] [Times: user=0.01 sys=0.00, real=0.01 secs] 
480.825: [GC (CMS Initial Mark) [1 CMS-initial-mark: 3315109K(3495296K)] 4534582K(5068160K), 0.0596938 secs] [Times: user=0.33 sys=0.00, real=0.05 secs] 
480.885: [CMS-concurrent-mark-start]
481.050: [CMS-concurrent-mark: 0.165/0.165 secs] [Times: user=0.33 sys=0.01, real=0.17 secs] 
481.050: [CMS-concurrent-preclean-start]
481.053: [CMS-concurrent-preclean: 0.004/0.004 secs] [Times: user=0.01 sys=0.00, real=0.01 secs] 
481.053: [CMS-concurrent-abortable-preclean-start]
 CMS: abort preclean due to time 486.088: [CMS-concurrent-abortable-preclean: 0.203/5.035 secs] [Times: user=0.30 sys=0.13, real=5.03 secs] 
486.089: [GC (CMS Final Remark) [YG occupancy: 1219864 K (1572864 K)]486.089: [Rescan (parallel) , 0.0670179 secs]486.156: [weak refs processing, 0.0000143 secs]486.156: [class unloading, 0.0013325 secs]486.157: [scrub symbol table, 0.0005726 secs]486.158: [scrub string table, 0.0002992 secs][1 CMS-remark: 3315109K(3495296K)] 4534973K(5068160K), 0.0694407 secs] [Times: user=0.54 sys=0.00, real=0.07 secs] 
486.158: [CMS-concurrent-sweep-start]
486.300: [CMS-concurrent-sweep: 0.142/0.142 secs] [Times: user=0.14 sys=0.01, real=0.14 secs] 
486.300: [CMS-concurrent-reset-start]
486.306: [CMS-concurrent-reset: 0.006/0.006 secs] [Times: user=0.01 sys=0.00, real=0.01 secs] 
488.890: [GC (CMS Initial Mark) [1 CMS-initial-mark: 3315109K(3495296K)] 4535169K(5068160K), 0.0583571 secs] [Times: user=0.32 sys=0.00, real=0.06 secs] 
488.949: [CMS-concurrent-mark-start]
489.120: [CMS-concurrent-mark: 0.170/0.171 secs] [Times: user=0.35 sys=0.00, real=0.17 secs] 
489.120: [CMS-concurrent-preclean-start]
489.124: [CMS-concurrent-preclean: 0.004/0.004 secs] [Times: user=0.01 sys=0.00, real=0.00 secs] 
489.124: [CMS-concurrent-abortable-preclean-start]
 CMS: abort preclean due to time 494.213: [CMS-concurrent-abortable-preclean: 0.205/5.088 secs] [Times: user=0.25 sys=0.20, real=5.09 secs] 
494.213: [GC (CMS Final Remark) [YG occupancy: 1221802 K (1572864 K)]494.213: [Rescan (parallel) , 0.0661026 secs]494.279: [weak refs processing, 0.0000125 secs]494.279: [class unloading, 0.0016547 secs]494.281: [scrub symbol table, 0.0008856 secs]494.281: [scrub string table, 0.0002866 secs][1 CMS-remark: 3315109K(3495296K)] 4536912K(5068160K), 0.0692247 secs] [Times: user=0.52 sys=0.00, real=0.07 secs] 
494.282: [CMS-concurrent-sweep-start]
494.429: [CMS-concurrent-sweep: 0.147/0.147 secs] [Times: user=0.14 sys=0.01, real=0.15 secs] 
494.429: [CMS-concurrent-reset-start]
494.435: [CMS-concurrent-reset: 0.006/0.006 secs] [Times: user=0.01 sys=0.00, real=0.01 secs] 
496.435: [GC (CMS Initial Mark) [1 CMS-initial-mark: 3315109K(3495296K)] 4537205K(5068160K), 0.0607193 secs] [Times: user=0.34 sys=0.00, real=0.06 secs] 
496.496: [CMS-concurrent-mark-start]
496.659: [CMS-concurrent-mark: 0.163/0.163 secs] [Times: user=0.33 sys=0.00, real=0.16 secs] 
496.659: [CMS-concurrent-preclean-start]
496.662: [CMS-concurrent-preclean: 0.003/0.003 secs] [Times: user=0.01 sys=0.00, real=0.00 secs] 
496.662: [CMS-concurrent-abortable-preclean-start]
 CMS: abort preclean due to time 501.674: [CMS-concurrent-abortable-preclean: 0.202/5.012 secs] [Times: user=0.26 sys=0.17, real=5.02 secs] 
501.674: [GC (CMS Final Remark) [YG occupancy: 1222194 K (1572864 K)]501.674: [Rescan (parallel) , 0.0659037 secs]501.740: [weak refs processing, 0.0000220 secs]501.740: [class unloading, 0.0013481 secs]501.742: [scrub symbol table, 0.0005595 secs]501.742: [scrub string table, 0.0002486 secs][1 CMS-remark: 3315109K(3495296K)] 4537303K(5068160K), 0.0683243 secs] [Times: user=0.52 sys=0.01, real=0.06 secs] 
501.743: [CMS-concurrent-sweep-start]
501.884: [CMS-concurrent-sweep: 0.141/0.141 secs] [Times: user=0.14 sys=0.00, real=0.14 secs] 
501.884: [CMS-concurrent-reset-start]
501.890: [CMS-concurrent-reset: 0.006/0.006 secs] [Times: user=0.01 sys=0.00, real=0.01 secs] 
504.283: [GC (CMS Initial Mark) [1 CMS-initial-mark: 3315109K(3495296K)] 4537303K(5068160K), 0.0634876 secs] [Times: user=0.33 sys=0.00, real=0.07 secs] 
504.347: [CMS-concurrent-mark-start]
504.519: [CMS-concurrent-mark: 0.171/0.172 secs] [Times: user=0.35 sys=0.00, real=0.17 secs] 
504.519: [CMS-concurrent-preclean-start]
504.522: [CMS-concurrent-preclean: 0.004/0.004 secs] [Times: user=0.00 sys=0.00, real=0.00 secs] 
504.522: [CMS-concurrent-abortable-preclean-start]
 CMS: abort preclean due to time 509.542: [CMS-concurrent-abortable-preclean: 0.203/5.020 secs] [Times: user=0.27 sys=0.11, real=5.02 secs] 
510.390: [GC (CMS Final Remark) [YG occupancy: 1223803 K (1572864 K)]510.390: [Rescan (parallel) , 0.0636437 secs]510.453: [weak refs processing, 0.0000115 secs]510.454: [class unloading, 0.0013318 secs]510.455: [scrub symbol table, 0.0005490 secs]510.455: [scrub string table, 0.0003169 secs][1 CMS-remark: 3315109K(3495296K)] 4538913K(5068160K), 0.0661526 secs] [Times: user=0.50 sys=0.00, real=0.07 secs] 
510.456: [CMS-concurrent-sweep-start]
510.597: [CMS-concurrent-sweep: 0.141/0.141 secs] [Times: user=0.14 sys=0.01, real=0.14 secs] 
510.597: [CMS-concurrent-reset-start]
510.604: [CMS-concurrent-reset: 0.006/0.006 secs] [Times: user=0.01 sys=0.00, real=0.00 secs] 
512.603: [GC (CMS Initial Mark) [1 CMS-initial-mark: 3315109K(3495296K)] 4538913K(5068160K), 0.0586059 secs] [Times: user=0.33 sys=0.00, real=0.06 secs] 
512.662: [CMS-concurrent-mark-start]
512.835: [CMS-concurrent-mark: 0.172/0.173 secs] [Times: user=0.36 sys=0.01, real=0.18 secs] 
512.835: [CMS-concurrent-preclean-start]
512.839: [CMS-concurrent-preclean: 0.004/0.004 secs] [Times: user=0.00 sys=0.00, real=0.00 secs] 
512.839: [CMS-concurrent-abortable-preclean-start]
 CMS: abort preclean due to time 517.920: [CMS-concurrent-abortable-preclean: 0.201/5.081 secs] [Times: user=0.28 sys=0.14, real=5.08 secs] 
517.920: [GC (CMS Final Remark) [YG occupancy: 1223803 K (1572864 K)]517.920: [Rescan (parallel) , 0.0659902 secs]517.986: [weak refs processing, 0.0000216 secs]517.986: [class unloading, 0.0013028 secs]517.987: [scrub symbol table, 0.0005405 secs]517.988: [scrub string table, 0.0002647 secs][1 CMS-remark: 3315109K(3495296K)] 4538913K(5068160K), 0.0683460 secs] [Times: user=0.52 sys=0.01, real=0.07 secs] 
517.988: [CMS-concurrent-sweep-start]
518.131: [CMS-concurrent-sweep: 0.142/0.142 secs] [Times: user=0.14 sys=0.00, real=0.14 secs] 
518.131: [CMS-concurrent-reset-start]
518.137: [CMS-concurrent-reset: 0.006/0.006 secs] [Times: user=0.01 sys=0.00, real=0.01 secs] 
520.137: [GC (CMS Initial Mark) [1 CMS-initial-mark: 3315109K(3495296K)] 4538913K(5068160K), 0.0590628 secs] [Times: user=0.35 sys=0.00, real=0.06 secs] 
520.196: [CMS-concurrent-mark-start]
520.360: [CMS-concurrent-mark: 0.164/0.164 secs] [Times: user=0.32 sys=0.01, real=0.16 secs] 
520.360: [CMS-concurrent-preclean-start]
520.366: [CMS-concurrent-preclean: 0.006/0.006 secs] [Times: user=0.01 sys=0.00, real=0.01 secs] 
520.366: [CMS-concurrent-abortable-preclean-start]
 CMS: abort preclean due to time 525.442: [CMS-concurrent-abortable-preclean: 0.204/5.076 secs] [Times: user=0.26 sys=0.19, real=5.07 secs] 
525.442: [GC (CMS Final Remark) [YG occupancy: 1225350 K (1572864 K)]525.442: [Rescan (parallel) , 0.0599842 secs]525.502: [weak refs processing, 0.0000313 secs]525.502: [class unloading, 0.0013569 secs]525.503: [scrub symbol table, 0.0005392 secs]525.504: [scrub string table, 0.0002456 secs][1 CMS-remark: 3315109K(3495296K)] 4540460K(5068160K), 0.0623975 secs] [Times: user=0.46 sys=0.00, real=0.06 secs] 
525.504: [CMS-concurrent-sweep-start]
525.647: [CMS-concurrent-sweep: 0.142/0.142 secs] [Times: user=0.14 sys=0.01, real=0.15 secs] 
525.647: [CMS-concurrent-reset-start]
525.653: [CMS-concurrent-reset: 0.006/0.006 secs] [Times: user=0.00 sys=0.00, real=0.00 secs] 
527.653: [GC (CMS Initial Mark) [1 CMS-initial-mark: 3315109K(3495296K)] 4540460K(5068160K), 0.0601835 secs] [Times: user=0.35 sys=0.00, real=0.06 secs] 
527.713: [CMS-concurrent-mark-start]
527.879: [CMS-concurrent-mark: 0.165/0.166 secs] [Times: user=0.33 sys=0.01, real=0.17 secs] 
527.879: [CMS-concurrent-preclean-start]
527.882: [CMS-concurrent-preclean: 0.004/0.004 secs] [Times: user=0.00 sys=0.00, real=0.00 secs] 
527.882: [CMS-concurrent-abortable-preclean-start]
 CMS: abort preclean due to time 532.922: [CMS-concurrent-abortable-preclean: 0.200/5.039 secs] [Times: user=2.19 sys=0.16, real=5.04 secs] 
532.922: [GC (CMS Final Remark) [YG occupancy: 1320734 K (1572864 K)]532.922: [Rescan (parallel) , 0.0707498 secs]532.993: [weak refs processing, 0.0000176 secs]532.993: [class unloading, 0.0013780 secs]532.994: [scrub symbol table, 0.0006306 secs]532.995: [scrub string table, 0.0002517 secs][1 CMS-remark: 3315109K(3495296K)] 4635844K(5068160K), 0.0733197 secs] [Times: user=0.56 sys=0.00, real=0.08 secs] 
532.995: [CMS-concurrent-sweep-start]
533.141: [CMS-concurrent-sweep: 0.146/0.146 secs] [Times: user=0.31 sys=0.00, real=0.14 secs] 
533.141: [CMS-concurrent-reset-start]
533.148: [CMS-concurrent-reset: 0.007/0.007 secs] [Times: user=0.01 sys=0.00, real=0.01 secs] 
535.147: [GC (CMS Initial Mark) [1 CMS-initial-mark: 3315109K(3495296K)] 4675545K(5068160K), 0.0626258 secs] [Times: user=0.40 sys=0.00, real=0.06 secs] 
535.210: [CMS-concurrent-mark-start]
535.411: [CMS-concurrent-mark: 0.201/0.201 secs] [Times: user=0.62 sys=0.00, real=0.20 secs] 
535.411: [CMS-concurrent-preclean-start]
535.415: [CMS-concurrent-preclean: 0.004/0.004 secs] [Times: user=0.00 sys=0.00, real=0.01 secs] 
535.415: [CMS-concurrent-abortable-preclean-start]
537.904: [GC (Allocation Failure) 537.905: [ParNew (promotion failed): 1398144K->1572864K(1572864K), 0.3848446 secs]538.289: [CMS538.486: [CMS-concurrent-abortable-preclean: 0.231/3.072 secs] [Times: user=2.57 sys=0.14, real=3.07 secs] 
 (concurrent mode failure): 3315114K->3315109K(3495296K), 1.0543596 secs] 4713253K->3801124K(5068160K), [Metaspace: 10078K->10078K(1058816K)], 1.4393062 secs] [Times: user=2.41 sys=0.01, real=1.44 secs] 
541.343: [GC (CMS Initial Mark) [1 CMS-initial-mark: 3315109K(3495296K)] 3896392K(5068160K), 0.0437997 secs] [Times: user=0.08 sys=0.00, real=0.05 secs] 
541.387: [CMS-concurrent-mark-start]
541.642: [CMS-concurrent-mark: 0.255/0.255 secs] [Times: user=0.75 sys=0.02, real=0.25 secs] 
541.642: [CMS-concurrent-preclean-start]
541.848: [CMS-concurrent-preclean: 0.206/0.206 secs] [Times: user=0.24 sys=0.01, real=0.21 secs] 
541.848: [CMS-concurrent-abortable-preclean-start]
 CMS: abort preclean due to time 546.922: [CMS-concurrent-abortable-preclean: 0.203/5.074 secs] [Times: user=1.61 sys=0.16, real=5.07 secs] 
546.922: [GC (CMS Final Remark) [YG occupancy: 656660 K (1572864 K)]546.922: [Rescan (parallel) , 0.0592263 secs]546.982: [weak refs processing, 0.0000220 secs]546.982: [class unloading, 0.0014352 secs]546.983: [scrub symbol table, 0.0007759 secs]546.984: [scrub string table, 0.0002734 secs][1 CMS-remark: 3315109K(3495296K)] 3971769K(5068160K), 0.0619717 secs] [Times: user=0.46 sys=0.00, real=0.06 secs] 
546.984: [CMS-concurrent-sweep-start]
547.123: [CMS-concurrent-sweep: 0.139/0.139 secs] [Times: user=0.14 sys=0.00, real=0.14 secs] 
547.124: [CMS-concurrent-reset-start]
547.130: [CMS-concurrent-reset: 0.006/0.006 secs] [Times: user=0.00 sys=0.00, real=0.01 secs] 
549.130: [GC (CMS Initial Mark) [1 CMS-initial-mark: 3315109K(3495296K)] 3972026K(5068160K), 0.0457148 secs] [Times: user=0.10 sys=0.00, real=0.05 secs] 
549.176: [CMS-concurrent-mark-start]
549.418: [CMS-concurrent-mark: 0.242/0.242 secs] [Times: user=0.49 sys=0.00, real=0.24 secs] 
549.418: [CMS-concurrent-preclean-start]
549.422: [CMS-concurrent-preclean: 0.004/0.004 secs] [Times: user=0.00 sys=0.00, real=0.00 secs] 
549.422: [CMS-concurrent-abortable-preclean-start]
 CMS: abort preclean due to time 554.442: [CMS-concurrent-abortable-preclean: 0.198/5.021 secs] [Times: user=0.32 sys=0.17, real=5.02 secs] 
554.530: [GC (CMS Final Remark) [YG occupancy: 657515 K (1572864 K)]554.530: [Rescan (parallel) , 0.0582100 secs]554.588: [weak refs processing, 0.0000119 secs]554.588: [class unloading, 0.0013316 secs]554.589: [scrub symbol table, 0.0005702 secs]554.590: [scrub string table, 0.0002453 secs][1 CMS-remark: 3315109K(3495296K)] 3972624K(5068160K), 0.0605706 secs] [Times: user=0.43 sys=0.00, real=0.06 secs] 
554.590: [CMS-concurrent-sweep-start]
554.732: [CMS-concurrent-sweep: 0.141/0.141 secs] [Times: user=0.14 sys=0.00, real=0.14 secs] 
554.732: [CMS-concurrent-reset-start]
554.738: [CMS-concurrent-reset: 0.006/0.006 secs] [Times: user=0.01 sys=0.00, real=0.01 secs] 
808.312: [GC (Allocation Failure) 808.312: [ParNew: 1255587K->174720K(1572864K), 0.2902491 secs] 4308440K->3338704K(5068160K), 0.2903101 secs] [Times: user=1.22 sys=0.03, real=0.29 secs] 
Heap
 par new generation   total 1572864K, used 788109K [0x0000000680000000, 0x00000006eaaa0000, 0x00000006eaaa0000)
  eden space 1398144K,  43% used [0x0000000680000000, 0x00000006a5703580, 0x00000006d5560000)
  from space 174720K, 100% used [0x00000006e0000000, 0x00000006eaaa0000, 0x00000006eaaa0000)
  to   space 174720K,   0% used [0x00000006d5560000, 0x00000006d5560000, 0x00000006e0000000)
 concurrent mark-sweep generation total 3495296K, used 3163984K [0x00000006eaaa0000, 0x00000007c0000000, 0x00000007c0000000)
 Metaspace       used 10106K, capacity 10468K, committed 10496K, reserved 1058816K
  class space    used 1169K, capacity 1259K, committed 1280K, reserved 1048576K
